  Determining projects to restore...
  All projects are up-to-date for restore.
  Jira.Api -> C:\Users\DavidBond\source\repos\panoramicdata\Jira.Api\Jira.Api\bin\Debug\net10.0\Jira.Api.dll

Build succeeded.
    0 Warning(s)
    0 Error(s)

Time Elapsed 00:00:00.92
