C:\Users\DavidBond\source\repos\panoramicdata\Jira.Api\Jira.Api\OAuth\JiraOAuthRestClient.cs(25,36): warning CS8625: Cannot convert null literal to non-nullable reference type. [C:\Users\DavidBond\source\repos\panoramicdata\Jira.Api\Jira.Api\Jira.Api.csproj::TargetFramework=net10.0]
C:\Users\DavidBond\source\repos\panoramicdata\Jira.Api\Jira.Api\Linq\ExpressionEvaluator.cs(57,30): warning CS8765: Nullability of type of parameter 'exp' doesn't match overridden member (possibly because of nullability attributes). [C:\Users\DavidBond\source\repos\panoramicdata\Jira.Api\Jira.Api\Jira.Api.csproj::TargetFramework=net10.0]
C:\Users\DavidBond\source\repos\panoramicdata\Jira.Api\Jira.Api\Linq\ExpressionEvaluator.cs(107,30): warning CS8765: Nullability of type of parameter 'expression' doesn't match overridden member (possibly because of nullability attributes). [C:\Users\DavidBond\source\repos\panoramicdata\Jira.Api\Jira.Api\Jira.Api.csproj::TargetFramework=net10.0]
C:\Users\DavidBond\source\repos\panoramicdata\Jira.Api\Jira.Api\Services\ExtensionMethods.cs(27,78): warning CS8625: Cannot convert null literal to non-nullable reference type. [C:\Users\DavidBond\source\repos\panoramicdata\Jira.Api\Jira.Api\Jira.Api.csproj::TargetFramework=net10.0]
C:\Users\DavidBond\source\repos\panoramicdata\Jira.Api\Jira.Api\JiraRestClient.cs(115,29): warning CS8613: Nullability of reference types in return type of 'Task<JToken?> JiraRestClient.ExecuteRequestAsync(Method method, string resource, object? requestBody, CancellationToken cancellationToken)' doesn't match implicitly implemented member 'Task<JToken> IJiraRestClient.ExecuteRequestAsync(Method method, string resource, object? requestBody, CancellationToken cancellationToken)'. [C:\Users\DavidBond\source\repos\panoramicdata\Jira.Api\Jira.Api\Jira.Api.csproj::TargetFramework=net10.0]
C:\Users\DavidBond\source\repos\panoramicdata\Jira.Api\Jira.Api\JiraRestClient.cs(92,24): warning CS8613: Nullability of reference types in return type of 'Task<T?> JiraRestClient.ExecuteRequestAsync<T>(Method method, string resource, object? requestBody, CancellationToken cancellationToken)' doesn't match implicitly implemented member 'Task<T> IJiraRestClient.ExecuteRequestAsync<T>(Method method, string resource, object? requestBody, CancellationToken cancellationToken)'. [C:\Users\DavidBond\source\repos\panoramicdata\Jira.Api\Jira.Api\Jira.Api.csproj::TargetFramework=net10.0]
C:\Users\DavidBond\source\repos\panoramicdata\Jira.Api\Jira.Api\Services\DateFixupJsonConverter.cs(22,25): warning CS8765: Nullability of type of parameter 'existingValue' doesn't match overridden member (possibly because of nullability attributes). [C:\Users\DavidBond\source\repos\panoramicdata\Jira.Api\Jira.Api\Jira.Api.csproj::TargetFramework=net10.0]
C:\Users\DavidBond\source\repos\panoramicdata\Jira.Api\Jira.Api\Services\DateFixupJsonConverter.cs(30,23): warning CS8765: Nullability of type of parameter 'value' doesn't match overridden member (possibly because of nullability attributes). [C:\Users\DavidBond\source\repos\panoramicdata\Jira.Api\Jira.Api\Jira.Api.csproj::TargetFramework=net10.0]
C:\Users\DavidBond\source\repos\panoramicdata\Jira.Api\Jira.Api\Services\IssueLinkService.cs(10,14): warning CS8767: Nullability of reference types in type of parameter 'comment' of 'Task IssueLinkService.CreateLinkAsync(string outwardIssueKey, string inwardIssueKey, string linkName, string comment, CancellationToken cancellationToken)' doesn't match implicitly implemented member 'Task IIssueLinkService.CreateLinkAsync(string outwardIssueKey, string inwardIssueKey, string linkName, string? comment = null, CancellationToken cancellationToken = default(CancellationToken))' (possibly because of nullability attributes). [C:\Users\DavidBond\source\repos\panoramicdata\Jira.Api\Jira.Api\Jira.Api.csproj::TargetFramework=net10.0]
C:\Users\DavidBond\source\repos\panoramicdata\Jira.Api\Jira.Api\Services\IssueRemoteLinkService.cs(9,14): warning CS8767: Nullability of reference types in type of parameter 'summary' of 'Task IssueRemoteLinkService.CreateRemoteLinkAsync(string issueKey, string remoteUrl, string title, string summary, CancellationToken cancellationToken)' doesn't match implicitly implemented member 'Task IIssueRemoteLinkService.CreateRemoteLinkAsync(string issueKey, string remoteUrl, string title, string? summary = null, CancellationToken cancellationToken = default(CancellationToken))' (possibly because of nullability attributes). [C:\Users\DavidBond\source\repos\panoramicdata\Jira.Api\Jira.Api\Jira.Api.csproj::TargetFramework=net10.0]
C:\Users\DavidBond\source\repos\panoramicdata\Jira.Api\Jira.Api\Models\ComparableString.cs(167,23): warning CS8765: Nullability of type of parameter 'obj' doesn't match overridden member (possibly because of nullability attributes). [C:\Users\DavidBond\source\repos\panoramicdata\Jira.Api\Jira.Api\Jira.Api.csproj::TargetFramework=net10.0]
C:\Users\DavidBond\source\repos\panoramicdata\Jira.Api\Jira.Api\Services\JiraUserJsonConverter.cs(28,25): warning CS8765: Nullability of type of parameter 'existingValue' doesn't match overridden member (possibly because of nullability attributes). [C:\Users\DavidBond\source\repos\panoramicdata\Jira.Api\Jira.Api\Jira.Api.csproj::TargetFramework=net10.0]
C:\Users\DavidBond\source\repos\panoramicdata\Jira.Api\Jira.Api\Services\JiraUserJsonConverter.cs(37,23): warning CS8765: Nullability of type of parameter 'value' doesn't match overridden member (possibly because of nullability attributes). [C:\Users\DavidBond\source\repos\panoramicdata\Jira.Api\Jira.Api\Jira.Api.csproj::TargetFramework=net10.0]
C:\Users\DavidBond\source\repos\panoramicdata\Jira.Api\Jira.Api\Services\NestedValueJsonConverter.cs(24,23): warning CS8765: Nullability of type of parameter 'value' doesn't match overridden member (possibly because of nullability attributes). [C:\Users\DavidBond\source\repos\panoramicdata\Jira.Api\Jira.Api\Jira.Api.csproj::TargetFramework=net10.0]
C:\Users\DavidBond\source\repos\panoramicdata\Jira.Api\Jira.Api\Services\NestedValueJsonConverter.cs(33,25): warning CS8765: Nullability of type of parameter 'existingValue' doesn't match overridden member (possibly because of nullability attributes). [C:\Users\DavidBond\source\repos\panoramicdata\Jira.Api\Jira.Api\Jira.Api.csproj::TargetFramework=net10.0]
C:\Users\DavidBond\source\repos\panoramicdata\Jira.Api\Jira.Api\Models\JiraNamedResource.cs(34,22): warning CS8766: Nullability of reference types in return type of 'string? JiraNamedResource.Id.get' doesn't match implicitly implemented member 'string IJiraEntity.Id.get' (possibly because of nullability attributes). [C:\Users\DavidBond\source\repos\panoramicdata\Jira.Api\Jira.Api\Jira.Api.csproj::TargetFramework=net10.0]
C:\Users\DavidBond\source\repos\panoramicdata\Jira.Api\Jira.Api\Models\JiraNamedEntity.cs(83,14): warning CS8767: Nullability of reference types in type of parameter 'x' of 'bool JiraEntityNameEqualityComparer.Equals(JiraNamedEntity x, JiraNamedEntity y)' doesn't match implicitly implemented member 'bool IEqualityComparer<JiraNamedEntity>.Equals(JiraNamedEntity? x, JiraNamedEntity? y)' (possibly because of nullability attributes). [C:\Users\DavidBond\source\repos\panoramicdata\Jira.Api\Jira.Api\Jira.Api.csproj::TargetFramework=net10.0]
C:\Users\DavidBond\source\repos\panoramicdata\Jira.Api\Jira.Api\Models\JiraNamedEntity.cs(83,14): warning CS8767: Nullability of reference types in type of parameter 'y' of 'bool JiraEntityNameEqualityComparer.Equals(JiraNamedEntity x, JiraNamedEntity y)' doesn't match implicitly implemented member 'bool IEqualityComparer<JiraNamedEntity>.Equals(JiraNamedEntity? x, JiraNamedEntity? y)' (possibly because of nullability attributes). [C:\Users\DavidBond\source\repos\panoramicdata\Jira.Api\Jira.Api\Jira.Api.csproj::TargetFramework=net10.0]
C:\Users\DavidBond\source\repos\panoramicdata\Jira.Api\Jira.Api\Models\JiraUser.cs(92,23): warning CS8765: Nullability of type of parameter 'other' doesn't match overridden member (possibly because of nullability attributes). [C:\Users\DavidBond\source\repos\panoramicdata\Jira.Api\Jira.Api\Jira.Api.csproj::TargetFramework=net10.0]
C:\Users\DavidBond\source\repos\panoramicdata\Jira.Api\Jira.Api\Services\RemoteIssueJsonConverter.cs(43,25): warning CS8765: Nullability of type of parameter 'existingValue' doesn't match overridden member (possibly because of nullability attributes). [C:\Users\DavidBond\source\repos\panoramicdata\Jira.Api\Jira.Api\Jira.Api.csproj::TargetFramework=net10.0]
C:\Users\DavidBond\source\repos\panoramicdata\Jira.Api\Jira.Api\Services\RemoteIssueJsonConverter.cs(73,23): warning CS8765: Nullability of type of parameter 'value' doesn't match overridden member (possibly because of nullability attributes). [C:\Users\DavidBond\source\repos\panoramicdata\Jira.Api\Jira.Api\Jira.Api.csproj::TargetFramework=net10.0]
C:\Users\DavidBond\source\repos\panoramicdata\Jira.Api\Jira.Api\Services\IssueService.cs(191,20): warning CS8767: Nullability of reference types in type of parameter 'updates' of 'Task IssueService.ExecuteWorkflowActionAsync(Issue issue, string actionNameOrId, WorkflowTransitionUpdates updates, CancellationToken cancellationToken)' doesn't match implicitly implemented member 'Task IIssueService.ExecuteWorkflowActionAsync(Issue issue, string actionNameOrId, WorkflowTransitionUpdates? updates, CancellationToken cancellationToken = default(CancellationToken))' (possibly because of nullability attributes). [C:\Users\DavidBond\source\repos\panoramicdata\Jira.Api\Jira.Api\Jira.Api.csproj::TargetFramework=net10.0]
C:\Users\DavidBond\source\repos\panoramicdata\Jira.Api\Jira.Api\Services\JiraRemoteTypes.cs(2269,17): warning CS8618: Non-nullable property 'Id' must contain a non-null value when exiting constructor. Consider adding the 'required' modifier or declaring the property as nullable. [C:\Users\DavidBond\source\repos\panoramicdata\Jira.Api\Jira.Api\Jira.Api.csproj::TargetFramework=net10.0]
C:\Users\DavidBond\source\repos\panoramicdata\Jira.Api\Jira.Api\Services\JiraRemoteTypes.cs(2242,17): warning CS8618: Non-nullable property 'Name' must contain a non-null value when exiting constructor. Consider adding the 'required' modifier or declaring the property as nullable. [C:\Users\DavidBond\source\repos\panoramicdata\Jira.Api\Jira.Api\Jira.Api.csproj::TargetFramework=net10.0]
C:\Users\DavidBond\source\repos\panoramicdata\Jira.Api\Jira.Api\Services\JiraRemoteTypes.cs(2233,17): warning CS8618: Non-nullable property 'type' must contain a non-null value when exiting constructor. Consider adding the 'required' modifier or declaring the property as nullable. [C:\Users\DavidBond\source\repos\panoramicdata\Jira.Api\Jira.Api\Jira.Api.csproj::TargetFramework=net10.0]
C:\Users\DavidBond\source\repos\panoramicdata\Jira.Api\Jira.Api\Services\JiraRemoteTypes.cs(2223,17): warning CS8618: Non-nullable property 'self' must contain a non-null value when exiting constructor. Consider adding the 'required' modifier or declaring the property as nullable. [C:\Users\DavidBond\source\repos\panoramicdata\Jira.Api\Jira.Api\Jira.Api.csproj::TargetFramework=net10.0]
C:\Users\DavidBond\source\repos\panoramicdata\Jira.Api\Jira.Api\Services\JiraRemoteTypes.cs(2224,17): warning CS8618: Non-nullable property 'key' must contain a non-null value when exiting constructor. Consider adding the 'required' modifier or declaring the property as nullable. [C:\Users\DavidBond\source\repos\panoramicdata\Jira.Api\Jira.Api\Jira.Api.csproj::TargetFramework=net10.0]
C:\Users\DavidBond\source\repos\panoramicdata\Jira.Api\Jira.Api\Services\JiraRemoteTypes.cs(2217,17): warning CS8618: Non-nullable property 'key' must contain a non-null value when exiting constructor. Consider adding the 'required' modifier or declaring the property as nullable. [C:\Users\DavidBond\source\repos\panoramicdata\Jira.Api\Jira.Api\Jira.Api.csproj::TargetFramework=net10.0]
C:\Users\DavidBond\source\repos\panoramicdata\Jira.Api\Jira.Api\Services\JiraRemoteTypes.cs(2218,17): warning CS8618: Non-nullable property 'value' must contain a non-null value when exiting constructor. Consider adding the 'required' modifier or declaring the property as nullable. [C:\Users\DavidBond\source\repos\panoramicdata\Jira.Api\Jira.Api\Jira.Api.csproj::TargetFramework=net10.0]
C:\Users\DavidBond\source\repos\panoramicdata\Jira.Api\Jira.Api\Services\JiraRemoteTypes.cs(2211,17): warning CS8618: Non-nullable property 'key' must contain a non-null value when exiting constructor. Consider adding the 'required' modifier or declaring the property as nullable. [C:\Users\DavidBond\source\repos\panoramicdata\Jira.Api\Jira.Api\Jira.Api.csproj::TargetFramework=net10.0]
C:\Users\DavidBond\source\repos\panoramicdata\Jira.Api\Jira.Api\Services\JiraRemoteTypes.cs(2212,17): warning CS8618: Non-nullable property 'value' must contain a non-null value when exiting constructor. Consider adding the 'required' modifier or declaring the property as nullable. [C:\Users\DavidBond\source\repos\panoramicdata\Jira.Api\Jira.Api\Jira.Api.csproj::TargetFramework=net10.0]
C:\Users\DavidBond\source\repos\panoramicdata\Jira.Api\Jira.Api\Linq\JqlData.cs(11,16): warning CS8618: Non-nullable property 'Expression' must contain a non-null value when exiting constructor. Consider adding the 'required' modifier or declaring the property as nullable. [C:\Users\DavidBond\source\repos\panoramicdata\Jira.Api\Jira.Api\Jira.Api.csproj::TargetFramework=net10.0]
C:\Users\DavidBond\source\repos\panoramicdata\Jira.Api\Jira.Api\Services\JiraRemoteTypes.cs(2189,17): warning CS8618: Non-nullable property 'baseUrl' must contain a non-null value when exiting constructor. Consider adding the 'required' modifier or declaring the property as nullable. [C:\Users\DavidBond\source\repos\panoramicdata\Jira.Api\Jira.Api\Jira.Api.csproj::TargetFramework=net10.0]
C:\Users\DavidBond\source\repos\panoramicdata\Jira.Api\Jira.Api\Services\JiraRemoteTypes.cs(2190,17): warning CS8618: Non-nullable property 'version' must contain a non-null value when exiting constructor. Consider adding the 'required' modifier or declaring the property as nullable. [C:\Users\DavidBond\source\repos\panoramicdata\Jira.Api\Jira.Api\Jira.Api.csproj::TargetFramework=net10.0]
C:\Users\DavidBond\source\repos\panoramicdata\Jira.Api\Jira.Api\Services\JiraRemoteTypes.cs(2191,16): warning CS8618: Non-nullable property 'versionNumbers' must contain a non-null value when exiting constructor. Consider adding the 'required' modifier or declaring the property as nullable. [C:\Users\DavidBond\source\repos\panoramicdata\Jira.Api\Jira.Api\Jira.Api.csproj::TargetFramework=net10.0]
C:\Users\DavidBond\source\repos\panoramicdata\Jira.Api\Jira.Api\Services\JiraRemoteTypes.cs(2192,17): warning CS8618: Non-nullable property 'deploymentType' must contain a non-null value when exiting constructor. Consider adding the 'required' modifier or declaring the property as nullable. [C:\Users\DavidBond\source\repos\panoramicdata\Jira.Api\Jira.Api\Jira.Api.csproj::TargetFramework=net10.0]
C:\Users\DavidBond\source\repos\panoramicdata\Jira.Api\Jira.Api\Services\JiraRemoteTypes.cs(2196,17): warning CS8618: Non-nullable property 'scmInfo' must contain a non-null value when exiting constructor. Consider adding the 'required' modifier or declaring the property as nullable. [C:\Users\DavidBond\source\repos\panoramicdata\Jira.Api\Jira.Api\Jira.Api.csproj::TargetFramework=net10.0]
C:\Users\DavidBond\source\repos\panoramicdata\Jira.Api\Jira.Api\Services\JiraRemoteTypes.cs(2197,17): warning CS8618: Non-nullable property 'buildPartnerName' must contain a non-null value when exiting constructor. Consider adding the 'required' modifier or declaring the property as nullable. [C:\Users\DavidBond\source\repos\panoramicdata\Jira.Api\Jira.Api\Jira.Api.csproj::TargetFramework=net10.0]
C:\Users\DavidBond\source\repos\panoramicdata\Jira.Api\Jira.Api\Services\JiraRemoteTypes.cs(2198,17): warning CS8618: Non-nullable property 'serverTitle' must contain a non-null value when exiting constructor. Consider adding the 'required' modifier or declaring the property as nullable. [C:\Users\DavidBond\source\repos\panoramicdata\Jira.Api\Jira.Api\Jira.Api.csproj::TargetFramework=net10.0]
C:\Users\DavidBond\source\repos\panoramicdata\Jira.Api\Jira.Api\Services\JiraRemoteTypes.cs(2199,30): warning CS8618: Non-nullable property 'healthChecks' must contain a non-null value when exiting constructor. Consider adding the 'required' modifier or declaring the property as nullable. [C:\Users\DavidBond\source\repos\panoramicdata\Jira.Api\Jira.Api\Jira.Api.csproj::TargetFramework=net10.0]
C:\Users\DavidBond\source\repos\panoramicdata\Jira.Api\Jira.Api\Models\CommentVisibility.cs(13,9): warning CS8618: Non-nullable property 'Type' must contain a non-null value when exiting constructor. Consider adding the 'required' modifier or declaring the property as nullable. [C:\Users\DavidBond\source\repos\panoramicdata\Jira.Api\Jira.Api\Jira.Api.csproj::TargetFramework=net10.0]
C:\Users\DavidBond\source\repos\panoramicdata\Jira.Api\Jira.Api\Models\CommentVisibility.cs(13,9): warning CS8618: Non-nullable property 'Value' must contain a non-null value when exiting constructor. Consider adding the 'required' modifier or declaring the property as nullable. [C:\Users\DavidBond\source\repos\panoramicdata\Jira.Api\Jira.Api\Jira.Api.csproj::TargetFramework=net10.0]
C:\Users\DavidBond\source\repos\panoramicdata\Jira.Api\Jira.Api\Models\Comment.cs(12,68): warning CS8601: Possible null reference assignment. [C:\Users\DavidBond\source\repos\panoramicdata\Jira.Api\Jira.Api\Jira.Api.csproj::TargetFramework=net10.0]
C:\Users\DavidBond\source\repos\panoramicdata\Jira.Api\Jira.Api\Models\Comment.cs(26,43): warning CS8601: Possible null reference assignment. [C:\Users\DavidBond\source\repos\panoramicdata\Jira.Api\Jira.Api\Jira.Api.csproj::TargetFramework=net10.0]
C:\Users\DavidBond\source\repos\panoramicdata\Jira.Api\Jira.Api\Models\Comment.cs(31,39): warning CS8601: Possible null reference assignment. [C:\Users\DavidBond\source\repos\panoramicdata\Jira.Api\Jira.Api\Jira.Api.csproj::TargetFramework=net10.0]
C:\Users\DavidBond\source\repos\panoramicdata\Jira.Api\Jira.Api\Models\Comment.cs(36,53): warning CS8601: Possible null reference assignment. [C:\Users\DavidBond\source\repos\panoramicdata\Jira.Api\Jira.Api\Jira.Api.csproj::TargetFramework=net10.0]
C:\Users\DavidBond\source\repos\panoramicdata\Jira.Api\Jira.Api\Models\Comment.cs(41,37): warning CS8601: Possible null reference assignment. [C:\Users\DavidBond\source\repos\panoramicdata\Jira.Api\Jira.Api\Jira.Api.csproj::TargetFramework=net10.0]
C:\Users\DavidBond\source\repos\panoramicdata\Jira.Api\Jira.Api\Models\Comment.cs(46,43): warning CS8601: Possible null reference assignment. [C:\Users\DavidBond\source\repos\panoramicdata\Jira.Api\Jira.Api\Jira.Api.csproj::TargetFramework=net10.0]
C:\Users\DavidBond\source\repos\panoramicdata\Jira.Api\Jira.Api\Models\Comment.cs(51,42): warning CS8601: Possible null reference assignment. [C:\Users\DavidBond\source\repos\panoramicdata\Jira.Api\Jira.Api\Jira.Api.csproj::TargetFramework=net10.0]
C:\Users\DavidBond\source\repos\panoramicdata\Jira.Api\Jira.Api\Models\Comment.cs(61,53): warning CS8601: Possible null reference assignment. [C:\Users\DavidBond\source\repos\panoramicdata\Jira.Api\Jira.Api\Jira.Api.csproj::TargetFramework=net10.0]
C:\Users\DavidBond\source\repos\panoramicdata\Jira.Api\Jira.Api\Models\Comment.cs(66,59): warning CS8601: Possible null reference assignment. [C:\Users\DavidBond\source\repos\panoramicdata\Jira.Api\Jira.Api\Jira.Api.csproj::TargetFramework=net10.0]
C:\Users\DavidBond\source\repos\panoramicdata\Jira.Api\Jira.Api\Models\Comment.cs(76,54): warning CS8601: Possible null reference assignment. [C:\Users\DavidBond\source\repos\panoramicdata\Jira.Api\Jira.Api\Jira.Api.csproj::TargetFramework=net10.0]
C:\Users\DavidBond\source\repos\panoramicdata\Jira.Api\Jira.Api\Models\Comment.cs(81,45): warning CS8601: Possible null reference assignment. [C:\Users\DavidBond\source\repos\panoramicdata\Jira.Api\Jira.Api\Jira.Api.csproj::TargetFramework=net10.0]
C:\Users\DavidBond\source\repos\panoramicdata\Jira.Api\Jira.Api\Models\Comment.cs(13,37): warning CS8618: Non-nullable field '_propertiesMap' must contain a non-null value when exiting constructor. Consider adding the 'required' modifier or declaring the field as nullable. [C:\Users\DavidBond\source\repos\panoramicdata\Jira.Api\Jira.Api\Jira.Api.csproj::TargetFramework=net10.0]
C:\Users\DavidBond\source\repos\panoramicdata\Jira.Api\Jira.Api\Services\JiraRemoteTypes.cs(538,18): warning CS8618: Non-nullable field 'descriptionField' must contain a non-null value when exiting constructor. Consider adding the 'required' modifier or declaring the field as nullable. [C:\Users\DavidBond\source\repos\panoramicdata\Jira.Api\Jira.Api\Jira.Api.csproj::TargetFramework=net10.0]
C:\Users\DavidBond\source\repos\panoramicdata\Jira.Api\Jira.Api\Services\JiraRemoteTypes.cs(542,18): warning CS8618: Non-nullable field 'nameField' must contain a non-null value when exiting constructor. Consider adding the 'required' modifier or declaring the field as nullable. [C:\Users\DavidBond\source\repos\panoramicdata\Jira.Api\Jira.Api\Jira.Api.csproj::TargetFramework=net10.0]
C:\Users\DavidBond\source\repos\panoramicdata\Jira.Api\Jira.Api\Models\AvatarUrls.cs(14,16): warning CS8618: Non-nullable property 'XSmall' must contain a non-null value when exiting constructor. Consider adding the 'required' modifier or declaring the property as nullable. [C:\Users\DavidBond\source\repos\panoramicdata\Jira.Api\Jira.Api\Jira.Api.csproj::TargetFramework=net10.0]
C:\Users\DavidBond\source\repos\panoramicdata\Jira.Api\Jira.Api\Models\AvatarUrls.cs(20,16): warning CS8618: Non-nullable property 'Small' must contain a non-null value when exiting constructor. Consider adding the 'required' modifier or declaring the property as nullable. [C:\Users\DavidBond\source\repos\panoramicdata\Jira.Api\Jira.Api\Jira.Api.csproj::TargetFramework=net10.0]
C:\Users\DavidBond\source\repos\panoramicdata\Jira.Api\Jira.Api\Models\AvatarUrls.cs(26,16): warning CS8618: Non-nullable property 'Medium' must contain a non-null value when exiting constructor. Consider adding the 'required' modifier or declaring the property as nullable. [C:\Users\DavidBond\source\repos\panoramicdata\Jira.Api\Jira.Api\Jira.Api.csproj::TargetFramework=net10.0]
C:\Users\DavidBond\source\repos\panoramicdata\Jira.Api\Jira.Api\Models\AvatarUrls.cs(32,16): warning CS8618: Non-nullable property 'Large' must contain a non-null value when exiting constructor. Consider adding the 'required' modifier or declaring the property as nullable. [C:\Users\DavidBond\source\repos\panoramicdata\Jira.Api\Jira.Api\Jira.Api.csproj::TargetFramework=net10.0]
C:\Users\DavidBond\source\repos\panoramicdata\Jira.Api\Jira.Api\Services\CustomFieldValueSerializers.cs(65,11): warning CS8601: Possible null reference assignment. [C:\Users\DavidBond\source\repos\panoramicdata\Jira.Api\Jira.Api\Jira.Api.csproj::TargetFramework=net10.0]
C:\Users\DavidBond\source\repos\panoramicdata\Jira.Api\Jira.Api\Services\JiraRemoteTypes.cs(589,17): warning CS8618: Non-nullable property 'accountId' must contain a non-null value when exiting constructor. Consider adding the 'required' modifier or declaring the property as nullable. [C:\Users\DavidBond\source\repos\panoramicdata\Jira.Api\Jira.Api\Jira.Api.csproj::TargetFramework=net10.0]
C:\Users\DavidBond\source\repos\panoramicdata\Jira.Api\Jira.Api\Services\JiraRemoteTypes.cs(590,17): warning CS8618: Non-nullable property 'key' must contain a non-null value when exiting constructor. Consider adding the 'required' modifier or declaring the property as nullable. [C:\Users\DavidBond\source\repos\panoramicdata\Jira.Api\Jira.Api\Jira.Api.csproj::TargetFramework=net10.0]
C:\Users\DavidBond\source\repos\panoramicdata\Jira.Api\Jira.Api\Services\JiraRemoteTypes.cs(591,17): warning CS8618: Non-nullable property 'name' must contain a non-null value when exiting constructor. Consider adding the 'required' modifier or declaring the property as nullable. [C:\Users\DavidBond\source\repos\panoramicdata\Jira.Api\Jira.Api\Jira.Api.csproj::TargetFramework=net10.0]
C:\Users\DavidBond\source\repos\panoramicdata\Jira.Api\Jira.Api\Services\JiraRemoteTypes.cs(592,17): warning CS8618: Non-nullable property 'displayName' must contain a non-null value when exiting constructor. Consider adding the 'required' modifier or declaring the property as nullable. [C:\Users\DavidBond\source\repos\panoramicdata\Jira.Api\Jira.Api\Jira.Api.csproj::TargetFramework=net10.0]
C:\Users\DavidBond\source\repos\panoramicdata\Jira.Api\Jira.Api\Services\JiraRemoteTypes.cs(593,17): warning CS8618: Non-nullable property 'emailAddress' must contain a non-null value when exiting constructor. Consider adding the 'required' modifier or declaring the property as nullable. [C:\Users\DavidBond\source\repos\panoramicdata\Jira.Api\Jira.Api\Jira.Api.csproj::TargetFramework=net10.0]
C:\Users\DavidBond\source\repos\panoramicdata\Jira.Api\Jira.Api\Services\JiraRemoteTypes.cs(595,17): warning CS8618: Non-nullable property 'locale' must contain a non-null value when exiting constructor. Consider adding the 'required' modifier or declaring the property as nullable. [C:\Users\DavidBond\source\repos\panoramicdata\Jira.Api\Jira.Api\Jira.Api.csproj::TargetFramework=net10.0]
C:\Users\DavidBond\source\repos\panoramicdata\Jira.Api\Jira.Api\Services\JiraRemoteTypes.cs(596,17): warning CS8618: Non-nullable property 'self' must contain a non-null value when exiting constructor. Consider adding the 'required' modifier or declaring the property as nullable. [C:\Users\DavidBond\source\repos\panoramicdata\Jira.Api\Jira.Api\Jira.Api.csproj::TargetFramework=net10.0]
C:\Users\DavidBond\source\repos\panoramicdata\Jira.Api\Jira.Api\Services\JiraRemoteTypes.cs(597,21): warning CS8618: Non-nullable property 'avatarUrls' must contain a non-null value when exiting constructor. Consider adding the 'required' modifier or declaring the property as nullable. [C:\Users\DavidBond\source\repos\panoramicdata\Jira.Api\Jira.Api\Jira.Api.csproj::TargetFramework=net10.0]
C:\Users\DavidBond\source\repos\panoramicdata\Jira.Api\Jira.Api\Models\Attachment.cs(27,11): warning CS8603: Possible null reference return. [C:\Users\DavidBond\source\repos\panoramicdata\Jira.Api\Jira.Api\Jira.Api.csproj::TargetFramework=net10.0]
C:\Users\DavidBond\source\repos\panoramicdata\Jira.Api\Jira.Api\Models\CreateIssueFields.cs(21,16): warning CS8618: Non-nullable property 'ParentIssueKey' must contain a non-null value when exiting constructor. Consider adding the 'required' modifier or declaring the property as nullable. [C:\Users\DavidBond\source\repos\panoramicdata\Jira.Api\Jira.Api\Jira.Api.csproj::TargetFramework=net10.0]
C:\Users\DavidBond\source\repos\panoramicdata\Jira.Api\Jira.Api\Models\CreateIssueFields.cs(26,31): warning CS8618: Non-nullable property 'TimeTrackingData' must contain a non-null value when exiting constructor. Consider adding the 'required' modifier or declaring the property as nullable. [C:\Users\DavidBond\source\repos\panoramicdata\Jira.Api\Jira.Api\Jira.Api.csproj::TargetFramework=net10.0]
C:\Users\DavidBond\source\repos\panoramicdata\Jira.Api\Jira.Api\Services\JiraRemoteTypes.cs(448,18): warning CS8618: Non-nullable field 'descriptorField' must contain a non-null value when exiting constructor. Consider adding the 'required' modifier or declaring the field as nullable. [C:\Users\DavidBond\source\repos\panoramicdata\Jira.Api\Jira.Api\Jira.Api.csproj::TargetFramework=net10.0]
C:\Users\DavidBond\source\repos\panoramicdata\Jira.Api\Jira.Api\Services\JiraRemoteTypes.cs(450,18): warning CS8618: Non-nullable field 'parameterField' must contain a non-null value when exiting constructor. Consider adding the 'required' modifier or declaring the field as nullable. [C:\Users\DavidBond\source\repos\panoramicdata\Jira.Api\Jira.Api\Jira.Api.csproj::TargetFramework=net10.0]
C:\Users\DavidBond\source\repos\panoramicdata\Jira.Api\Jira.Api\Services\JiraRemoteTypes.cs(452,29): warning CS8618: Non-nullable field 'projectRoleField' must contain a non-null value when exiting constructor. Consider adding the 'required' modifier or declaring the field as nullable. [C:\Users\DavidBond\source\repos\panoramicdata\Jira.Api\Jira.Api\Jira.Api.csproj::TargetFramework=net10.0]
C:\Users\DavidBond\source\repos\panoramicdata\Jira.Api\Jira.Api\Services\JiraRemoteTypes.cs(454,18): warning CS8618: Non-nullable field 'typeField' must contain a non-null value when exiting constructor. Consider adding the 'required' modifier or declaring the field as nullable. [C:\Users\DavidBond\source\repos\panoramicdata\Jira.Api\Jira.Api\Jira.Api.csproj::TargetFramework=net10.0]
C:\Users\DavidBond\source\repos\panoramicdata\Jira.Api\Jira.Api\Services\JiraRemoteTypes.cs(456,24): warning CS8618: Non-nullable field 'usersField' must contain a non-null value when exiting constructor. Consider adding the 'required' modifier or declaring the field as nullable. [C:\Users\DavidBond\source\repos\panoramicdata\Jira.Api\Jira.Api\Jira.Api.csproj::TargetFramework=net10.0]
C:\Users\DavidBond\source\repos\panoramicdata\Jira.Api\Jira.Api\Models\Worklog.cs(63,13): warning CS8601: Possible null reference assignment. [C:\Users\DavidBond\source\repos\panoramicdata\Jira.Api\Jira.Api\Jira.Api.csproj::TargetFramework=net10.0]
C:\Users\DavidBond\source\repos\panoramicdata\Jira.Api\Jira.Api\Models\Worklog.cs(59,9): warning CS8618: Non-nullable property 'AuthorUser' must contain a non-null value when exiting constructor. Consider adding the 'required' modifier or declaring the property as nullable. [C:\Users\DavidBond\source\repos\panoramicdata\Jira.Api\Jira.Api\Jira.Api.csproj::TargetFramework=net10.0]
C:\Users\DavidBond\source\repos\panoramicdata\Jira.Api\Jira.Api\Models\Worklog.cs(59,9): warning CS8618: Non-nullable property 'Comment' must contain a non-null value when exiting constructor. Consider adding the 'required' modifier or declaring the property as nullable. [C:\Users\DavidBond\source\repos\panoramicdata\Jira.Api\Jira.Api\Jira.Api.csproj::TargetFramework=net10.0]
C:\Users\DavidBond\source\repos\panoramicdata\Jira.Api\Jira.Api\Models\Worklog.cs(59,9): warning CS8618: Non-nullable property 'Id' must contain a non-null value when exiting constructor. Consider adding the 'required' modifier or declaring the property as nullable. [C:\Users\DavidBond\source\repos\panoramicdata\Jira.Api\Jira.Api\Jira.Api.csproj::TargetFramework=net10.0]
C:\Users\DavidBond\source\repos\panoramicdata\Jira.Api\Jira.Api\Services\JiraRemoteTypes.cs(2182,17): warning CS8618: Non-nullable property 'name' must contain a non-null value when exiting constructor. Consider adding the 'required' modifier or declaring the property as nullable. [C:\Users\DavidBond\source\repos\panoramicdata\Jira.Api\Jira.Api\Jira.Api.csproj::TargetFramework=net10.0]
C:\Users\DavidBond\source\repos\panoramicdata\Jira.Api\Jira.Api\Services\JiraRemoteTypes.cs(2183,17): warning CS8618: Non-nullable property 'description' must contain a non-null value when exiting constructor. Consider adding the 'required' modifier or declaring the property as nullable. [C:\Users\DavidBond\source\repos\panoramicdata\Jira.Api\Jira.Api\Jira.Api.csproj::TargetFramework=net10.0]
C:\Users\DavidBond\source\repos\panoramicdata\Jira.Api\Jira.Api\Services\JiraRemoteTypes.cs(609,18): warning CS8618: Non-nullable field 'emailField' must contain a non-null value when exiting constructor. Consider adding the 'required' modifier or declaring the field as nullable. [C:\Users\DavidBond\source\repos\panoramicdata\Jira.Api\Jira.Api\Jira.Api.csproj::TargetFramework=net10.0]
C:\Users\DavidBond\source\repos\panoramicdata\Jira.Api\Jira.Api\Services\JiraRemoteTypes.cs(611,18): warning CS8618: Non-nullable field 'fullnameField' must contain a non-null value when exiting constructor. Consider adding the 'required' modifier or declaring the field as nullable. [C:\Users\DavidBond\source\repos\panoramicdata\Jira.Api\Jira.Api\Jira.Api.csproj::TargetFramework=net10.0]
C:\Users\DavidBond\source\repos\panoramicdata\Jira.Api\Jira.Api\Services\JiraRemoteTypes.cs(613,18): warning CS8618: Non-nullable field 'nameField' must contain a non-null value when exiting constructor. Consider adding the 'required' modifier or declaring the field as nullable. [C:\Users\DavidBond\source\repos\panoramicdata\Jira.Api\Jira.Api\Jira.Api.csproj::TargetFramework=net10.0]
C:\Users\DavidBond\source\repos\panoramicdata\Jira.Api\Jira.Api\Services\CustomFieldValueSerializers.cs(19,11): warning CS8601: Possible null reference assignment. [C:\Users\DavidBond\source\repos\panoramicdata\Jira.Api\Jira.Api\Jira.Api.csproj::TargetFramework=net10.0]
C:\Users\DavidBond\source\repos\panoramicdata\Jira.Api\Jira.Api\Services\JiraRemoteTypes.cs(679,18): warning CS8618: Non-nullable field 'nameField' must contain a non-null value when exiting constructor. Consider adding the 'required' modifier or declaring the field as nullable. [C:\Users\DavidBond\source\repos\panoramicdata\Jira.Api\Jira.Api\Jira.Api.csproj::TargetFramework=net10.0]
C:\Users\DavidBond\source\repos\panoramicdata\Jira.Api\Jira.Api\Services\JiraRemoteTypes.cs(681,24): warning CS8618: Non-nullable field 'usersField' must contain a non-null value when exiting constructor. Consider adding the 'required' modifier or declaring the field as nullable. [C:\Users\DavidBond\source\repos\panoramicdata\Jira.Api\Jira.Api\Jira.Api.csproj::TargetFramework=net10.0]
C:\Users\DavidBond\source\repos\panoramicdata\Jira.Api\Jira.Api\Models\IssueChangeLog.cs(14,16): warning CS8618: Non-nullable property 'Id' must contain a non-null value when exiting constructor. Consider adding the 'required' modifier or declaring the property as nullable. [C:\Users\DavidBond\source\repos\panoramicdata\Jira.Api\Jira.Api\Jira.Api.csproj::TargetFramework=net10.0]
C:\Users\DavidBond\source\repos\panoramicdata\Jira.Api\Jira.Api\Models\IssueChangeLog.cs(20,18): warning CS8618: Non-nullable property 'Author' must contain a non-null value when exiting constructor. Consider adding the 'required' modifier or declaring the property as nullable. [C:\Users\DavidBond\source\repos\panoramicdata\Jira.Api\Jira.Api\Jira.Api.csproj::TargetFramework=net10.0]
C:\Users\DavidBond\source\repos\panoramicdata\Jira.Api\Jira.Api\Models\IssueChangeLog.cs(32,41): warning CS8618: Non-nullable property 'Items' must contain a non-null value when exiting constructor. Consider adding the 'required' modifier or declaring the property as nullable. [C:\Users\DavidBond\source\repos\panoramicdata\Jira.Api\Jira.Api\Jira.Api.csproj::TargetFramework=net10.0]
C:\Users\DavidBond\source\repos\panoramicdata\Jira.Api\Jira.Api\Models\CustomField.cs(27,30): warning CS8603: Possible null reference return. [C:\Users\DavidBond\source\repos\panoramicdata\Jira.Api\Jira.Api\Jira.Api.csproj::TargetFramework=net10.0]
C:\Users\DavidBond\source\repos\panoramicdata\Jira.Api\Jira.Api\Models\CustomField.cs(32,36): warning CS8603: Possible null reference return. [C:\Users\DavidBond\source\repos\panoramicdata\Jira.Api\Jira.Api\Jira.Api.csproj::TargetFramework=net10.0]
C:\Users\DavidBond\source\repos\panoramicdata\Jira.Api\Jira.Api\Services\JiraRemoteTypes.cs(230,12): warning CS8603: Possible null reference return. [C:\Users\DavidBond\source\repos\panoramicdata\Jira.Api\Jira.Api\Jira.Api.csproj::TargetFramework=net10.0]
C:\Users\DavidBond\source\repos\panoramicdata\Jira.Api\Jira.Api\Models\IssueChangeLogItem.cs(14,16): warning CS8618: Non-nullable property 'FieldName' must contain a non-null value when exiting constructor. Consider adding the 'required' modifier or declaring the property as nullable. [C:\Users\DavidBond\source\repos\panoramicdata\Jira.Api\Jira.Api\Jira.Api.csproj::TargetFramework=net10.0]
C:\Users\DavidBond\source\repos\panoramicdata\Jira.Api\Jira.Api\Models\IssueChangeLogItem.cs(20,16): warning CS8618: Non-nullable property 'FieldType' must contain a non-null value when exiting constructor. Consider adding the 'required' modifier or declaring the property as nullable. [C:\Users\DavidBond\source\repos\panoramicdata\Jira.Api\Jira.Api\Jira.Api.csproj::TargetFramework=net10.0]
C:\Users\DavidBond\source\repos\panoramicdata\Jira.Api\Jira.Api\Models\IssueChangeLogItem.cs(26,16): warning CS8618: Non-nullable property 'FromId' must contain a non-null value when exiting constructor. Consider adding the 'required' modifier or declaring the property as nullable. [C:\Users\DavidBond\source\repos\panoramicdata\Jira.Api\Jira.Api\Jira.Api.csproj::TargetFramework=net10.0]
C:\Users\DavidBond\source\repos\panoramicdata\Jira.Api\Jira.Api\Models\IssueChangeLogItem.cs(32,16): warning CS8618: Non-nullable property 'FromValue' must contain a non-null value when exiting constructor. Consider adding the 'required' modifier or declaring the property as nullable. [C:\Users\DavidBond\source\repos\panoramicdata\Jira.Api\Jira.Api\Jira.Api.csproj::TargetFramework=net10.0]
C:\Users\DavidBond\source\repos\panoramicdata\Jira.Api\Jira.Api\Models\IssueChangeLogItem.cs(38,16): warning CS8618: Non-nullable property 'ToId' must contain a non-null value when exiting constructor. Consider adding the 'required' modifier or declaring the property as nullable. [C:\Users\DavidBond\source\repos\panoramicdata\Jira.Api\Jira.Api\Jira.Api.csproj::TargetFramework=net10.0]
C:\Users\DavidBond\source\repos\panoramicdata\Jira.Api\Jira.Api\Models\IssueChangeLogItem.cs(44,16): warning CS8618: Non-nullable property 'ToValue' must contain a non-null value when exiting constructor. Consider adding the 'required' modifier or declaring the property as nullable. [C:\Users\DavidBond\source\repos\panoramicdata\Jira.Api\Jira.Api\Jira.Api.csproj::TargetFramework=net10.0]
C:\Users\DavidBond\source\repos\panoramicdata\Jira.Api\Jira.Api\Services\JiraRemoteTypes.cs(344,18): warning CS8618: Non-nullable field 'base64DataField' must contain a non-null value when exiting constructor. Consider adding the 'required' modifier or declaring the field as nullable. [C:\Users\DavidBond\source\repos\panoramicdata\Jira.Api\Jira.Api\Jira.Api.csproj::TargetFramework=net10.0]
C:\Users\DavidBond\source\repos\panoramicdata\Jira.Api\Jira.Api\Services\JiraRemoteTypes.cs(346,18): warning CS8618: Non-nullable field 'contentTypeField' must contain a non-null value when exiting constructor. Consider adding the 'required' modifier or declaring the field as nullable. [C:\Users\DavidBond\source\repos\panoramicdata\Jira.Api\Jira.Api\Jira.Api.csproj::TargetFramework=net10.0]
C:\Users\DavidBond\source\repos\panoramicdata\Jira.Api\Jira.Api\Services\JiraRemoteTypes.cs(350,18): warning CS8618: Non-nullable field 'ownerField' must contain a non-null value when exiting constructor. Consider adding the 'required' modifier or declaring the field as nullable. [C:\Users\DavidBond\source\repos\panoramicdata\Jira.Api\Jira.Api\Jira.Api.csproj::TargetFramework=net10.0]
C:\Users\DavidBond\source\repos\panoramicdata\Jira.Api\Jira.Api\Services\JiraRemoteTypes.cs(354,18): warning CS8618: Non-nullable field 'typeField' must contain a non-null value when exiting constructor. Consider adding the 'required' modifier or declaring the field as nullable. [C:\Users\DavidBond\source\repos\panoramicdata\Jira.Api\Jira.Api\Jira.Api.csproj::TargetFramework=net10.0]
C:\Users\DavidBond\source\repos\panoramicdata\Jira.Api\Jira.Api\Linq\JiraQueryProvider.cs(63,11): warning CS8603: Possible null reference return. [C:\Users\DavidBond\source\repos\panoramicdata\Jira.Api\Jira.Api\Jira.Api.csproj::TargetFramework=net10.0]
C:\Users\DavidBond\source\repos\panoramicdata\Jira.Api\Jira.Api\Services\CustomFieldValueSerializers.cs(122,37): warning CS8602: Dereference of a possibly null reference. [C:\Users\DavidBond\source\repos\panoramicdata\Jira.Api\Jira.Api\Jira.Api.csproj::TargetFramework=net10.0]
C:\Users\DavidBond\source\repos\panoramicdata\Jira.Api\Jira.Api\Services\JiraRemoteTypes.cs(244,12): warning CS8603: Possible null reference return. [C:\Users\DavidBond\source\repos\panoramicdata\Jira.Api\Jira.Api\Jira.Api.csproj::TargetFramework=net10.0]
C:\Users\DavidBond\source\repos\panoramicdata\Jira.Api\Jira.Api\Models\CustomFieldValue.cs(12,11): warning CS8618: Non-nullable property 'Values' must contain a non-null value when exiting constructor. Consider adding the 'required' modifier or declaring the property as nullable. [C:\Users\DavidBond\source\repos\panoramicdata\Jira.Api\Jira.Api\Jira.Api.csproj::TargetFramework=net10.0]
C:\Users\DavidBond\source\repos\panoramicdata\Jira.Api\Jira.Api\Models\CustomFieldValue.cs(12,11): warning CS8618: Non-nullable property 'RawValue' must contain a non-null value when exiting constructor. Consider adding the 'required' modifier or declaring the property as nullable. [C:\Users\DavidBond\source\repos\panoramicdata\Jira.Api\Jira.Api\Jira.Api.csproj::TargetFramework=net10.0]
C:\Users\DavidBond\source\repos\panoramicdata\Jira.Api\Jira.Api\Models\Worklog.cs(71,17): warning CS8601: Possible null reference assignment. [C:\Users\DavidBond\source\repos\panoramicdata\Jira.Api\Jira.Api\Jira.Api.csproj::TargetFramework=net10.0]
C:\Users\DavidBond\source\repos\panoramicdata\Jira.Api\Jira.Api\Models\Worklog.cs(72,14): warning CS8601: Possible null reference assignment. [C:\Users\DavidBond\source\repos\panoramicdata\Jira.Api\Jira.Api\Jira.Api.csproj::TargetFramework=net10.0]
C:\Users\DavidBond\source\repos\panoramicdata\Jira.Api\Jira.Api\Models\Worklog.cs(66,11): warning CS8618: Non-nullable property 'AuthorUser' must contain a non-null value when exiting constructor. Consider adding the 'required' modifier or declaring the property as nullable. [C:\Users\DavidBond\source\repos\panoramicdata\Jira.Api\Jira.Api\Jira.Api.csproj::TargetFramework=net10.0]
C:\Users\DavidBond\source\repos\panoramicdata\Jira.Api\Jira.Api\Models\Worklog.cs(66,11): warning CS8618: Non-nullable property 'Comment' must contain a non-null value when exiting constructor. Consider adding the 'required' modifier or declaring the property as nullable. [C:\Users\DavidBond\source\repos\panoramicdata\Jira.Api\Jira.Api\Jira.Api.csproj::TargetFramework=net10.0]
C:\Users\DavidBond\source\repos\panoramicdata\Jira.Api\Jira.Api\Models\Worklog.cs(66,11): warning CS8618: Non-nullable property 'TimeSpent' must contain a non-null value when exiting constructor. Consider adding the 'required' modifier or declaring the property as nullable. [C:\Users\DavidBond\source\repos\panoramicdata\Jira.Api\Jira.Api\Jira.Api.csproj::TargetFramework=net10.0]
C:\Users\DavidBond\source\repos\panoramicdata\Jira.Api\Jira.Api\Models\Worklog.cs(66,11): warning CS8618: Non-nullable property 'Id' must contain a non-null value when exiting constructor. Consider adding the 'required' modifier or declaring the property as nullable. [C:\Users\DavidBond\source\repos\panoramicdata\Jira.Api\Jira.Api\Jira.Api.csproj::TargetFramework=net10.0]
C:\Users\DavidBond\source\repos\panoramicdata\Jira.Api\Jira.Api\Models\Issue.cs(273,71): warning CS8625: Cannot convert null literal to non-nullable reference type. [C:\Users\DavidBond\source\repos\panoramicdata\Jira.Api\Jira.Api\Jira.Api.csproj::TargetFramework=net10.0]
C:\Users\DavidBond\source\repos\panoramicdata\Jira.Api\Jira.Api\Models\Issue.cs(279,74): warning CS8625: Cannot convert null literal to non-nullable reference type. [C:\Users\DavidBond\source\repos\panoramicdata\Jira.Api\Jira.Api\Jira.Api.csproj::TargetFramework=net10.0]
C:\Users\DavidBond\source\repos\panoramicdata\Jira.Api\Jira.Api\Models\Issue.cs(285,70): warning CS8625: Cannot convert null literal to non-nullable reference type. [C:\Users\DavidBond\source\repos\panoramicdata\Jira.Api\Jira.Api\Jira.Api.csproj::TargetFramework=net10.0]
C:\Users\DavidBond\source\repos\panoramicdata\Jira.Api\Jira.Api\Models\Issue.cs(290,61): warning CS8625: Cannot convert null literal to non-nullable reference type. [C:\Users\DavidBond\source\repos\panoramicdata\Jira.Api\Jira.Api\Jira.Api.csproj::TargetFramework=net10.0]
C:\Users\DavidBond\source\repos\panoramicdata\Jira.Api\Jira.Api\Models\Issue.cs(295,73): warning CS8625: Cannot convert null literal to non-nullable reference type. [C:\Users\DavidBond\source\repos\panoramicdata\Jira.Api\Jira.Api\Jira.Api.csproj::TargetFramework=net10.0]
C:\Users\DavidBond\source\repos\panoramicdata\Jira.Api\Jira.Api\Models\Issue.cs(45,20): warning CS8601: Possible null reference assignment. [C:\Users\DavidBond\source\repos\panoramicdata\Jira.Api\Jira.Api\Jira.Api.csproj::TargetFramework=net10.0]
C:\Users\DavidBond\source\repos\panoramicdata\Jira.Api\Jira.Api\Models\Issue.cs(42,9): warning CS8618: Non-nullable property 'OriginalRemoteIssue' must contain a non-null value when exiting constructor. Consider adding the 'required' modifier or declaring the property as nullable. [C:\Users\DavidBond\source\repos\panoramicdata\Jira.Api\Jira.Api\Jira.Api.csproj::TargetFramework=net10.0]
C:\Users\DavidBond\source\repos\panoramicdata\Jira.Api\Jira.Api\Models\Issue.cs(42,9): warning CS8618: Non-nullable property 'AdditionalFields' must contain a non-null value when exiting constructor. Consider adding the 'required' modifier or declaring the property as nullable. [C:\Users\DavidBond\source\repos\panoramicdata\Jira.Api\Jira.Api\Jira.Api.csproj::TargetFramework=net10.0]
C:\Users\DavidBond\source\repos\panoramicdata\Jira.Api\Jira.Api\Models\Issue.cs(42,9): warning CS8618: Non-nullable property 'ParentIssueKey' must contain a non-null value when exiting constructor. Consider adding the 'required' modifier or declaring the property as nullable. [C:\Users\DavidBond\source\repos\panoramicdata\Jira.Api\Jira.Api\Jira.Api.csproj::TargetFramework=net10.0]
C:\Users\DavidBond\source\repos\panoramicdata\Jira.Api\Jira.Api\Models\Issue.cs(42,9): warning CS8618: Non-nullable property 'SecurityLevel' must contain a non-null value when exiting constructor. Consider adding the 'required' modifier or declaring the property as nullable. [C:\Users\DavidBond\source\repos\panoramicdata\Jira.Api\Jira.Api\Jira.Api.csproj::TargetFramework=net10.0]
C:\Users\DavidBond\source\repos\panoramicdata\Jira.Api\Jira.Api\Models\Issue.cs(42,9): warning CS8618: Non-nullable property 'Summary' must contain a non-null value when exiting constructor. Consider adding the 'required' modifier or declaring the property as nullable. [C:\Users\DavidBond\source\repos\panoramicdata\Jira.Api\Jira.Api\Jira.Api.csproj::TargetFramework=net10.0]
C:\Users\DavidBond\source\repos\panoramicdata\Jira.Api\Jira.Api\Models\Issue.cs(42,9): warning CS8618: Non-nullable property 'Description' must contain a non-null value when exiting constructor. Consider adding the 'required' modifier or declaring the property as nullable. [C:\Users\DavidBond\source\repos\panoramicdata\Jira.Api\Jira.Api\Jira.Api.csproj::TargetFramework=net10.0]
C:\Users\DavidBond\source\repos\panoramicdata\Jira.Api\Jira.Api\Models\Issue.cs(42,9): warning CS8618: Non-nullable property 'Environment' must contain a non-null value when exiting constructor. Consider adding the 'required' modifier or declaring the property as nullable. [C:\Users\DavidBond\source\repos\panoramicdata\Jira.Api\Jira.Api\Jira.Api.csproj::TargetFramework=net10.0]
C:\Users\DavidBond\source\repos\panoramicdata\Jira.Api\Jira.Api\Models\Issue.cs(42,9): warning CS8618: Non-nullable property 'Assignee' must contain a non-null value when exiting constructor. Consider adding the 'required' modifier or declaring the property as nullable. [C:\Users\DavidBond\source\repos\panoramicdata\Jira.Api\Jira.Api\Jira.Api.csproj::TargetFramework=net10.0]
C:\Users\DavidBond\source\repos\panoramicdata\Jira.Api\Jira.Api\Models\Issue.cs(42,9): warning CS8618: Non-nullable property 'AssigneeUser' must contain a non-null value when exiting constructor. Consider adding the 'required' modifier or declaring the property as nullable. [C:\Users\DavidBond\source\repos\panoramicdata\Jira.Api\Jira.Api\Jira.Api.csproj::TargetFramework=net10.0]
C:\Users\DavidBond\source\repos\panoramicdata\Jira.Api\Jira.Api\Models\Issue.cs(42,9): warning CS8618: Non-nullable property 'TimeTrackingData' must contain a non-null value when exiting constructor. Consider adding the 'required' modifier or declaring the property as nullable. [C:\Users\DavidBond\source\repos\panoramicdata\Jira.Api\Jira.Api\Jira.Api.csproj::TargetFramework=net10.0]
C:\Users\DavidBond\source\repos\panoramicdata\Jira.Api\Jira.Api\Models\Issue.cs(42,9): warning CS8618: Non-nullable property 'Key' must contain a non-null value when exiting constructor. Consider adding the 'required' modifier or declaring the property as nullable. [C:\Users\DavidBond\source\repos\panoramicdata\Jira.Api\Jira.Api\Jira.Api.csproj::TargetFramework=net10.0]
C:\Users\DavidBond\source\repos\panoramicdata\Jira.Api\Jira.Api\Models\Issue.cs(42,9): warning CS8618: Non-nullable property 'Priority' must contain a non-null value when exiting constructor. Consider adding the 'required' modifier or declaring the property as nullable. [C:\Users\DavidBond\source\repos\panoramicdata\Jira.Api\Jira.Api\Jira.Api.csproj::TargetFramework=net10.0]
C:\Users\DavidBond\source\repos\panoramicdata\Jira.Api\Jira.Api\Models\Issue.cs(42,9): warning CS8618: Non-nullable property 'Project' must contain a non-null value when exiting constructor. Consider adding the 'required' modifier or declaring the property as nullable. [C:\Users\DavidBond\source\repos\panoramicdata\Jira.Api\Jira.Api\Jira.Api.csproj::TargetFramework=net10.0]
C:\Users\DavidBond\source\repos\panoramicdata\Jira.Api\Jira.Api\Models\Issue.cs(42,9): warning CS8618: Non-nullable property 'Reporter' must contain a non-null value when exiting constructor. Consider adding the 'required' modifier or declaring the property as nullable. [C:\Users\DavidBond\source\repos\panoramicdata\Jira.Api\Jira.Api\Jira.Api.csproj::TargetFramework=net10.0]
C:\Users\DavidBond\source\repos\panoramicdata\Jira.Api\Jira.Api\Models\Issue.cs(42,9): warning CS8618: Non-nullable property 'ReporterUser' must contain a non-null value when exiting constructor. Consider adding the 'required' modifier or declaring the property as nullable. [C:\Users\DavidBond\source\repos\panoramicdata\Jira.Api\Jira.Api\Jira.Api.csproj::TargetFramework=net10.0]
C:\Users\DavidBond\source\repos\panoramicdata\Jira.Api\Jira.Api\Models\Issue.cs(42,9): warning CS8618: Non-nullable property 'Resolution' must contain a non-null value when exiting constructor. Consider adding the 'required' modifier or declaring the property as nullable. [C:\Users\DavidBond\source\repos\panoramicdata\Jira.Api\Jira.Api\Jira.Api.csproj::TargetFramework=net10.0]
C:\Users\DavidBond\source\repos\panoramicdata\Jira.Api\Jira.Api\Models\Issue.cs(42,9): warning CS8618: Non-nullable property 'Status' must contain a non-null value when exiting constructor. Consider adding the 'required' modifier or declaring the property as nullable. [C:\Users\DavidBond\source\repos\panoramicdata\Jira.Api\Jira.Api\Jira.Api.csproj::TargetFramework=net10.0]
C:\Users\DavidBond\source\repos\panoramicdata\Jira.Api\Jira.Api\Models\Issue.cs(42,9): warning CS9264: Non-nullable property 'Type' must contain a non-null value when exiting constructor. Consider adding the 'required' modifier, or declaring the property as nullable, or safely handling the case where 'field' is null in the 'get' accessor. [C:\Users\DavidBond\source\repos\panoramicdata\Jira.Api\Jira.Api\Jira.Api.csproj::TargetFramework=net10.0]
C:\Users\DavidBond\source\repos\panoramicdata\Jira.Api\Jira.Api\Services\CustomFieldValueSerializers.cs(87,10): warning CS8603: Possible null reference return. [C:\Users\DavidBond\source\repos\panoramicdata\Jira.Api\Jira.Api\Jira.Api.csproj::TargetFramework=net10.0]
C:\Users\DavidBond\source\repos\panoramicdata\Jira.Api\Jira.Api\Models\IssueLinkType.cs(13,9): warning CS8618: Non-nullable property 'Inward' must contain a non-null value when exiting constructor. Consider adding the 'required' modifier or declaring the property as nullable. [C:\Users\DavidBond\source\repos\panoramicdata\Jira.Api\Jira.Api\Jira.Api.csproj::TargetFramework=net10.0]
C:\Users\DavidBond\source\repos\panoramicdata\Jira.Api\Jira.Api\Models\IssueLinkType.cs(13,9): warning CS8618: Non-nullable property 'Outward' must contain a non-null value when exiting constructor. Consider adding the 'required' modifier or declaring the property as nullable. [C:\Users\DavidBond\source\repos\panoramicdata\Jira.Api\Jira.Api\Jira.Api.csproj::TargetFramework=net10.0]
C:\Users\DavidBond\source\repos\panoramicdata\Jira.Api\Jira.Api\Services\CustomFieldValueSerializers.cs(43,41): warning CS8602: Dereference of a possibly null reference. [C:\Users\DavidBond\source\repos\panoramicdata\Jira.Api\Jira.Api\Jira.Api.csproj::TargetFramework=net10.0]
C:\Users\DavidBond\source\repos\panoramicdata\Jira.Api\Jira.Api\Services\JiraRemoteTypes.cs(274,12): warning CS8603: Possible null reference return. [C:\Users\DavidBond\source\repos\panoramicdata\Jira.Api\Jira.Api\Jira.Api.csproj::TargetFramework=net10.0]
C:\Users\DavidBond\source\repos\panoramicdata\Jira.Api\Jira.Api\Models\CustomFieldValue.cs(51,11): warning CS8603: Possible null reference return. [C:\Users\DavidBond\source\repos\panoramicdata\Jira.Api\Jira.Api\Jira.Api.csproj::TargetFramework=net10.0]
C:\Users\DavidBond\source\repos\panoramicdata\Jira.Api\Jira.Api\Models\IssueFieldEditMetadata.cs(34,69): warning CS8601: Possible null reference assignment. [C:\Users\DavidBond\source\repos\panoramicdata\Jira.Api\Jira.Api\Jira.Api.csproj::TargetFramework=net10.0]
C:\Users\DavidBond\source\repos\panoramicdata\Jira.Api\Jira.Api\Services\JiraRemoteTypes.cs(780,25): warning CS8618: Non-nullable field 'projectField' must contain a non-null value when exiting constructor. Consider adding the 'required' modifier or declaring the field as nullable. [C:\Users\DavidBond\source\repos\panoramicdata\Jira.Api\Jira.Api\Jira.Api.csproj::TargetFramework=net10.0]
C:\Users\DavidBond\source\repos\panoramicdata\Jira.Api\Jira.Api\Models\IssueSecurityLevel.cs(14,16): warning CS8618: Non-nullable property 'Description' must contain a non-null value when exiting constructor. Consider adding the 'required' modifier or declaring the property as nullable. [C:\Users\DavidBond\source\repos\panoramicdata\Jira.Api\Jira.Api\Jira.Api.csproj::TargetFramework=net10.0]
C:\Users\DavidBond\source\repos\panoramicdata\Jira.Api\Jira.Api\Models\IssueStatusCategory.cs(20,11): warning CS8603: Possible null reference return. [C:\Users\DavidBond\source\repos\panoramicdata\Jira.Api\Jira.Api\Jira.Api.csproj::TargetFramework=net10.0]
C:\Users\DavidBond\source\repos\panoramicdata\Jira.Api\Jira.Api\Models\IssueStatusCategory.cs(31,11): warning CS8603: Possible null reference return. [C:\Users\DavidBond\source\repos\panoramicdata\Jira.Api\Jira.Api\Jira.Api.csproj::TargetFramework=net10.0]
C:\Users\DavidBond\source\repos\panoramicdata\Jira.Api\Jira.Api\Models\IssueFields.cs(17,9): warning CS8618: Non-nullable property 'Attachments' must contain a non-null value when exiting constructor. Consider adding the 'required' modifier or declaring the property as nullable. [C:\Users\DavidBond\source\repos\panoramicdata\Jira.Api\Jira.Api\Jira.Api.csproj::TargetFramework=net10.0]
C:\Users\DavidBond\source\repos\panoramicdata\Jira.Api\Jira.Api\Models\IssueFields.cs(17,9): warning CS8618: Non-nullable property 'Comments' must contain a non-null value when exiting constructor. Consider adding the 'required' modifier or declaring the property as nullable. [C:\Users\DavidBond\source\repos\panoramicdata\Jira.Api\Jira.Api\Jira.Api.csproj::TargetFramework=net10.0]
C:\Users\DavidBond\source\repos\panoramicdata\Jira.Api\Jira.Api\Models\IssueFields.cs(17,9): warning CS8618: Non-nullable property 'Worklogs' must contain a non-null value when exiting constructor. Consider adding the 'required' modifier or declaring the property as nullable. [C:\Users\DavidBond\source\repos\panoramicdata\Jira.Api\Jira.Api\Jira.Api.csproj::TargetFramework=net10.0]
C:\Users\DavidBond\source\repos\panoramicdata\Jira.Api\Jira.Api\Services\JiraRemoteTypes.cs(1013,37): warning CS8618: Non-nullable field 'permissionMappingsField' must contain a non-null value when exiting constructor. Consider adding the 'required' modifier or declaring the field as nullable. [C:\Users\DavidBond\source\repos\panoramicdata\Jira.Api\Jira.Api\Jira.Api.csproj::TargetFramework=net10.0]
C:\Users\DavidBond\source\repos\panoramicdata\Jira.Api\Jira.Api\Services\JiraRemoteTypes.cs(722,29): warning CS8618: Non-nullable field 'projectRoleField' must contain a non-null value when exiting constructor. Consider adding the 'required' modifier or declaring the field as nullable. [C:\Users\DavidBond\source\repos\panoramicdata\Jira.Api\Jira.Api\Jira.Api.csproj::TargetFramework=net10.0]
C:\Users\DavidBond\source\repos\panoramicdata\Jira.Api\Jira.Api\Services\JiraRemoteTypes.cs(724,29): warning CS8618: Non-nullable field 'roleActorsField' must contain a non-null value when exiting constructor. Consider adding the 'required' modifier or declaring the field as nullable. [C:\Users\DavidBond\source\repos\panoramicdata\Jira.Api\Jira.Api\Jira.Api.csproj::TargetFramework=net10.0]
C:\Users\DavidBond\source\repos\panoramicdata\Jira.Api\Jira.Api\Services\JiraRemoteTypes.cs(726,24): warning CS8618: Non-nullable field 'usersField' must contain a non-null value when exiting constructor. Consider adding the 'required' modifier or declaring the field as nullable. [C:\Users\DavidBond\source\repos\panoramicdata\Jira.Api\Jira.Api\Jira.Api.csproj::TargetFramework=net10.0]
C:\Users\DavidBond\source\repos\panoramicdata\Jira.Api\Jira.Api\Services\JiraRemoteTypes.cs(312,12): warning CS8603: Possible null reference return. [C:\Users\DavidBond\source\repos\panoramicdata\Jira.Api\Jira.Api\Jira.Api.csproj::TargetFramework=net10.0]
C:\Users\DavidBond\source\repos\panoramicdata\Jira.Api\Jira.Api\Services\JiraRemoteTypes.cs(939,18): warning CS8618: Non-nullable field 'descriptionField' must contain a non-null value when exiting constructor. Consider adding the 'required' modifier or declaring the field as nullable. [C:\Users\DavidBond\source\repos\panoramicdata\Jira.Api\Jira.Api\Jira.Api.csproj::TargetFramework=net10.0]
C:\Users\DavidBond\source\repos\panoramicdata\Jira.Api\Jira.Api\Services\JiraRemoteTypes.cs(943,18): warning CS8618: Non-nullable field 'nameField' must contain a non-null value when exiting constructor. Consider adding the 'required' modifier or declaring the field as nullable. [C:\Users\DavidBond\source\repos\panoramicdata\Jira.Api\Jira.Api\Jira.Api.csproj::TargetFramework=net10.0]
C:\Users\DavidBond\source\repos\panoramicdata\Jira.Api\Jira.Api\Services\JiraRemoteTypes.cs(945,18): warning CS8618: Non-nullable field 'typeField' must contain a non-null value when exiting constructor. Consider adding the 'required' modifier or declaring the field as nullable. [C:\Users\DavidBond\source\repos\panoramicdata\Jira.Api\Jira.Api\Jira.Api.csproj::TargetFramework=net10.0]
C:\Users\DavidBond\source\repos\panoramicdata\Jira.Api\Jira.Api\Models\IssueFields.cs(74,36): warning CS8601: Possible null reference assignment. [C:\Users\DavidBond\source\repos\panoramicdata\Jira.Api\Jira.Api\Jira.Api.csproj::TargetFramework=net10.0]
C:\Users\DavidBond\source\repos\panoramicdata\Jira.Api\Jira.Api\Models\IssueTimeTrackingData.cs(41,16): warning CS8618: Non-nullable property 'TimeSpent' must contain a non-null value when exiting constructor. Consider adding the 'required' modifier or declaring the property as nullable. [C:\Users\DavidBond\source\repos\panoramicdata\Jira.Api\Jira.Api\Jira.Api.csproj::TargetFramework=net10.0]
C:\Users\DavidBond\source\repos\panoramicdata\Jira.Api\Jira.Api\Services\JiraRemoteTypes.cs(1039,28): warning CS8618: Non-nullable field 'permissionField' must contain a non-null value when exiting constructor. Consider adding the 'required' modifier or declaring the field as nullable. [C:\Users\DavidBond\source\repos\panoramicdata\Jira.Api\Jira.Api\Jira.Api.csproj::TargetFramework=net10.0]
C:\Users\DavidBond\source\repos\panoramicdata\Jira.Api\Jira.Api\Services\JiraRemoteTypes.cs(1041,26): warning CS8618: Non-nullable field 'remoteEntitiesField' must contain a non-null value when exiting constructor. Consider adding the 'required' modifier or declaring the field as nullable. [C:\Users\DavidBond\source\repos\panoramicdata\Jira.Api\Jira.Api\Jira.Api.csproj::TargetFramework=net10.0]
C:\Users\DavidBond\source\repos\panoramicdata\Jira.Api\Jira.Api\Services\CustomFieldValueSerializers.cs(231,16): warning CS8618: Non-nullable property 'name' must contain a non-null value when exiting constructor. Consider adding the 'required' modifier or declaring the property as nullable. [C:\Users\DavidBond\source\repos\panoramicdata\Jira.Api\Jira.Api\Jira.Api.csproj::TargetFramework=net10.0]
C:\Users\DavidBond\source\repos\panoramicdata\Jira.Api\Jira.Api\Services\CustomFieldValueSerializers.cs(236,16): warning CS8618: Non-nullable property 'state' must contain a non-null value when exiting constructor. Consider adding the 'required' modifier or declaring the property as nullable. [C:\Users\DavidBond\source\repos\panoramicdata\Jira.Api\Jira.Api\Jira.Api.csproj::TargetFramework=net10.0]
C:\Users\DavidBond\source\repos\panoramicdata\Jira.Api\Jira.Api\Services\CustomFieldValueSerializers.cs(246,16): warning CS8618: Non-nullable property 'goal' must contain a non-null value when exiting constructor. Consider adding the 'required' modifier or declaring the property as nullable. [C:\Users\DavidBond\source\repos\panoramicdata\Jira.Api\Jira.Api\Jira.Api.csproj::TargetFramework=net10.0]
C:\Users\DavidBond\source\repos\panoramicdata\Jira.Api\Jira.Api\Models\JiraFilter.cs(22,44): warning CS8601: Possible null reference assignment. [C:\Users\DavidBond\source\repos\panoramicdata\Jira.Api\Jira.Api\Jira.Api.csproj::TargetFramework=net10.0]
C:\Users\DavidBond\source\repos\panoramicdata\Jira.Api\Jira.Api\Models\JiraFilter.cs(28,16): warning CS8618: Non-nullable property 'Description' must contain a non-null value when exiting constructor. Consider adding the 'required' modifier or declaring the property as nullable. [C:\Users\DavidBond\source\repos\panoramicdata\Jira.Api\Jira.Api\Jira.Api.csproj::TargetFramework=net10.0]
C:\Users\DavidBond\source\repos\panoramicdata\Jira.Api\Jira.Api\Models\JiraNamedConstant.cs(23,9): warning CS8618: Non-nullable field '_remoteConstant' must contain a non-null value when exiting constructor. Consider adding the 'required' modifier or declaring the field as nullable. [C:\Users\DavidBond\source\repos\panoramicdata\Jira.Api\Jira.Api\Jira.Api.csproj::TargetFramework=net10.0]
C:\Users\DavidBond\source\repos\panoramicdata\Jira.Api\Jira.Api\OAuth\OAuthTokenHelper.cs(27,4): warning CS8604: Possible null reference argument for parameter 'callbackUrl' in 'OAuth1Authenticator OAuth1Authenticator.ForRequestToken(string consumerKey, string? consumerSecret, string callbackUrl)'. [C:\Users\DavidBond\source\repos\panoramicdata\Jira.Api\Jira.Api\Jira.Api.csproj::TargetFramework=net10.0]
C:\Users\DavidBond\source\repos\panoramicdata\Jira.Api\Jira.Api\Models\JiraEntityDictionary.cs(35,28): warning CS8600: Converting null literal or possible null value to non-nullable type. [C:\Users\DavidBond\source\repos\panoramicdata\Jira.Api\Jira.Api\Jira.Api.csproj::TargetFramework=net10.0]
C:\Users\DavidBond\source\repos\panoramicdata\Jira.Api\Jira.Api\Services\DateFixupJsonConverter.cs(24,10): warning CS8603: Possible null reference return. [C:\Users\DavidBond\source\repos\panoramicdata\Jira.Api\Jira.Api\Jira.Api.csproj::TargetFramework=net10.0]
C:\Users\DavidBond\source\repos\panoramicdata\Jira.Api\Jira.Api\OAuth\JiraOAuthRestClient.cs(42,22): warning CS8604: Possible null reference argument for parameter 'baseUri' in 'Uri.Uri(Uri baseUri, string? relativeUri)'. [C:\Users\DavidBond\source\repos\panoramicdata\Jira.Api\Jira.Api\Jira.Api.csproj::TargetFramework=net10.0]
C:\Users\DavidBond\source\repos\panoramicdata\Jira.Api\Jira.Api\JiraRestClient.cs(81,23): warning CS8602: Dereference of a possibly null reference. [C:\Users\DavidBond\source\repos\panoramicdata\Jira.Api\Jira.Api\Jira.Api.csproj::TargetFramework=net10.0]
C:\Users\DavidBond\source\repos\panoramicdata\Jira.Api\Jira.Api\Services\JiraRemoteTypes.cs(806,18): warning CS8618: Non-nullable field 'descriptionField' must contain a non-null value when exiting constructor. Consider adding the 'required' modifier or declaring the field as nullable. [C:\Users\DavidBond\source\repos\panoramicdata\Jira.Api\Jira.Api\Jira.Api.csproj::TargetFramework=net10.0]
C:\Users\DavidBond\source\repos\panoramicdata\Jira.Api\Jira.Api\Services\JiraRemoteTypes.cs(808,24): warning CS8618: Non-nullable field 'issueSecuritySchemeField' must contain a non-null value when exiting constructor. Consider adding the 'required' modifier or declaring the field as nullable. [C:\Users\DavidBond\source\repos\panoramicdata\Jira.Api\Jira.Api\Jira.Api.csproj::TargetFramework=net10.0]
C:\Users\DavidBond\source\repos\panoramicdata\Jira.Api\Jira.Api\Services\JiraRemoteTypes.cs(810,18): warning CS8618: Non-nullable field 'keyField' must contain a non-null value when exiting constructor. Consider adding the 'required' modifier or declaring the field as nullable. [C:\Users\DavidBond\source\repos\panoramicdata\Jira.Api\Jira.Api\Jira.Api.csproj::TargetFramework=net10.0]
C:\Users\DavidBond\source\repos\panoramicdata\Jira.Api\Jira.Api\Services\JiraRemoteTypes.cs(812,24): warning CS8618: Non-nullable field 'notificationSchemeField' must contain a non-null value when exiting constructor. Consider adding the 'required' modifier or declaring the field as nullable. [C:\Users\DavidBond\source\repos\panoramicdata\Jira.Api\Jira.Api\Jira.Api.csproj::TargetFramework=net10.0]
C:\Users\DavidBond\source\repos\panoramicdata\Jira.Api\Jira.Api\Services\JiraRemoteTypes.cs(814,34): warning CS8618: Non-nullable field 'permissionSchemeField' must contain a non-null value when exiting constructor. Consider adding the 'required' modifier or declaring the field as nullable. [C:\Users\DavidBond\source\repos\panoramicdata\Jira.Api\Jira.Api\Jira.Api.csproj::TargetFramework=net10.0]
C:\Users\DavidBond\source\repos\panoramicdata\Jira.Api\Jira.Api\Services\JiraRemoteTypes.cs(816,18): warning CS8618: Non-nullable field 'projectUrlField' must contain a non-null value when exiting constructor. Consider adding the 'required' modifier or declaring the field as nullable. [C:\Users\DavidBond\source\repos\panoramicdata\Jira.Api\Jira.Api\Jira.Api.csproj::TargetFramework=net10.0]
C:\Users\DavidBond\source\repos\panoramicdata\Jira.Api\Jira.Api\Services\JiraRemoteTypes.cs(818,18): warning CS8618: Non-nullable field 'urlField' must contain a non-null value when exiting constructor. Consider adding the 'required' modifier or declaring the field as nullable. [C:\Users\DavidBond\source\repos\panoramicdata\Jira.Api\Jira.Api\Jira.Api.csproj::TargetFramework=net10.0]
C:\Users\DavidBond\source\repos\panoramicdata\Jira.Api\Jira.Api\Services\JiraRemoteTypes.cs(820,26): warning CS8618: Non-nullable property 'projectCategory' must contain a non-null value when exiting constructor. Consider adding the 'required' modifier or declaring the property as nullable. [C:\Users\DavidBond\source\repos\panoramicdata\Jira.Api\Jira.Api\Jira.Api.csproj::TargetFramework=net10.0]
C:\Users\DavidBond\source\repos\panoramicdata\Jira.Api\Jira.Api\Services\JiraRemoteTypes.cs(822,21): warning CS8618: Non-nullable property 'avatarUrls' must contain a non-null value when exiting constructor. Consider adding the 'required' modifier or declaring the property as nullable. [C:\Users\DavidBond\source\repos\panoramicdata\Jira.Api\Jira.Api\Jira.Api.csproj::TargetFramework=net10.0]
C:\Users\DavidBond\source\repos\panoramicdata\Jira.Api\Jira.Api\Services\JiraRemoteTypes.cs(867,17): warning CS8618: Non-nullable property 'lead' must contain a non-null value when exiting constructor. Consider adding the 'required' modifier or declaring the property as nullable. [C:\Users\DavidBond\source\repos\panoramicdata\Jira.Api\Jira.Api\Jira.Api.csproj::TargetFramework=net10.0]
C:\Users\DavidBond\source\repos\panoramicdata\Jira.Api\Jira.Api\Services\JiraRemoteTypes.cs(870,19): warning CS8618: Non-nullable property 'leadUser' must contain a non-null value when exiting constructor. Consider adding the 'required' modifier or declaring the property as nullable. [C:\Users\DavidBond\source\repos\panoramicdata\Jira.Api\Jira.Api\Jira.Api.csproj::TargetFramework=net10.0]
C:\Users\DavidBond\source\repos\panoramicdata\Jira.Api\Jira.Api\Services\JiraRemoteTypes.cs(1081,18): warning CS8618: Non-nullable field 'nameField' must contain a non-null value when exiting constructor. Consider adding the 'required' modifier or declaring the field as nullable. [C:\Users\DavidBond\source\repos\panoramicdata\Jira.Api\Jira.Api\Jira.Api.csproj::TargetFramework=net10.0]
C:\Users\DavidBond\source\repos\panoramicdata\Jira.Api\Jira.Api\Services\CustomFieldValueSerializers.cs(199,14): warning CS8604: Possible null reference argument for parameter 'source' in 'IOrderedEnumerable<Sprint> Enumerable.OrderByDescending<Sprint, DateTime>(IEnumerable<Sprint> source, Func<Sprint, DateTime> keySelector)'. [C:\Users\DavidBond\source\repos\panoramicdata\Jira.Api\Jira.Api\Jira.Api.csproj::TargetFramework=net10.0]
C:\Users\DavidBond\source\repos\panoramicdata\Jira.Api\Jira.Api\Models\JiraCache.cs(13,18): warning CS8618: Non-nullable property 'CurrentUser' must contain a non-null value when exiting constructor. Consider adding the 'required' modifier or declaring the property as nullable. [C:\Users\DavidBond\source\repos\panoramicdata\Jira.Api\Jira.Api\Jira.Api.csproj::TargetFramework=net10.0]
C:\Users\DavidBond\source\repos\panoramicdata\Jira.Api\Jira.Api\Models\IssueTransition.cs(14,8): warning CS8601: Possible null reference assignment. [C:\Users\DavidBond\source\repos\panoramicdata\Jira.Api\Jira.Api\Jira.Api.csproj::TargetFramework=net10.0]
C:\Users\DavidBond\source\repos\panoramicdata\Jira.Api\Jira.Api\Models\IssueTransition.cs(19,12): warning CS8601: Possible null reference assignment. [C:\Users\DavidBond\source\repos\panoramicdata\Jira.Api\Jira.Api\Jira.Api.csproj::TargetFramework=net10.0]
C:\Users\DavidBond\source\repos\panoramicdata\Jira.Api\Jira.Api\Models\IssueTransition.cs(11,9): warning CS8618: Non-nullable property 'To' must contain a non-null value when exiting constructor. Consider adding the 'required' modifier or declaring the property as nullable. [C:\Users\DavidBond\source\repos\panoramicdata\Jira.Api\Jira.Api\Jira.Api.csproj::TargetFramework=net10.0]
C:\Users\DavidBond\source\repos\panoramicdata\Jira.Api\Jira.Api\Models\IssueTransition.cs(11,9): warning CS8618: Non-nullable property 'Fields' must contain a non-null value when exiting constructor. Consider adding the 'required' modifier or declaring the property as nullable. [C:\Users\DavidBond\source\repos\panoramicdata\Jira.Api\Jira.Api\Jira.Api.csproj::TargetFramework=net10.0]
C:\Users\DavidBond\source\repos\panoramicdata\Jira.Api\Jira.Api\Linq\ExpressionEvaluator.cs(95,12): warning CS8618: Non-nullable field 'candidates' must contain a non-null value when exiting constructor. Consider adding the 'required' modifier or declaring the field as nullable. [C:\Users\DavidBond\source\repos\panoramicdata\Jira.Api\Jira.Api\Jira.Api.csproj::TargetFramework=net10.0]
C:\Users\DavidBond\source\repos\panoramicdata\Jira.Api\Jira.Api\Models\CustomFieldValueCollection.cs(112,55): warning CS8604: Possible null reference argument for parameter 'parentOption' in 'CascadingSelectCustomField.CascadingSelectCustomField(string name, string parentOption, string childOption)'. [C:\Users\DavidBond\source\repos\panoramicdata\Jira.Api\Jira.Api\Jira.Api.csproj::TargetFramework=net10.0]
C:\Users\DavidBond\source\repos\panoramicdata\Jira.Api\Jira.Api\Models\CustomFieldValueCollection.cs(112,69): warning CS8604: Possible null reference argument for parameter 'childOption' in 'CascadingSelectCustomField.CascadingSelectCustomField(string name, string parentOption, string childOption)'. [C:\Users\DavidBond\source\repos\panoramicdata\Jira.Api\Jira.Api\Jira.Api.csproj::TargetFramework=net10.0]
C:\Users\DavidBond\source\repos\panoramicdata\Jira.Api\Jira.Api\Linq\JqlExpressionVisitor.cs(88,19): warning CS8601: Possible null reference assignment. [C:\Users\DavidBond\source\repos\panoramicdata\Jira.Api\Jira.Api\Jira.Api.csproj::TargetFramework=net10.0]
C:\Users\DavidBond\source\repos\panoramicdata\Jira.Api\Jira.Api\Linq\JqlExpressionVisitor.cs(95,18): warning CS8625: Cannot convert null literal to non-nullable reference type. [C:\Users\DavidBond\source\repos\panoramicdata\Jira.Api\Jira.Api\Jira.Api.csproj::TargetFramework=net10.0]
C:\Users\DavidBond\source\repos\panoramicdata\Jira.Api\Jira.Api\JiraRestClient.cs(98,43): warning CS8602: Dereference of a possibly null reference. [C:\Users\DavidBond\source\repos\panoramicdata\Jira.Api\Jira.Api\Jira.Api.csproj::TargetFramework=net10.0]
C:\Users\DavidBond\source\repos\panoramicdata\Jira.Api\Jira.Api\Models\IssueTransition.cs(25,9): warning CS8618: Non-nullable property 'To' must contain a non-null value when exiting constructor. Consider adding the 'required' modifier or declaring the property as nullable. [C:\Users\DavidBond\source\repos\panoramicdata\Jira.Api\Jira.Api\Jira.Api.csproj::TargetFramework=net10.0]
C:\Users\DavidBond\source\repos\panoramicdata\Jira.Api\Jira.Api\Models\IssueTransition.cs(25,9): warning CS8618: Non-nullable property 'Fields' must contain a non-null value when exiting constructor. Consider adding the 'required' modifier or declaring the property as nullable. [C:\Users\DavidBond\source\repos\panoramicdata\Jira.Api\Jira.Api\Jira.Api.csproj::TargetFramework=net10.0]
C:\Users\DavidBond\source\repos\panoramicdata\Jira.Api\Jira.Api\Models\JiraRestClientSettings.cs(64,9): warning CS8618: Non-nullable property 'Proxy' must contain a non-null value when exiting constructor. Consider adding the 'required' modifier or declaring the property as nullable. [C:\Users\DavidBond\source\repos\panoramicdata\Jira.Api\Jira.Api\Jira.Api.csproj::TargetFramework=net10.0]
C:\Users\DavidBond\source\repos\panoramicdata\Jira.Api\Jira.Api\Linq\ExpressionEvaluator.cs(129,11): warning CS8603: Possible null reference return. [C:\Users\DavidBond\source\repos\panoramicdata\Jira.Api\Jira.Api\Jira.Api.csproj::TargetFramework=net10.0]
C:\Users\DavidBond\source\repos\panoramicdata\Jira.Api\Jira.Api\Services\IssueService.cs(19,33): warning CS8618: Non-nullable field '_serializerSettings' must contain a non-null value when exiting constructor. Consider adding the 'required' modifier or declaring the field as nullable. [C:\Users\DavidBond\source\repos\panoramicdata\Jira.Api\Jira.Api\Jira.Api.csproj::TargetFramework=net10.0]
C:\Users\DavidBond\source\repos\panoramicdata\Jira.Api\Jira.Api\Linq\ExpressionEvaluator.cs(61,12): warning CS8603: Possible null reference return. [C:\Users\DavidBond\source\repos\panoramicdata\Jira.Api\Jira.Api\Jira.Api.csproj::TargetFramework=net10.0]
C:\Users\DavidBond\source\repos\panoramicdata\Jira.Api\Jira.Api\Services\JiraRemoteTypes.cs(1204,18): warning CS8618: Non-nullable field 'filenameField' must contain a non-null value when exiting constructor. Consider adding the 'required' modifier or declaring the field as nullable. [C:\Users\DavidBond\source\repos\panoramicdata\Jira.Api\Jira.Api\Jira.Api.csproj::TargetFramework=net10.0]
C:\Users\DavidBond\source\repos\panoramicdata\Jira.Api\Jira.Api\Services\JiraRemoteTypes.cs(1208,18): warning CS8618: Non-nullable field 'mimetypeField' must contain a non-null value when exiting constructor. Consider adding the 'required' modifier or declaring the field as nullable. [C:\Users\DavidBond\source\repos\panoramicdata\Jira.Api\Jira.Api\Jira.Api.csproj::TargetFramework=net10.0]
C:\Users\DavidBond\source\repos\panoramicdata\Jira.Api\Jira.Api\Services\JiraRemoteTypes.cs(1211,17): warning CS8618: Non-nullable property 'author' must contain a non-null value when exiting constructor. Consider adding the 'required' modifier or declaring the property as nullable. [C:\Users\DavidBond\source\repos\panoramicdata\Jira.Api\Jira.Api\Jira.Api.csproj::TargetFramework=net10.0]
C:\Users\DavidBond\source\repos\panoramicdata\Jira.Api\Jira.Api\Services\JiraRemoteTypes.cs(1214,19): warning CS8618: Non-nullable property 'authorUser' must contain a non-null value when exiting constructor. Consider adding the 'required' modifier or declaring the property as nullable. [C:\Users\DavidBond\source\repos\panoramicdata\Jira.Api\Jira.Api\Jira.Api.csproj::TargetFramework=net10.0]
C:\Users\DavidBond\source\repos\panoramicdata\Jira.Api\Jira.Api\Services\JiraRemoteTypes.cs(1135,18): warning CS8618: Non-nullable field 'nameField' must contain a non-null value when exiting constructor. Consider adding the 'required' modifier or declaring the field as nullable. [C:\Users\DavidBond\source\repos\panoramicdata\Jira.Api\Jira.Api\Jira.Api.csproj::TargetFramework=net10.0]
C:\Users\DavidBond\source\repos\panoramicdata\Jira.Api\Jira.Api\Models\ComparableString.cs(28,11): warning CS8603: Possible null reference return. [C:\Users\DavidBond\source\repos\panoramicdata\Jira.Api\Jira.Api\Jira.Api.csproj::TargetFramework=net10.0]
C:\Users\DavidBond\source\repos\panoramicdata\Jira.Api\Jira.Api\Services\CustomFieldValueSerializers.cs(178,16): warning CS8600: Converting null literal or possible null value to non-nullable type. [C:\Users\DavidBond\source\repos\panoramicdata\Jira.Api\Jira.Api\Jira.Api.csproj::TargetFramework=net10.0]
C:\Users\DavidBond\source\repos\panoramicdata\Jira.Api\Jira.Api\Models\JiraUserCreationInfo.cs(14,16): warning CS8618: Non-nullable property 'Username' must contain a non-null value when exiting constructor. Consider adding the 'required' modifier or declaring the property as nullable. [C:\Users\DavidBond\source\repos\panoramicdata\Jira.Api\Jira.Api\Jira.Api.csproj::TargetFramework=net10.0]
C:\Users\DavidBond\source\repos\panoramicdata\Jira.Api\Jira.Api\Models\JiraUserCreationInfo.cs(20,16): warning CS8618: Non-nullable property 'DisplayName' must contain a non-null value when exiting constructor. Consider adding the 'required' modifier or declaring the property as nullable. [C:\Users\DavidBond\source\repos\panoramicdata\Jira.Api\Jira.Api\Jira.Api.csproj::TargetFramework=net10.0]
C:\Users\DavidBond\source\repos\panoramicdata\Jira.Api\Jira.Api\Models\JiraUserCreationInfo.cs(26,16): warning CS8618: Non-nullable property 'Email' must contain a non-null value when exiting constructor. Consider adding the 'required' modifier or declaring the property as nullable. [C:\Users\DavidBond\source\repos\panoramicdata\Jira.Api\Jira.Api\Jira.Api.csproj::TargetFramework=net10.0]
C:\Users\DavidBond\source\repos\panoramicdata\Jira.Api\Jira.Api\Models\JiraUserCreationInfo.cs(32,16): warning CS8618: Non-nullable property 'Password' must contain a non-null value when exiting constructor. Consider adding the 'required' modifier or declaring the property as nullable. [C:\Users\DavidBond\source\repos\panoramicdata\Jira.Api\Jira.Api\Jira.Api.csproj::TargetFramework=net10.0]
C:\Users\DavidBond\source\repos\panoramicdata\Jira.Api\Jira.Api\Services\JiraUserJsonConverter.cs(31,23): warning CS8604: Possible null reference argument for parameter 'remoteUser' in 'JiraUser.JiraUser(RemoteJiraUser remoteUser, bool userPrivacyEnabled = false)'. [C:\Users\DavidBond\source\repos\panoramicdata\Jira.Api\Jira.Api\Jira.Api.csproj::TargetFramework=net10.0]
C:\Users\DavidBond\source\repos\panoramicdata\Jira.Api\Jira.Api\Models\JiraUser.cs(30,11): warning CS8618: Non-nullable property 'AccountId' must contain a non-null value when exiting constructor. Consider adding the 'required' modifier or declaring the property as nullable. [C:\Users\DavidBond\source\repos\panoramicdata\Jira.Api\Jira.Api\Jira.Api.csproj::TargetFramework=net10.0]
C:\Users\DavidBond\source\repos\panoramicdata\Jira.Api\Jira.Api\Models\JiraUser.cs(30,11): warning CS8618: Non-nullable property 'Key' must contain a non-null value when exiting constructor. Consider adding the 'required' modifier or declaring the property as nullable. [C:\Users\DavidBond\source\repos\panoramicdata\Jira.Api\Jira.Api\Jira.Api.csproj::TargetFramework=net10.0]
C:\Users\DavidBond\source\repos\panoramicdata\Jira.Api\Jira.Api\Models\JiraUser.cs(30,11): warning CS8618: Non-nullable property 'Username' must contain a non-null value when exiting constructor. Consider adding the 'required' modifier or declaring the property as nullable. [C:\Users\DavidBond\source\repos\panoramicdata\Jira.Api\Jira.Api\Jira.Api.csproj::TargetFramework=net10.0]
C:\Users\DavidBond\source\repos\panoramicdata\Jira.Api\Jira.Api\Models\JiraUser.cs(30,11): warning CS8618: Non-nullable property 'DisplayName' must contain a non-null value when exiting constructor. Consider adding the 'required' modifier or declaring the property as nullable. [C:\Users\DavidBond\source\repos\panoramicdata\Jira.Api\Jira.Api\Jira.Api.csproj::TargetFramework=net10.0]
C:\Users\DavidBond\source\repos\panoramicdata\Jira.Api\Jira.Api\Models\JiraUser.cs(30,11): warning CS8618: Non-nullable property 'Email' must contain a non-null value when exiting constructor. Consider adding the 'required' modifier or declaring the property as nullable. [C:\Users\DavidBond\source\repos\panoramicdata\Jira.Api\Jira.Api\Jira.Api.csproj::TargetFramework=net10.0]
C:\Users\DavidBond\source\repos\panoramicdata\Jira.Api\Jira.Api\Models\JiraUser.cs(30,11): warning CS8618: Non-nullable property 'Locale' must contain a non-null value when exiting constructor. Consider adding the 'required' modifier or declaring the property as nullable. [C:\Users\DavidBond\source\repos\panoramicdata\Jira.Api\Jira.Api\Jira.Api.csproj::TargetFramework=net10.0]
C:\Users\DavidBond\source\repos\panoramicdata\Jira.Api\Jira.Api\Models\JiraUser.cs(30,11): warning CS8618: Non-nullable property 'Self' must contain a non-null value when exiting constructor. Consider adding the 'required' modifier or declaring the property as nullable. [C:\Users\DavidBond\source\repos\panoramicdata\Jira.Api\Jira.Api\Jira.Api.csproj::TargetFramework=net10.0]
C:\Users\DavidBond\source\repos\panoramicdata\Jira.Api\Jira.Api\Models\JiraUser.cs(30,11): warning CS8618: Non-nullable property 'AvatarUrls' must contain a non-null value when exiting constructor. Consider adding the 'required' modifier or declaring the property as nullable. [C:\Users\DavidBond\source\repos\panoramicdata\Jira.Api\Jira.Api\Jira.Api.csproj::TargetFramework=net10.0]
C:\Users\DavidBond\source\repos\panoramicdata\Jira.Api\Jira.Api\Models\JiraUser.cs(30,11): warning CS8618: Non-nullable property 'InternalIdentifier' must contain a non-null value when exiting constructor. Consider adding the 'required' modifier or declaring the property as nullable. [C:\Users\DavidBond\source\repos\panoramicdata\Jira.Api\Jira.Api\Jira.Api.csproj::TargetFramework=net10.0]
C:\Users\DavidBond\source\repos\panoramicdata\Jira.Api\Jira.Api\Linq\JqlExpressionVisitor.cs(103,11): warning CS8603: Possible null reference return. [C:\Users\DavidBond\source\repos\panoramicdata\Jira.Api\Jira.Api\Jira.Api.csproj::TargetFramework=net10.0]
C:\Users\DavidBond\source\repos\panoramicdata\Jira.Api\Jira.Api\Linq\JqlExpressionVisitor.cs(112,14): warning CS8604: Possible null reference argument for parameter 'item' in 'void List<object>.Add(object item)'. [C:\Users\DavidBond\source\repos\panoramicdata\Jira.Api\Jira.Api\Jira.Api.csproj::TargetFramework=net10.0]
C:\Users\DavidBond\source\repos\panoramicdata\Jira.Api\Jira.Api\Linq\JqlExpressionVisitor.cs(115,11): warning CS8602: Dereference of a possibly null reference. [C:\Users\DavidBond\source\repos\panoramicdata\Jira.Api\Jira.Api\Jira.Api.csproj::TargetFramework=net10.0]
C:\Users\DavidBond\source\repos\panoramicdata\Jira.Api\Jira.Api\Services\IssueTypeService.cs(25,60): warning CS8601: Possible null reference assignment. [C:\Users\DavidBond\source\repos\panoramicdata\Jira.Api\Jira.Api\Jira.Api.csproj::TargetFramework=net10.0]
C:\Users\DavidBond\source\repos\panoramicdata\Jira.Api\Jira.Api\Services\JiraRemoteTypes.cs(1176,18): warning CS8618: Non-nullable field 'idField' must contain a non-null value when exiting constructor. Consider adding the 'required' modifier or declaring the field as nullable. [C:\Users\DavidBond\source\repos\panoramicdata\Jira.Api\Jira.Api\Jira.Api.csproj::TargetFramework=net10.0]
C:\Users\DavidBond\source\repos\panoramicdata\Jira.Api\Jira.Api\Services\JiraRemoteTypes.cs(1561,26): warning CS8618: Non-nullable property 'remoteWorklogs' must contain a non-null value when exiting constructor. Consider adding the 'required' modifier or declaring the property as nullable. [C:\Users\DavidBond\source\repos\panoramicdata\Jira.Api\Jira.Api\Jira.Api.csproj::TargetFramework=net10.0]
C:\Users\DavidBond\source\repos\panoramicdata\Jira.Api\Jira.Api\Services\JiraRemoteTypes.cs(1567,26): warning CS8618: Non-nullable property 'remoteComments' must contain a non-null value when exiting constructor. Consider adding the 'required' modifier or declaring the property as nullable. [C:\Users\DavidBond\source\repos\panoramicdata\Jira.Api\Jira.Api\Jira.Api.csproj::TargetFramework=net10.0]
C:\Users\DavidBond\source\repos\panoramicdata\Jira.Api\Jira.Api\Services\JiraRemoteTypes.cs(1689,17): warning CS8618: Non-nullable property 'ProjectKey' must contain a non-null value when exiting constructor. Consider adding the 'required' modifier or declaring the property as nullable. [C:\Users\DavidBond\source\repos\panoramicdata\Jira.Api\Jira.Api\Jira.Api.csproj::TargetFramework=net10.0]
C:\Users\DavidBond\source\repos\panoramicdata\Jira.Api\Jira.Api\Models\WorkflowTransitionUpdates.cs(11,16): warning CS8618: Non-nullable property 'Comment' must contain a non-null value when exiting constructor. Consider adding the 'required' modifier or declaring the property as nullable. [C:\Users\DavidBond\source\repos\panoramicdata\Jira.Api\Jira.Api\Jira.Api.csproj::TargetFramework=net10.0]
C:\Users\DavidBond\source\repos\panoramicdata\Jira.Api\Jira.Api\Services\IssueService.cs(61,27): warning CS8602: Dereference of a possibly null reference. [C:\Users\DavidBond\source\repos\panoramicdata\Jira.Api\Jira.Api\Jira.Api.csproj::TargetFramework=net10.0]
C:\Users\DavidBond\source\repos\panoramicdata\Jira.Api\Jira.Api\Services\JiraRemoteTypes.cs(1694,17): warning CS8618: Non-nullable property 'customfieldId' must contain a non-null value when exiting constructor. Consider adding the 'required' modifier or declaring the property as nullable. [C:\Users\DavidBond\source\repos\panoramicdata\Jira.Api\Jira.Api\Jira.Api.csproj::TargetFramework=net10.0]
C:\Users\DavidBond\source\repos\panoramicdata\Jira.Api\Jira.Api\Services\JiraRemoteTypes.cs(1695,17): warning CS8618: Non-nullable property 'key' must contain a non-null value when exiting constructor. Consider adding the 'required' modifier or declaring the property as nullable. [C:\Users\DavidBond\source\repos\panoramicdata\Jira.Api\Jira.Api\Jira.Api.csproj::TargetFramework=net10.0]
C:\Users\DavidBond\source\repos\panoramicdata\Jira.Api\Jira.Api\Services\JiraRemoteTypes.cs(1696,19): warning CS8618: Non-nullable property 'values' must contain a non-null value when exiting constructor. Consider adding the 'required' modifier or declaring the property as nullable. [C:\Users\DavidBond\source\repos\panoramicdata\Jira.Api\Jira.Api\Jira.Api.csproj::TargetFramework=net10.0]
C:\Users\DavidBond\source\repos\panoramicdata\Jira.Api\Jira.Api\Services\JiraRemoteTypes.cs(1699,38): warning CS8618: Non-nullable property 'serializer' must contain a non-null value when exiting constructor. Consider adding the 'required' modifier or declaring the property as nullable. [C:\Users\DavidBond\source\repos\panoramicdata\Jira.Api\Jira.Api\Jira.Api.csproj::TargetFramework=net10.0]
C:\Users\DavidBond\source\repos\panoramicdata\Jira.Api\Jira.Api\Services\JiraRemoteTypes.cs(1702,17): warning CS8618: Non-nullable property 'rawValue' must contain a non-null value when exiting constructor. Consider adding the 'required' modifier or declaring the property as nullable. [C:\Users\DavidBond\source\repos\panoramicdata\Jira.Api\Jira.Api\Jira.Api.csproj::TargetFramework=net10.0]
C:\Users\DavidBond\source\repos\panoramicdata\Jira.Api\Jira.Api\Services\JiraRemoteTypes.cs(1987,18): warning CS8618: Non-nullable field 'idField' must contain a non-null value when exiting constructor. Consider adding the 'required' modifier or declaring the field as nullable. [C:\Users\DavidBond\source\repos\panoramicdata\Jira.Api\Jira.Api\Jira.Api.csproj::TargetFramework=net10.0]
C:\Users\DavidBond\source\repos\panoramicdata\Jira.Api\Jira.Api\Services\JiraRemoteTypes.cs(1989,20): warning CS8618: Non-nullable field 'valuesField' must contain a non-null value when exiting constructor. Consider adding the 'required' modifier or declaring the field as nullable. [C:\Users\DavidBond\source\repos\panoramicdata\Jira.Api\Jira.Api\Jira.Api.csproj::TargetFramework=net10.0]
C:\Users\DavidBond\source\repos\panoramicdata\Jira.Api\Jira.Api\Services\NestedValueJsonConverter.cs(36,10): warning CS8603: Possible null reference return. [C:\Users\DavidBond\source\repos\panoramicdata\Jira.Api\Jira.Api\Jira.Api.csproj::TargetFramework=net10.0]
C:\Users\DavidBond\source\repos\panoramicdata\Jira.Api\Jira.Api\Services\JiraRemoteTypes.cs(1740,18): warning CS8618: Non-nullable field 'authorField' must contain a non-null value when exiting constructor. Consider adding the 'required' modifier or declaring the field as nullable. [C:\Users\DavidBond\source\repos\panoramicdata\Jira.Api\Jira.Api\Jira.Api.csproj::TargetFramework=net10.0]
C:\Users\DavidBond\source\repos\panoramicdata\Jira.Api\Jira.Api\Services\JiraRemoteTypes.cs(1742,18): warning CS8618: Non-nullable field 'descriptionField' must contain a non-null value when exiting constructor. Consider adding the 'required' modifier or declaring the field as nullable. [C:\Users\DavidBond\source\repos\panoramicdata\Jira.Api\Jira.Api\Jira.Api.csproj::TargetFramework=net10.0]
C:\Users\DavidBond\source\repos\panoramicdata\Jira.Api\Jira.Api\Services\JiraRemoteTypes.cs(1744,18): warning CS8618: Non-nullable field 'projectField' must contain a non-null value when exiting constructor. Consider adding the 'required' modifier or declaring the field as nullable. [C:\Users\DavidBond\source\repos\panoramicdata\Jira.Api\Jira.Api\Jira.Api.csproj::TargetFramework=net10.0]
C:\Users\DavidBond\source\repos\panoramicdata\Jira.Api\Jira.Api\Services\JiraRemoteTypes.cs(1746,18): warning CS8618: Non-nullable field 'xmlField' must contain a non-null value when exiting constructor. Consider adding the 'required' modifier or declaring the field as nullable. [C:\Users\DavidBond\source\repos\panoramicdata\Jira.Api\Jira.Api\Jira.Api.csproj::TargetFramework=net10.0]
C:\Users\DavidBond\source\repos\panoramicdata\Jira.Api\Jira.Api\Models\ProjectCategory.cs(14,16): warning CS8618: Non-nullable property 'Description' must contain a non-null value when exiting constructor. Consider adding the 'required' modifier or declaring the property as nullable. [C:\Users\DavidBond\source\repos\panoramicdata\Jira.Api\Jira.Api\Jira.Api.csproj::TargetFramework=net10.0]
C:\Users\DavidBond\source\repos\panoramicdata\Jira.Api\Jira.Api\Services\JiraRemoteTypes.cs(1965,25): warning CS8618: Non-nullable property 'statuses' must contain a non-null value when exiting constructor. Consider adding the 'required' modifier or declaring the property as nullable. [C:\Users\DavidBond\source\repos\panoramicdata\Jira.Api\Jira.Api\Jira.Api.csproj::TargetFramework=net10.0]
C:\Users\DavidBond\source\repos\panoramicdata\Jira.Api\Jira.Api\Models\IssueFieldEditMetadata.cs(69,54): warning CS8602: Dereference of a possibly null reference. [C:\Users\DavidBond\source\repos\panoramicdata\Jira.Api\Jira.Api\Jira.Api.csproj::TargetFramework=net10.0]
C:\Users\DavidBond\source\repos\panoramicdata\Jira.Api\Jira.Api\Models\IssueFieldEditMetadata.cs(69,10): warning CS8619: Nullability of reference types in value of type 'IEnumerable<T?>' doesn't match target type 'IEnumerable<T>'. [C:\Users\DavidBond\source\repos\panoramicdata\Jira.Api\Jira.Api\Jira.Api.csproj::TargetFramework=net10.0]
C:\Users\DavidBond\source\repos\panoramicdata\Jira.Api\Jira.Api\Services\JiraRemoteTypes.cs(1714,18): warning CS8618: Non-nullable field 'descriptionField' must contain a non-null value when exiting constructor. Consider adding the 'required' modifier or declaring the field as nullable. [C:\Users\DavidBond\source\repos\panoramicdata\Jira.Api\Jira.Api\Jira.Api.csproj::TargetFramework=net10.0]
C:\Users\DavidBond\source\repos\panoramicdata\Jira.Api\Jira.Api\Services\JiraRemoteTypes.cs(1817,28): warning CS8618: Non-nullable property 'Schema' must contain a non-null value when exiting constructor. Consider adding the 'required' modifier or declaring the property as nullable. [C:\Users\DavidBond\source\repos\panoramicdata\Jira.Api\Jira.Api\Jira.Api.csproj::TargetFramework=net10.0]
C:\Users\DavidBond\source\repos\panoramicdata\Jira.Api\Jira.Api\Services\JiraRemoteTypes.cs(1283,27): warning CS8618: Non-nullable field 'affectsVersionsField' must contain a non-null value when exiting constructor. Consider adding the 'required' modifier or declaring the field as nullable. [C:\Users\DavidBond\source\repos\panoramicdata\Jira.Api\Jira.Api\Jira.Api.csproj::TargetFramework=net10.0]
C:\Users\DavidBond\source\repos\panoramicdata\Jira.Api\Jira.Api\Services\JiraRemoteTypes.cs(1285,20): warning CS8618: Non-nullable field 'attachmentNamesField' must contain a non-null value when exiting constructor. Consider adding the 'required' modifier or declaring the field as nullable. [C:\Users\DavidBond\source\repos\panoramicdata\Jira.Api\Jira.Api\Jira.Api.csproj::TargetFramework=net10.0]
C:\Users\DavidBond\source\repos\panoramicdata\Jira.Api\Jira.Api\Services\JiraRemoteTypes.cs(1287,29): warning CS8618: Non-nullable field 'componentsField' must contain a non-null value when exiting constructor. Consider adding the 'required' modifier or declaring the field as nullable. [C:\Users\DavidBond\source\repos\panoramicdata\Jira.Api\Jira.Api\Jira.Api.csproj::TargetFramework=net10.0]
C:\Users\DavidBond\source\repos\panoramicdata\Jira.Api\Jira.Api\Services\JiraRemoteTypes.cs(1291,36): warning CS8618: Non-nullable field 'customFieldValuesField' must contain a non-null value when exiting constructor. Consider adding the 'required' modifier or declaring the field as nullable. [C:\Users\DavidBond\source\repos\panoramicdata\Jira.Api\Jira.Api\Jira.Api.csproj::TargetFramework=net10.0]
C:\Users\DavidBond\source\repos\panoramicdata\Jira.Api\Jira.Api\Services\JiraRemoteTypes.cs(1293,18): warning CS8618: Non-nullable field 'descriptionField' must contain a non-null value when exiting constructor. Consider adding the 'required' modifier or declaring the field as nullable. [C:\Users\DavidBond\source\repos\panoramicdata\Jira.Api\Jira.Api\Jira.Api.csproj::TargetFramework=net10.0]
C:\Users\DavidBond\source\repos\panoramicdata\Jira.Api\Jira.Api\Services\JiraRemoteTypes.cs(1297,18): warning CS8618: Non-nullable field 'environmentField' must contain a non-null value when exiting constructor. Consider adding the 'required' modifier or declaring the field as nullable. [C:\Users\DavidBond\source\repos\panoramicdata\Jira.Api\Jira.Api\Jira.Api.csproj::TargetFramework=net10.0]
C:\Users\DavidBond\source\repos\panoramicdata\Jira.Api\Jira.Api\Services\JiraRemoteTypes.cs(1299,27): warning CS8618: Non-nullable field 'fixVersionsField' must contain a non-null value when exiting constructor. Consider adding the 'required' modifier or declaring the field as nullable. [C:\Users\DavidBond\source\repos\panoramicdata\Jira.Api\Jira.Api\Jira.Api.csproj::TargetFramework=net10.0]
C:\Users\DavidBond\source\repos\panoramicdata\Jira.Api\Jira.Api\Services\JiraRemoteTypes.cs(1301,18): warning CS8618: Non-nullable field 'keyField' must contain a non-null value when exiting constructor. Consider adding the 'required' modifier or declaring the field as nullable. [C:\Users\DavidBond\source\repos\panoramicdata\Jira.Api\Jira.Api\Jira.Api.csproj::TargetFramework=net10.0]
C:\Users\DavidBond\source\repos\panoramicdata\Jira.Api\Jira.Api\Services\JiraRemoteTypes.cs(1303,18): warning CS8618: Non-nullable field 'projectField' must contain a non-null value when exiting constructor. Consider adding the 'required' modifier or declaring the field as nullable. [C:\Users\DavidBond\source\repos\panoramicdata\Jira.Api\Jira.Api\Jira.Api.csproj::TargetFramework=net10.0]
C:\Users\DavidBond\source\repos\panoramicdata\Jira.Api\Jira.Api\Services\JiraRemoteTypes.cs(1305,18): warning CS8618: Non-nullable field 'summaryField' must contain a non-null value when exiting constructor. Consider adding the 'required' modifier or declaring the field as nullable. [C:\Users\DavidBond\source\repos\panoramicdata\Jira.Api\Jira.Api\Jira.Api.csproj::TargetFramework=net10.0]
C:\Users\DavidBond\source\repos\panoramicdata\Jira.Api\Jira.Api\Services\JiraRemoteTypes.cs(1325,29): warning CS8618: Non-nullable property 'remoteAttachments' must contain a non-null value when exiting constructor. Consider adding the 'required' modifier or declaring the property as nullable. [C:\Users\DavidBond\source\repos\panoramicdata\Jira.Api\Jira.Api\Jira.Api.csproj::TargetFramework=net10.0]
C:\Users\DavidBond\source\repos\panoramicdata\Jira.Api\Jira.Api\Services\JiraRemoteTypes.cs(1328,30): warning CS8618: Non-nullable property 'remotePagedComments' must contain a non-null value when exiting constructor. Consider adding the 'required' modifier or declaring the property as nullable. [C:\Users\DavidBond\source\repos\panoramicdata\Jira.Api\Jira.Api\Jira.Api.csproj::TargetFramework=net10.0]
C:\Users\DavidBond\source\repos\panoramicdata\Jira.Api\Jira.Api\Services\JiraRemoteTypes.cs(1331,30): warning CS8618: Non-nullable property 'remotePagedWorklogs' must contain a non-null value when exiting constructor. Consider adding the 'required' modifier or declaring the property as nullable. [C:\Users\DavidBond\source\repos\panoramicdata\Jira.Api\Jira.Api\Jira.Api.csproj::TargetFramework=net10.0]
C:\Users\DavidBond\source\repos\panoramicdata\Jira.Api\Jira.Api\Services\JiraRemoteTypes.cs(1336,17): warning CS8618: Non-nullable property 'parentKey' must contain a non-null value when exiting constructor. Consider adding the 'required' modifier or declaring the property as nullable. [C:\Users\DavidBond\source\repos\panoramicdata\Jira.Api\Jira.Api\Jira.Api.csproj::TargetFramework=net10.0]
C:\Users\DavidBond\source\repos\panoramicdata\Jira.Api\Jira.Api\Services\JiraRemoteTypes.cs(1344,19): warning CS8618: Non-nullable property 'labels' must contain a non-null value when exiting constructor. Consider adding the 'required' modifier or declaring the property as nullable. [C:\Users\DavidBond\source\repos\panoramicdata\Jira.Api\Jira.Api\Jira.Api.csproj::TargetFramework=net10.0]
C:\Users\DavidBond\source\repos\panoramicdata\Jira.Api\Jira.Api\Services\JiraRemoteTypes.cs(1347,29): warning CS8618: Non-nullable property 'securityLevelReadOnly' must contain a non-null value when exiting constructor. Consider adding the 'required' modifier or declaring the property as nullable. [C:\Users\DavidBond\source\repos\panoramicdata\Jira.Api\Jira.Api\Jira.Api.csproj::TargetFramework=net10.0]
C:\Users\DavidBond\source\repos\panoramicdata\Jira.Api\Jira.Api\Services\JiraRemoteTypes.cs(1350,32): warning CS8618: Non-nullable property 'timeTracking' must contain a non-null value when exiting constructor. Consider adding the 'required' modifier or declaring the property as nullable. [C:\Users\DavidBond\source\repos\panoramicdata\Jira.Api\Jira.Api\Jira.Api.csproj::TargetFramework=net10.0]
C:\Users\DavidBond\source\repos\panoramicdata\Jira.Api\Jira.Api\Services\JiraRemoteTypes.cs(1353,38): warning CS8618: Non-nullable property 'fieldsReadOnly' must contain a non-null value when exiting constructor. Consider adding the 'required' modifier or declaring the property as nullable. [C:\Users\DavidBond\source\repos\panoramicdata\Jira.Api\Jira.Api\Jira.Api.csproj::TargetFramework=net10.0]
C:\Users\DavidBond\source\repos\panoramicdata\Jira.Api\Jira.Api\Services\JiraRemoteTypes.cs(1483,25): warning CS8618: Non-nullable property 'priority' must contain a non-null value when exiting constructor. Consider adding the 'required' modifier or declaring the property as nullable. [C:\Users\DavidBond\source\repos\panoramicdata\Jira.Api\Jira.Api\Jira.Api.csproj::TargetFramework=net10.0]
C:\Users\DavidBond\source\repos\panoramicdata\Jira.Api\Jira.Api\Services\JiraRemoteTypes.cs(1501,17): warning CS8618: Non-nullable property 'reporter' must contain a non-null value when exiting constructor. Consider adding the 'required' modifier or declaring the property as nullable. [C:\Users\DavidBond\source\repos\panoramicdata\Jira.Api\Jira.Api\Jira.Api.csproj::TargetFramework=net10.0]
C:\Users\DavidBond\source\repos\panoramicdata\Jira.Api\Jira.Api\Services\JiraRemoteTypes.cs(1504,19): warning CS8618: Non-nullable property 'reporterJiraUser' must contain a non-null value when exiting constructor. Consider adding the 'required' modifier or declaring the property as nullable. [C:\Users\DavidBond\source\repos\panoramicdata\Jira.Api\Jira.Api\Jira.Api.csproj::TargetFramework=net10.0]
C:\Users\DavidBond\source\repos\panoramicdata\Jira.Api\Jira.Api\Services\JiraRemoteTypes.cs(1507,17): warning CS8618: Non-nullable property 'assignee' must contain a non-null value when exiting constructor. Consider adding the 'required' modifier or declaring the property as nullable. [C:\Users\DavidBond\source\repos\panoramicdata\Jira.Api\Jira.Api\Jira.Api.csproj::TargetFramework=net10.0]
C:\Users\DavidBond\source\repos\panoramicdata\Jira.Api\Jira.Api\Services\JiraRemoteTypes.cs(1510,19): warning CS8618: Non-nullable property 'assigneeJiraUser' must contain a non-null value when exiting constructor. Consider adding the 'required' modifier or declaring the property as nullable. [C:\Users\DavidBond\source\repos\panoramicdata\Jira.Api\Jira.Api\Jira.Api.csproj::TargetFramework=net10.0]
C:\Users\DavidBond\source\repos\panoramicdata\Jira.Api\Jira.Api\Services\JiraRemoteTypes.cs(1512,27): warning CS8618: Non-nullable property 'resolution' must contain a non-null value when exiting constructor. Consider adding the 'required' modifier or declaring the property as nullable. [C:\Users\DavidBond\source\repos\panoramicdata\Jira.Api\Jira.Api\Jira.Api.csproj::TargetFramework=net10.0]
C:\Users\DavidBond\source\repos\panoramicdata\Jira.Api\Jira.Api\Services\JiraRemoteTypes.cs(1514,23): warning CS8618: Non-nullable property 'status' must contain a non-null value when exiting constructor. Consider adding the 'required' modifier or declaring the property as nullable. [C:\Users\DavidBond\source\repos\panoramicdata\Jira.Api\Jira.Api\Jira.Api.csproj::TargetFramework=net10.0]
C:\Users\DavidBond\source\repos\panoramicdata\Jira.Api\Jira.Api\Services\JiraRemoteTypes.cs(1531,26): warning CS8618: Non-nullable property 'type' must contain a non-null value when exiting constructor. Consider adding the 'required' modifier or declaring the property as nullable. [C:\Users\DavidBond\source\repos\panoramicdata\Jira.Api\Jira.Api\Jira.Api.csproj::TargetFramework=net10.0]
C:\Users\DavidBond\source\repos\panoramicdata\Jira.Api\Jira.Api\Services\JiraRemoteTypes.cs(1548,22): warning CS8618: Non-nullable property 'votesData' must contain a non-null value when exiting constructor. Consider adding the 'required' modifier or declaring the property as nullable. [C:\Users\DavidBond\source\repos\panoramicdata\Jira.Api\Jira.Api\Jira.Api.csproj::TargetFramework=net10.0]
C:\Users\DavidBond\source\repos\panoramicdata\Jira.Api\Jira.Api\Models\ProjectVersionCreationInfo.cs(19,16): warning CS8618: Non-nullable property 'ProjectKey' must contain a non-null value when exiting constructor. Consider adding the 'required' modifier or declaring the property as nullable. [C:\Users\DavidBond\source\repos\panoramicdata\Jira.Api\Jira.Api\Jira.Api.csproj::TargetFramework=net10.0]
C:\Users\DavidBond\source\repos\panoramicdata\Jira.Api\Jira.Api\Models\ProjectVersionCreationInfo.cs(31,16): warning CS8618: Non-nullable property 'Description' must contain a non-null value when exiting constructor. Consider adding the 'required' modifier or declaring the property as nullable. [C:\Users\DavidBond\source\repos\panoramicdata\Jira.Api\Jira.Api\Jira.Api.csproj::TargetFramework=net10.0]
C:\Users\DavidBond\source\repos\panoramicdata\Jira.Api\Jira.Api\Services\JiraRemoteTypes.cs(1823,17): warning CS8618: Non-nullable property 'Custom' must contain a non-null value when exiting constructor. Consider adding the 'required' modifier or declaring the property as nullable. [C:\Users\DavidBond\source\repos\panoramicdata\Jira.Api\Jira.Api\Jira.Api.csproj::TargetFramework=net10.0]
C:\Users\DavidBond\source\repos\panoramicdata\Jira.Api\Jira.Api\Services\JiraRemoteTypes.cs(1826,17): warning CS8618: Non-nullable property 'CustomId' must contain a non-null value when exiting constructor. Consider adding the 'required' modifier or declaring the property as nullable. [C:\Users\DavidBond\source\repos\panoramicdata\Jira.Api\Jira.Api\Jira.Api.csproj::TargetFramework=net10.0]
C:\Users\DavidBond\source\repos\panoramicdata\Jira.Api\Jira.Api\Services\JiraRemoteTypes.cs(1829,17): warning CS8618: Non-nullable property 'Type' must contain a non-null value when exiting constructor. Consider adding the 'required' modifier or declaring the property as nullable. [C:\Users\DavidBond\source\repos\panoramicdata\Jira.Api\Jira.Api\Jira.Api.csproj::TargetFramework=net10.0]
C:\Users\DavidBond\source\repos\panoramicdata\Jira.Api\Jira.Api\Services\JiraRemoteTypes.cs(1832,17): warning CS8618: Non-nullable property 'Items' must contain a non-null value when exiting constructor. Consider adding the 'required' modifier or declaring the property as nullable. [C:\Users\DavidBond\source\repos\panoramicdata\Jira.Api\Jira.Api\Jira.Api.csproj::TargetFramework=net10.0]
C:\Users\DavidBond\source\repos\panoramicdata\Jira.Api\Jira.Api\Services\JiraRemoteTypes.cs(1835,17): warning CS8618: Non-nullable property 'System' must contain a non-null value when exiting constructor. Consider adding the 'required' modifier or declaring the property as nullable. [C:\Users\DavidBond\source\repos\panoramicdata\Jira.Api\Jira.Api\Jira.Api.csproj::TargetFramework=net10.0]
C:\Users\DavidBond\source\repos\panoramicdata\Jira.Api\Jira.Api\Models\ProjectComponentCreationInfo.cs(25,16): warning CS8618: Non-nullable property 'Description' must contain a non-null value when exiting constructor. Consider adding the 'required' modifier or declaring the property as nullable. [C:\Users\DavidBond\source\repos\panoramicdata\Jira.Api\Jira.Api\Jira.Api.csproj::TargetFramework=net10.0]
C:\Users\DavidBond\source\repos\panoramicdata\Jira.Api\Jira.Api\Models\ProjectComponentCreationInfo.cs(31,16): warning CS8618: Non-nullable property 'ProjectKey' must contain a non-null value when exiting constructor. Consider adding the 'required' modifier or declaring the property as nullable. [C:\Users\DavidBond\source\repos\panoramicdata\Jira.Api\Jira.Api\Jira.Api.csproj::TargetFramework=net10.0]
C:\Users\DavidBond\source\repos\panoramicdata\Jira.Api\Jira.Api\Models\Project.cs(46,11): warning CS8603: Possible null reference return. [C:\Users\DavidBond\source\repos\panoramicdata\Jira.Api\Jira.Api\Jira.Api.csproj::TargetFramework=net10.0]
C:\Users\DavidBond\source\repos\panoramicdata\Jira.Api\Jira.Api\Services\JiraRemoteTypes.cs(1850,17): warning CS8618: Non-nullable property 'description' must contain a non-null value when exiting constructor. Consider adding the 'required' modifier or declaring the property as nullable. [C:\Users\DavidBond\source\repos\panoramicdata\Jira.Api\Jira.Api\Jira.Api.csproj::TargetFramework=net10.0]
C:\Users\DavidBond\source\repos\panoramicdata\Jira.Api\Jira.Api\Services\JiraRemoteTypes.cs(1851,17): warning CS8618: Non-nullable property 'iconUrl' must contain a non-null value when exiting constructor. Consider adding the 'required' modifier or declaring the property as nullable. [C:\Users\DavidBond\source\repos\panoramicdata\Jira.Api\Jira.Api\Jira.Api.csproj::TargetFramework=net10.0]
C:\Users\DavidBond\source\repos\panoramicdata\Jira.Api\Jira.Api\Models\ComparableString.cs(101,11): warning CS8073: The result of the expression is always 'false' since a value of type 'DateTime' is never equal to 'null' of type 'DateTime?' [C:\Users\DavidBond\source\repos\panoramicdata\Jira.Api\Jira.Api\Jira.Api.csproj::TargetFramework=net10.0]
C:\Users\DavidBond\source\repos\panoramicdata\Jira.Api\Jira.Api\Services\JiraRemoteTypes.cs(1919,18): warning CS8618: Non-nullable field 'colorField' must contain a non-null value when exiting constructor. Consider adding the 'required' modifier or declaring the field as nullable. [C:\Users\DavidBond\source\repos\panoramicdata\Jira.Api\Jira.Api\Jira.Api.csproj::TargetFramework=net10.0]
C:\Users\DavidBond\source\repos\panoramicdata\Jira.Api\Jira.Api\OAuth\OAuthTokenHelper.cs(67,56): warning CS8602: Dereference of a possibly null reference. [C:\Users\DavidBond\source\repos\panoramicdata\Jira.Api\Jira.Api\Jira.Api.csproj::TargetFramework=net10.0]
C:\Users\DavidBond\source\repos\panoramicdata\Jira.Api\Jira.Api\OAuth\OAuthTokenHelper.cs(74,4): warning CS8604: Possible null reference argument for parameter 'oAuthToken' in 'OAuthRequestToken.OAuthRequestToken(string authorizeUri, string oAuthToken, string oAuthTokenSecret, string oAuthCallbackConfirmation)'. [C:\Users\DavidBond\source\repos\panoramicdata\Jira.Api\Jira.Api\Jira.Api.csproj::TargetFramework=net10.0]
C:\Users\DavidBond\source\repos\panoramicdata\Jira.Api\Jira.Api\OAuth\OAuthTokenHelper.cs(75,4): warning CS8604: Possible null reference argument for parameter 'oAuthTokenSecret' in 'OAuthRequestToken.OAuthRequestToken(string authorizeUri, string oAuthToken, string oAuthTokenSecret, string oAuthCallbackConfirmation)'. [C:\Users\DavidBond\source\repos\panoramicdata\Jira.Api\Jira.Api\Jira.Api.csproj::TargetFramework=net10.0]
C:\Users\DavidBond\source\repos\panoramicdata\Jira.Api\Jira.Api\OAuth\OAuthTokenHelper.cs(76,4): warning CS8604: Possible null reference argument for parameter 'oAuthCallbackConfirmation' in 'OAuthRequestToken.OAuthRequestToken(string authorizeUri, string oAuthToken, string oAuthTokenSecret, string oAuthCallbackConfirmation)'. [C:\Users\DavidBond\source\repos\panoramicdata\Jira.Api\Jira.Api\Jira.Api.csproj::TargetFramework=net10.0]
C:\Users\DavidBond\source\repos\panoramicdata\Jira.Api\Jira.Api\Services\JiraRemoteTypes.cs(1866,31): warning CS8618: Non-nullable property 'statusCategory' must contain a non-null value when exiting constructor. Consider adding the 'required' modifier or declaring the property as nullable. [C:\Users\DavidBond\source\repos\panoramicdata\Jira.Api\Jira.Api\Jira.Api.csproj::TargetFramework=net10.0]
C:\Users\DavidBond\source\repos\panoramicdata\Jira.Api\Jira.Api\Services\JiraRemoteTypes.cs(1857,17): warning CS8618: Non-nullable property 'Key' must contain a non-null value when exiting constructor. Consider adding the 'required' modifier or declaring the property as nullable. [C:\Users\DavidBond\source\repos\panoramicdata\Jira.Api\Jira.Api\Jira.Api.csproj::TargetFramework=net10.0]
C:\Users\DavidBond\source\repos\panoramicdata\Jira.Api\Jira.Api\Services\JiraRemoteTypes.cs(1860,17): warning CS8618: Non-nullable property 'ColorName' must contain a non-null value when exiting constructor. Consider adding the 'required' modifier or declaring the property as nullable. [C:\Users\DavidBond\source\repos\panoramicdata\Jira.Api\Jira.Api\Jira.Api.csproj::TargetFramework=net10.0]
C:\Users\DavidBond\source\repos\panoramicdata\Jira.Api\Jira.Api\Services\JiraRemoteTypes.cs(1895,17): warning CS8618: Non-nullable property 'AutoCompleteUrl' must contain a non-null value when exiting constructor. Consider adding the 'required' modifier or declaring the property as nullable. [C:\Users\DavidBond\source\repos\panoramicdata\Jira.Api\Jira.Api\Jira.Api.csproj::TargetFramework=net10.0]
C:\Users\DavidBond\source\repos\panoramicdata\Jira.Api\Jira.Api\Services\JiraRemoteTypes.cs(1898,44): warning CS8618: Non-nullable property 'Operations' must contain a non-null value when exiting constructor. Consider adding the 'required' modifier or declaring the property as nullable. [C:\Users\DavidBond\source\repos\panoramicdata\Jira.Api\Jira.Api\Jira.Api.csproj::TargetFramework=net10.0]
C:\Users\DavidBond\source\repos\panoramicdata\Jira.Api\Jira.Api\Services\JiraRemoteTypes.cs(1901,17): warning CS8618: Non-nullable property 'AllowedValues' must contain a non-null value when exiting constructor. Consider adding the 'required' modifier or declaring the property as nullable. [C:\Users\DavidBond\source\repos\panoramicdata\Jira.Api\Jira.Api\Jira.Api.csproj::TargetFramework=net10.0]
C:\Users\DavidBond\source\repos\panoramicdata\Jira.Api\Jira.Api\Services\JiraRemoteTypes.cs(1907,28): warning CS8618: Non-nullable property 'Schema' must contain a non-null value when exiting constructor. Consider adding the 'required' modifier or declaring the property as nullable. [C:\Users\DavidBond\source\repos\panoramicdata\Jira.Api\Jira.Api\Jira.Api.csproj::TargetFramework=net10.0]
C:\Users\DavidBond\source\repos\panoramicdata\Jira.Api\Jira.Api\Models\PagedQueryResult.cs(68,11): warning CS8603: Possible null reference return. [C:\Users\DavidBond\source\repos\panoramicdata\Jira.Api\Jira.Api\Jira.Api.csproj::TargetFramework=net10.0]
C:\Users\DavidBond\source\repos\panoramicdata\Jira.Api\Jira.Api\Models\PagedQueryResult.cs(72,11): warning CS8603: Possible null reference return. [C:\Users\DavidBond\source\repos\panoramicdata\Jira.Api\Jira.Api\Jira.Api.csproj::TargetFramework=net10.0]
C:\Users\DavidBond\source\repos\panoramicdata\Jira.Api\Jira.Api\Models\ProjectVersionCollection.cs(25,109): warning CS8602: Dereference of a possibly null reference. [C:\Users\DavidBond\source\repos\panoramicdata\Jira.Api\Jira.Api\Jira.Api.csproj::TargetFramework=net10.0]
C:\Users\DavidBond\source\repos\panoramicdata\Jira.Api\Jira.Api\Services\JiraRemoteTypes.cs(1589,18): warning CS8618: Non-nullable field 'descriptionField' must contain a non-null value when exiting constructor. Consider adding the 'required' modifier or declaring the field as nullable. [C:\Users\DavidBond\source\repos\panoramicdata\Jira.Api\Jira.Api\Jira.Api.csproj::TargetFramework=net10.0]
C:\Users\DavidBond\source\repos\panoramicdata\Jira.Api\Jira.Api\Services\JiraRemoteTypes.cs(1592,17): warning CS8618: Non-nullable property 'ProjectId' must contain a non-null value when exiting constructor. Consider adding the 'required' modifier or declaring the property as nullable. [C:\Users\DavidBond\source\repos\panoramicdata\Jira.Api\Jira.Api\Jira.Api.csproj::TargetFramework=net10.0]
C:\Users\DavidBond\source\repos\panoramicdata\Jira.Api\Jira.Api\Services\JiraRemoteTypes.cs(1595,17): warning CS8618: Non-nullable property 'ProjectKey' must contain a non-null value when exiting constructor. Consider adding the 'required' modifier or declaring the property as nullable. [C:\Users\DavidBond\source\repos\panoramicdata\Jira.Api\Jira.Api\Jira.Api.csproj::TargetFramework=net10.0]
C:\Users\DavidBond\source\repos\panoramicdata\Jira.Api\Jira.Api\Models\CustomFieldValueCollection.cs(152,89): warning CS8602: Dereference of a possibly null reference. [C:\Users\DavidBond\source\repos\panoramicdata\Jira.Api\Jira.Api\Jira.Api.csproj::TargetFramework=net10.0]
C:\Users\DavidBond\source\repos\panoramicdata\Jira.Api\Jira.Api\Models\CustomFieldValueCollection.cs(170,95): warning CS8602: Dereference of a possibly null reference. [C:\Users\DavidBond\source\repos\panoramicdata\Jira.Api\Jira.Api\Jira.Api.csproj::TargetFramework=net10.0]
C:\Users\DavidBond\source\repos\panoramicdata\Jira.Api\Jira.Api\Models\ServerInfo.cs(66,58): warning CS8601: Possible null reference assignment. [C:\Users\DavidBond\source\repos\panoramicdata\Jira.Api\Jira.Api\Jira.Api.csproj::TargetFramework=net10.0]
C:\Users\DavidBond\source\repos\panoramicdata\Jira.Api\Jira.Api\Services\IssueLinkService.cs(46,24): warning CS8602: Dereference of a possibly null reference. [C:\Users\DavidBond\source\repos\panoramicdata\Jira.Api\Jira.Api\Jira.Api.csproj::TargetFramework=net10.0]
C:\Users\DavidBond\source\repos\panoramicdata\Jira.Api\Jira.Api\Services\IssueLinkService.cs(52,73): warning CS8602: Dereference of a possibly null reference. [C:\Users\DavidBond\source\repos\panoramicdata\Jira.Api\Jira.Api\Jira.Api.csproj::TargetFramework=net10.0]
C:\Users\DavidBond\source\repos\panoramicdata\Jira.Api\Jira.Api\Services\IssueLinkService.cs(52,73): warning CS8602: Dereference of a possibly null reference. [C:\Users\DavidBond\source\repos\panoramicdata\Jira.Api\Jira.Api\Jira.Api.csproj::TargetFramework=net10.0]
C:\Users\DavidBond\source\repos\panoramicdata\Jira.Api\Jira.Api\Services\IssueLinkService.cs(58,11): warning CS8602: Dereference of a possibly null reference. [C:\Users\DavidBond\source\repos\panoramicdata\Jira.Api\Jira.Api\Jira.Api.csproj::TargetFramework=net10.0]
C:\Users\DavidBond\source\repos\panoramicdata\Jira.Api\Jira.Api\Services\IssueLinkService.cs(58,11): warning CS8604: Possible null reference argument for parameter 'value' in 'string? Extensions.Value<string>(IEnumerable<JToken> value)'. [C:\Users\DavidBond\source\repos\panoramicdata\Jira.Api\Jira.Api\Jira.Api.csproj::TargetFramework=net10.0]
C:\Users\DavidBond\source\repos\panoramicdata\Jira.Api\Jira.Api\Services\IssueLinkService.cs(61,53): warning CS8620: Argument of type 'List<string?>' cannot be used for parameter 'issueKeys' of type 'IEnumerable<string>' in 'Task<IDictionary<string, Issue>> IIssueService.GetIssuesAsync(IEnumerable<string> issueKeys, CancellationToken cancellationToken = default(CancellationToken))' due to differences in the nullability of reference types. [C:\Users\DavidBond\source\repos\panoramicdata\Jira.Api\Jira.Api\Jira.Api.csproj::TargetFramework=net10.0]
C:\Users\DavidBond\source\repos\panoramicdata\Jira.Api\Jira.Api\Services\IssueLinkService.cs(70,64): warning CS8602: Dereference of a possibly null reference. [C:\Users\DavidBond\source\repos\panoramicdata\Jira.Api\Jira.Api\Jira.Api.csproj::TargetFramework=net10.0]
C:\Users\DavidBond\source\repos\panoramicdata\Jira.Api\Jira.Api\Services\IssueLinkService.cs(73,49): warning CS8600: Converting null literal or possible null value to non-nullable type. [C:\Users\DavidBond\source\repos\panoramicdata\Jira.Api\Jira.Api\Jira.Api.csproj::TargetFramework=net10.0]
C:\Users\DavidBond\source\repos\panoramicdata\Jira.Api\Jira.Api\Services\IssueLinkService.cs(74,47): warning CS8600: Converting null literal or possible null value to non-nullable type. [C:\Users\DavidBond\source\repos\panoramicdata\Jira.Api\Jira.Api\Jira.Api.csproj::TargetFramework=net10.0]
C:\Users\DavidBond\source\repos\panoramicdata\Jira.Api\Jira.Api\Services\IssueLinkService.cs(76,5): warning CS8604: Possible null reference argument for parameter 'linkType' in 'IssueLink.IssueLink(IssueLinkType linkType, Issue outwardIssue, Issue inwardIssue)'. [C:\Users\DavidBond\source\repos\panoramicdata\Jira.Api\Jira.Api\Jira.Api.csproj::TargetFramework=net10.0]
C:\Users\DavidBond\source\repos\panoramicdata\Jira.Api\Jira.Api\Services\JiraRemoteTypes.cs(1881,23): warning CS8618: Non-nullable property 'to' must contain a non-null value when exiting constructor. Consider adding the 'required' modifier or declaring the property as nullable. [C:\Users\DavidBond\source\repos\panoramicdata\Jira.Api\Jira.Api\Jira.Api.csproj::TargetFramework=net10.0]
C:\Users\DavidBond\source\repos\panoramicdata\Jira.Api\Jira.Api\Services\JiraRemoteTypes.cs(1886,56): warning CS8618: Non-nullable property 'fields' must contain a non-null value when exiting constructor. Consider adding the 'required' modifier or declaring the property as nullable. [C:\Users\DavidBond\source\repos\panoramicdata\Jira.Api\Jira.Api\Jira.Api.csproj::TargetFramework=net10.0]
C:\Users\DavidBond\source\repos\panoramicdata\Jira.Api\Jira.Api\Models\JiraNamedEntityCollection.cs(73,27): warning CS8602: Dereference of a possibly null reference. [C:\Users\DavidBond\source\repos\panoramicdata\Jira.Api\Jira.Api\Jira.Api.csproj::TargetFramework=net10.0]
C:\Users\DavidBond\source\repos\panoramicdata\Jira.Api\Jira.Api\Models\ProjectComponentCollection.cs(25,115): warning CS8602: Dereference of a possibly null reference. [C:\Users\DavidBond\source\repos\panoramicdata\Jira.Api\Jira.Api\Jira.Api.csproj::TargetFramework=net10.0]
C:\Users\DavidBond\source\repos\panoramicdata\Jira.Api\Jira.Api\Models\ComparableString.cs(116,11): warning CS8073: The result of the expression is always 'true' since a value of type 'DateTime' is never equal to 'null' of type 'DateTime?' [C:\Users\DavidBond\source\repos\panoramicdata\Jira.Api\Jira.Api\Jira.Api.csproj::TargetFramework=net10.0]
C:\Users\DavidBond\source\repos\panoramicdata\Jira.Api\Jira.Api\Services\IssueRemoteLinkService.cs(46,16): warning CS8602: Dereference of a possibly null reference. [C:\Users\DavidBond\source\repos\panoramicdata\Jira.Api\Jira.Api\Jira.Api.csproj::TargetFramework=net10.0]
C:\Users\DavidBond\source\repos\panoramicdata\Jira.Api\Jira.Api\Services\IssueRemoteLinkService.cs(47,14): warning CS8604: Possible null reference argument for parameter 'value' in 'string? Extensions.Value<string>(IEnumerable<JToken> value)'. [C:\Users\DavidBond\source\repos\panoramicdata\Jira.Api\Jira.Api\Jira.Api.csproj::TargetFramework=net10.0]
C:\Users\DavidBond\source\repos\panoramicdata\Jira.Api\Jira.Api\Services\IssueRemoteLinkService.cs(49,31): warning CS8604: Possible null reference argument for parameter 'remoteUrl' in 'IssueRemoteLink.IssueRemoteLink(string remoteUrl, string title, string summary)'. [C:\Users\DavidBond\source\repos\panoramicdata\Jira.Api\Jira.Api\Jira.Api.csproj::TargetFramework=net10.0]
C:\Users\DavidBond\source\repos\panoramicdata\Jira.Api\Jira.Api\Services\IssueRemoteLinkService.cs(49,36): warning CS8604: Possible null reference argument for parameter 'title' in 'IssueRemoteLink.IssueRemoteLink(string remoteUrl, string title, string summary)'. [C:\Users\DavidBond\source\repos\panoramicdata\Jira.Api\Jira.Api\Jira.Api.csproj::TargetFramework=net10.0]
C:\Users\DavidBond\source\repos\panoramicdata\Jira.Api\Jira.Api\Services\IssueRemoteLinkService.cs(49,43): warning CS8604: Possible null reference argument for parameter 'summary' in 'IssueRemoteLink.IssueRemoteLink(string remoteUrl, string title, string summary)'. [C:\Users\DavidBond\source\repos\panoramicdata\Jira.Api\Jira.Api\Jira.Api.csproj::TargetFramework=net10.0]
C:\Users\DavidBond\source\repos\panoramicdata\Jira.Api\Jira.Api\Services\IssueLinkService.cs(90,20): warning CS8604: Possible null reference argument for parameter 'source' in 'IEnumerable<JObject> Enumerable.Cast<JObject>(IEnumerable source)'. [C:\Users\DavidBond\source\repos\panoramicdata\Jira.Api\Jira.Api\Jira.Api.csproj::TargetFramework=net10.0]
C:\Users\DavidBond\source\repos\panoramicdata\Jira.Api\Jira.Api\Services\IssueLinkService.cs(94,27): warning CS8620: Argument of type 'IEnumerable<IssueLinkType?>' cannot be used for parameter 'entities' of type 'IEnumerable<IssueLinkType>' in 'bool JiraEntityDictionary<IssueLinkType>.TryAdd(IEnumerable<IssueLinkType> entities)' due to differences in the nullability of reference types. [C:\Users\DavidBond\source\repos\panoramicdata\Jira.Api\Jira.Api\Jira.Api.csproj::TargetFramework=net10.0]
C:\Users\DavidBond\source\repos\panoramicdata\Jira.Api\Jira.Api\Services\ServiceLocator.cs(31,40): warning CS8600: Converting null literal or possible null value to non-nullable type. [C:\Users\DavidBond\source\repos\panoramicdata\Jira.Api\Jira.Api\Jira.Api.csproj::TargetFramework=net10.0]
C:\Users\DavidBond\source\repos\panoramicdata\Jira.Api\Jira.Api\JiraRestClient.cs(203,36): warning CS8604: Possible null reference argument for parameter 'bytes' in 'void File.WriteAllBytes(string path, byte[] bytes)'. [C:\Users\DavidBond\source\repos\panoramicdata\Jira.Api\Jira.Api\Jira.Api.csproj::TargetFramework=net10.0]
C:\Users\DavidBond\source\repos\panoramicdata\Jira.Api\Jira.Api\Services\RemoteIssueJsonConverter.cs(49,56): warning CS8602: Dereference of a possibly null reference. [C:\Users\DavidBond\source\repos\panoramicdata\Jira.Api\Jira.Api\Jira.Api.csproj::TargetFramework=net10.0]
C:\Users\DavidBond\source\repos\panoramicdata\Jira.Api\Jira.Api\Services\RemoteIssueJsonConverter.cs(53,3): warning CS8602: Dereference of a possibly null reference. [C:\Users\DavidBond\source\repos\panoramicdata\Jira.Api\Jira.Api\Jira.Api.csproj::TargetFramework=net10.0]
C:\Users\DavidBond\source\repos\panoramicdata\Jira.Api\Jira.Api\Services\RemoteIssueJsonConverter.cs(53,20): warning CS8600: Converting null literal or possible null value to non-nullable type. [C:\Users\DavidBond\source\repos\panoramicdata\Jira.Api\Jira.Api\Jira.Api.csproj::TargetFramework=net10.0]
C:\Users\DavidBond\source\repos\panoramicdata\Jira.Api\Jira.Api\Services\RemoteIssueJsonConverter.cs(53,20): warning CS8601: Possible null reference assignment. [C:\Users\DavidBond\source\repos\panoramicdata\Jira.Api\Jira.Api\Jira.Api.csproj::TargetFramework=net10.0]
C:\Users\DavidBond\source\repos\panoramicdata\Jira.Api\Jira.Api\Services\RemoteIssueJsonConverter.cs(54,21): warning CS8600: Converting null literal or possible null value to non-nullable type. [C:\Users\DavidBond\source\repos\panoramicdata\Jira.Api\Jira.Api\Jira.Api.csproj::TargetFramework=net10.0]
C:\Users\DavidBond\source\repos\panoramicdata\Jira.Api\Jira.Api\Services\RemoteIssueJsonConverter.cs(54,21): warning CS8601: Possible null reference assignment. [C:\Users\DavidBond\source\repos\panoramicdata\Jira.Api\Jira.Api\Jira.Api.csproj::TargetFramework=net10.0]
C:\Users\DavidBond\source\repos\panoramicdata\Jira.Api\Jira.Api\Services\RemoteIssueJsonConverter.cs(57,26): warning CS8601: Possible null reference assignment. [C:\Users\DavidBond\source\repos\panoramicdata\Jira.Api\Jira.Api\Jira.Api.csproj::TargetFramework=net10.0]
C:\Users\DavidBond\source\repos\panoramicdata\Jira.Api\Jira.Api\Services\RemoteIssueJsonConverter.cs(58,26): warning CS8601: Possible null reference assignment. [C:\Users\DavidBond\source\repos\panoramicdata\Jira.Api\Jira.Api\Jira.Api.csproj::TargetFramework=net10.0]
C:\Users\DavidBond\source\repos\panoramicdata\Jira.Api\Jira.Api\Services\RemoteIssueJsonConverter.cs(62,35): warning CS8601: Possible null reference assignment. [C:\Users\DavidBond\source\repos\panoramicdata\Jira.Api\Jira.Api\Jira.Api.csproj::TargetFramework=net10.0]
C:\Users\DavidBond\source\repos\panoramicdata\Jira.Api\Jira.Api\Services\RemoteIssueJsonConverter.cs(65,32): warning CS8619: Nullability of reference types in value of type 'JObject' doesn't match target type 'IDictionary<string, JToken>'. [C:\Users\DavidBond\source\repos\panoramicdata\Jira.Api\Jira.Api\Jira.Api.csproj::TargetFramework=net10.0]
C:\Users\DavidBond\source\repos\panoramicdata\Jira.Api\Jira.Api\OAuth\OAuthTokenHelper.cs(127,4): warning CS8604: Possible null reference argument for parameter 'verifier' in 'OAuth1Authenticator OAuth1Authenticator.ForAccessToken(string consumerKey, string? consumerSecret, string token, string tokenSecret, string verifier)'. [C:\Users\DavidBond\source\repos\panoramicdata\Jira.Api\Jira.Api\Jira.Api.csproj::TargetFramework=net10.0]
C:\Users\DavidBond\source\repos\panoramicdata\Jira.Api\Jira.Api\Services\IssueService.cs(115,16): warning CS8604: Possible null reference argument for parameter 'source' in 'IEnumerable<JObject> Enumerable.Cast<JObject>(IEnumerable source)'. [C:\Users\DavidBond\source\repos\panoramicdata\Jira.Api\Jira.Api\Jira.Api.csproj::TargetFramework=net10.0]
C:\Users\DavidBond\source\repos\panoramicdata\Jira.Api\Jira.Api\Services\IssueService.cs(119,23): warning CS8602: Dereference of a possibly null reference. [C:\Users\DavidBond\source\repos\panoramicdata\Jira.Api\Jira.Api\Jira.Api.csproj::TargetFramework=net10.0]
C:\Users\DavidBond\source\repos\panoramicdata\Jira.Api\Jira.Api\Models\Issue.cs(78,12): warning CS8601: Possible null reference assignment. [C:\Users\DavidBond\source\repos\panoramicdata\Jira.Api\Jira.Api\Jira.Api.csproj::TargetFramework=net10.0]
C:\Users\DavidBond\source\repos\panoramicdata\Jira.Api\Jira.Api\Models\Issue.cs(79,14): warning CS8601: Possible null reference assignment. [C:\Users\DavidBond\source\repos\panoramicdata\Jira.Api\Jira.Api\Jira.Api.csproj::TargetFramework=net10.0]
C:\Users\DavidBond\source\repos\panoramicdata\Jira.Api\Jira.Api\Models\Issue.cs(80,16): warning CS8601: Possible null reference assignment. [C:\Users\DavidBond\source\repos\panoramicdata\Jira.Api\Jira.Api\Jira.Api.csproj::TargetFramework=net10.0]
C:\Users\DavidBond\source\repos\panoramicdata\Jira.Api\Jira.Api\Models\Issue.cs(81,10): warning CS8601: Possible null reference assignment. [C:\Users\DavidBond\source\repos\panoramicdata\Jira.Api\Jira.Api\Jira.Api.csproj::TargetFramework=net10.0]
C:\Users\DavidBond\source\repos\panoramicdata\Jira.Api\Jira.Api\Services\ServiceLocator.cs(40,23): warning CS8600: Converting null literal or possible null value to non-nullable type. [C:\Users\DavidBond\source\repos\panoramicdata\Jira.Api\Jira.Api\Jira.Api.csproj::TargetFramework=net10.0]
C:\Users\DavidBond\source\repos\panoramicdata\Jira.Api\Jira.Api\Services\ServiceLocator.cs(42,46): warning CS8600: Converting null literal or possible null value to non-nullable type. [C:\Users\DavidBond\source\repos\panoramicdata\Jira.Api\Jira.Api\Jira.Api.csproj::TargetFramework=net10.0]
C:\Users\DavidBond\source\repos\panoramicdata\Jira.Api\Jira.Api\Services\ServiceLocator.cs(46,52): warning CS8600: Converting null literal or possible null value to non-nullable type. [C:\Users\DavidBond\source\repos\panoramicdata\Jira.Api\Jira.Api\Jira.Api.csproj::TargetFramework=net10.0]
C:\Users\DavidBond\source\repos\panoramicdata\Jira.Api\Jira.Api\Services\ServiceLocator.cs(48,17): warning CS8600: Converting null literal or possible null value to non-nullable type. [C:\Users\DavidBond\source\repos\panoramicdata\Jira.Api\Jira.Api\Jira.Api.csproj::TargetFramework=net10.0]
C:\Users\DavidBond\source\repos\panoramicdata\Jira.Api\Jira.Api\Services\ServiceLocator.cs(49,34): warning CS8604: Possible null reference argument for parameter 'value' in 'bool ConcurrentDictionary<Type, object>.TryAdd(Type key, object value)'. [C:\Users\DavidBond\source\repos\panoramicdata\Jira.Api\Jira.Api\Jira.Api.csproj::TargetFramework=net10.0]
C:\Users\DavidBond\source\repos\panoramicdata\Jira.Api\Jira.Api\Services\IssueFilterService.cs(76,44): warning CS8602: Dereference of a possibly null reference. [C:\Users\DavidBond\source\repos\panoramicdata\Jira.Api\Jira.Api\Jira.Api.csproj::TargetFramework=net10.0]
C:\Users\DavidBond\source\repos\panoramicdata\Jira.Api\Jira.Api\Services\JiraGroupService.cs(67,15): warning CS8604: Possible null reference argument for parameter 'source' in 'IEnumerable<JObject> Enumerable.Cast<JObject>(IEnumerable source)'. [C:\Users\DavidBond\source\repos\panoramicdata\Jira.Api\Jira.Api\Jira.Api.csproj::TargetFramework=net10.0]
C:\Users\DavidBond\source\repos\panoramicdata\Jira.Api\Jira.Api\Services\JiraGroupService.cs(71,65): warning CS8620: Argument of type 'IEnumerable<JiraUser?>' cannot be used for parameter 'items' of type 'IEnumerable<JiraUser>' in 'PagedQueryResult<JiraUser> PagedQueryResult<JiraUser>.FromJson(JObject pagedJson, IEnumerable<JiraUser> items)' due to differences in the nullability of reference types. [C:\Users\DavidBond\source\repos\panoramicdata\Jira.Api\Jira.Api\Jira.Api.csproj::TargetFramework=net10.0]
C:\Users\DavidBond\source\repos\panoramicdata\Jira.Api\Jira.Api\Services\ProjectVersionService.cs(42,18): warning CS8604: Possible null reference argument for parameter 'source' in 'IEnumerable<JObject> Enumerable.Cast<JObject>(IEnumerable source)'. [C:\Users\DavidBond\source\repos\panoramicdata\Jira.Api\Jira.Api\Jira.Api.csproj::TargetFramework=net10.0]
C:\Users\DavidBond\source\repos\panoramicdata\Jira.Api\Jira.Api\Services\ProjectVersionService.cs(47,5): warning CS8602: Dereference of a possibly null reference. [C:\Users\DavidBond\source\repos\panoramicdata\Jira.Api\Jira.Api\Jira.Api.csproj::TargetFramework=net10.0]
C:\Users\DavidBond\source\repos\panoramicdata\Jira.Api\Jira.Api\OAuth\OAuthTokenHelper.cs(168,55): warning CS8602: Dereference of a possibly null reference. [C:\Users\DavidBond\source\repos\panoramicdata\Jira.Api\Jira.Api\Jira.Api.csproj::TargetFramework=net10.0]
C:\Users\DavidBond\source\repos\panoramicdata\Jira.Api\Jira.Api\OAuth\OAuthTokenHelper.cs(177,59): warning CS8604: Possible null reference argument for parameter 's' in 'int int.Parse(string s, IFormatProvider? provider)'. [C:\Users\DavidBond\source\repos\panoramicdata\Jira.Api\Jira.Api\Jira.Api.csproj::TargetFramework=net10.0]
C:\Users\DavidBond\source\repos\panoramicdata\Jira.Api\Jira.Api\OAuth\OAuthTokenHelper.cs(179,31): warning CS8604: Possible null reference argument for parameter 'oAuthToken' in 'OAuthAccessToken.OAuthAccessToken(string oAuthToken, string oAuthTokenSecret, DateTimeOffset oAuthTokenExpiry)'. [C:\Users\DavidBond\source\repos\panoramicdata\Jira.Api\Jira.Api\Jira.Api.csproj::TargetFramework=net10.0]
C:\Users\DavidBond\source\repos\panoramicdata\Jira.Api\Jira.Api\Services\IssueService.cs(156,10): warning CS8600: Converting null literal or possible null value to non-nullable type. [C:\Users\DavidBond\source\repos\panoramicdata\Jira.Api\Jira.Api\Jira.Api.csproj::TargetFramework=net10.0]
C:\Users\DavidBond\source\repos\panoramicdata\Jira.Api\Jira.Api\Services\IssueService.cs(156,10): warning CS8603: Possible null reference return. [C:\Users\DavidBond\source\repos\panoramicdata\Jira.Api\Jira.Api\Jira.Api.csproj::TargetFramework=net10.0]
C:\Users\DavidBond\source\repos\panoramicdata\Jira.Api\Jira.Api\Services\RemoteIssueJsonConverter.cs(79,28): warning CS8601: Possible null reference assignment. [C:\Users\DavidBond\source\repos\panoramicdata\Jira.Api\Jira.Api\Jira.Api.csproj::TargetFramework=net10.0]
C:\Users\DavidBond\source\repos\panoramicdata\Jira.Api\Jira.Api\Services\RemoteIssueJsonConverter.cs(80,28): warning CS8601: Possible null reference assignment. [C:\Users\DavidBond\source\repos\panoramicdata\Jira.Api\Jira.Api\Jira.Api.csproj::TargetFramework=net10.0]
C:\Users\DavidBond\source\repos\panoramicdata\Jira.Api\Jira.Api\Models\Issue.cs(318,32): warning CS8604: Possible null reference argument for parameter 'field' in 'bool ComparableString.operator ==(ComparableString field, string value)'. [C:\Users\DavidBond\source\repos\panoramicdata\Jira.Api\Jira.Api\Jira.Api.csproj::TargetFramework=net10.0]
C:\Users\DavidBond\source\repos\panoramicdata\Jira.Api\Jira.Api\Models\Issue.cs(318,41): warning CS8625: Cannot convert null literal to non-nullable reference type. [C:\Users\DavidBond\source\repos\panoramicdata\Jira.Api\Jira.Api\Jira.Api.csproj::TargetFramework=net10.0]
C:\Users\DavidBond\source\repos\panoramicdata\Jira.Api\Jira.Api\Models\Issue.cs(318,32): warning CS8600: Converting null literal or possible null value to non-nullable type. [C:\Users\DavidBond\source\repos\panoramicdata\Jira.Api\Jira.Api\Jira.Api.csproj::TargetFramework=net10.0]
C:\Users\DavidBond\source\repos\panoramicdata\Jira.Api\Jira.Api\Models\Issue.cs(322,26): warning CS8601: Possible null reference assignment. [C:\Users\DavidBond\source\repos\panoramicdata\Jira.Api\Jira.Api\Jira.Api.csproj::TargetFramework=net10.0]
C:\Users\DavidBond\source\repos\panoramicdata\Jira.Api\Jira.Api\Models\Issue.cs(326,39): warning CS8604: Possible null reference argument for parameter 'fieldValues' in 'CustomFieldValueCollection CustomFieldValueCollection.Add(string fieldName, string[] fieldValues, ICustomFieldValueSerializer? serializer)'. [C:\Users\DavidBond\source\repos\panoramicdata\Jira.Api\Jira.Api\Jira.Api.csproj::TargetFramework=net10.0]
C:\Users\DavidBond\source\repos\panoramicdata\Jira.Api\Jira.Api\Services\IssueFieldService.cs(40,62): warning CS8600: Converting null literal or possible null value to non-nullable type. [C:\Users\DavidBond\source\repos\panoramicdata\Jira.Api\Jira.Api\Jira.Api.csproj::TargetFramework=net10.0]
C:\Users\DavidBond\source\repos\panoramicdata\Jira.Api\Jira.Api\Services\IssueFieldService.cs(60,19): warning CS8604: Possible null reference argument for parameter 'source' in 'JToken? Enumerable.FirstOrDefault<JToken>(IEnumerable<JToken> source)'. [C:\Users\DavidBond\source\repos\panoramicdata\Jira.Api\Jira.Api\Jira.Api.csproj::TargetFramework=net10.0]
C:\Users\DavidBond\source\repos\panoramicdata\Jira.Api\Jira.Api\Services\IssueFieldService.cs(62,23): warning CS8604: Possible null reference argument for parameter 'source' in 'IEnumerable<CustomField> Enumerable.SelectMany<JToken, CustomField>(IEnumerable<JToken> source, Func<JToken, IEnumerable<CustomField>> selector)'. [C:\Users\DavidBond\source\repos\panoramicdata\Jira.Api\Jira.Api\Jira.Api.csproj::TargetFramework=net10.0]
C:\Users\DavidBond\source\repos\panoramicdata\Jira.Api\Jira.Api\Services\IssueService.cs(170,21): warning CS8602: Dereference of a possibly null reference. [C:\Users\DavidBond\source\repos\panoramicdata\Jira.Api\Jira.Api\Jira.Api.csproj::TargetFramework=net10.0]
C:\Users\DavidBond\source\repos\panoramicdata\Jira.Api\Jira.Api\Services\IssueService.cs(176,26): warning CS8602: Dereference of a possibly null reference. [C:\Users\DavidBond\source\repos\panoramicdata\Jira.Api\Jira.Api\Jira.Api.csproj::TargetFramework=net10.0]
C:\Users\DavidBond\source\repos\panoramicdata\Jira.Api\Jira.Api\Linq\JqlExpressionVisitor.cs(193,31): warning CS8600: Converting null literal or possible null value to non-nullable type. [C:\Users\DavidBond\source\repos\panoramicdata\Jira.Api\Jira.Api\Jira.Api.csproj::TargetFramework=net10.0]
C:\Users\DavidBond\source\repos\panoramicdata\Jira.Api\Jira.Api\Services\IssueFieldService.cs(81,11): warning CS8600: Converting null literal or possible null value to non-nullable type. [C:\Users\DavidBond\source\repos\panoramicdata\Jira.Api\Jira.Api\Jira.Api.csproj::TargetFramework=net10.0]
C:\Users\DavidBond\source\repos\panoramicdata\Jira.Api\Jira.Api\Services\IssueFieldService.cs(81,11): warning CS8602: Dereference of a possibly null reference. [C:\Users\DavidBond\source\repos\panoramicdata\Jira.Api\Jira.Api\Jira.Api.csproj::TargetFramework=net10.0]
C:\Users\DavidBond\source\repos\panoramicdata\Jira.Api\Jira.Api\Services\IssueFieldService.cs(84,43): warning CS8604: Possible null reference argument for parameter 'remoteField' in 'CustomField.CustomField(RemoteField remoteField)'. [C:\Users\DavidBond\source\repos\panoramicdata\Jira.Api\Jira.Api\Jira.Api.csproj::TargetFramework=net10.0]
C:\Users\DavidBond\source\repos\panoramicdata\Jira.Api\Jira.Api\Services\IssueService.cs(205,45): warning CS8602: Dereference of a possibly null reference. [C:\Users\DavidBond\source\repos\panoramicdata\Jira.Api\Jira.Api\Jira.Api.csproj::TargetFramework=net10.0]
C:\Users\DavidBond\source\repos\panoramicdata\Jira.Api\Jira.Api\Linq\JqlExpressionVisitor.cs(280,31): warning CS8602: Dereference of a possibly null reference. [C:\Users\DavidBond\source\repos\panoramicdata\Jira.Api\Jira.Api\Jira.Api.csproj::TargetFramework=net10.0]
C:\Users\DavidBond\source\repos\panoramicdata\Jira.Api\Jira.Api\Linq\JqlExpressionVisitor.cs(280,31): warning CS8604: Possible null reference argument for parameter 's' in 'int int.Parse(string s)'. [C:\Users\DavidBond\source\repos\panoramicdata\Jira.Api\Jira.Api\Jira.Api.csproj::TargetFramework=net10.0]
C:\Users\DavidBond\source\repos\panoramicdata\Jira.Api\Jira.Api\Linq\JqlExpressionVisitor.cs(285,27): warning CS8602: Dereference of a possibly null reference. [C:\Users\DavidBond\source\repos\panoramicdata\Jira.Api\Jira.Api\Jira.Api.csproj::TargetFramework=net10.0]
C:\Users\DavidBond\source\repos\panoramicdata\Jira.Api\Jira.Api\Linq\JqlExpressionVisitor.cs(285,27): warning CS8604: Possible null reference argument for parameter 's' in 'int int.Parse(string s)'. [C:\Users\DavidBond\source\repos\panoramicdata\Jira.Api\Jira.Api\Jira.Api.csproj::TargetFramework=net10.0]
C:\Users\DavidBond\source\repos\panoramicdata\Jira.Api\Jira.Api\Services\RemoteIssueJsonConverter.cs(150,20): warning CS8602: Dereference of a possibly null reference. [C:\Users\DavidBond\source\repos\panoramicdata\Jira.Api\Jira.Api\Jira.Api.csproj::TargetFramework=net10.0]
C:\Users\DavidBond\source\repos\panoramicdata\Jira.Api\Jira.Api\Services\RemoteIssueJsonConverter.cs(153,46): warning CS8602: Dereference of a possibly null reference. [C:\Users\DavidBond\source\repos\panoramicdata\Jira.Api\Jira.Api\Jira.Api.csproj::TargetFramework=net10.0]
C:\Users\DavidBond\source\repos\panoramicdata\Jira.Api\Jira.Api\Services\IssueService.cs(255,11): warning CS8603: Possible null reference return. [C:\Users\DavidBond\source\repos\panoramicdata\Jira.Api\Jira.Api\Jira.Api.csproj::TargetFramework=net10.0]
C:\Users\DavidBond\source\repos\panoramicdata\Jira.Api\Jira.Api\Services\IssueService.cs(259,11): warning CS8603: Possible null reference return. [C:\Users\DavidBond\source\repos\panoramicdata\Jira.Api\Jira.Api\Jira.Api.csproj::TargetFramework=net10.0]
C:\Users\DavidBond\source\repos\panoramicdata\Jira.Api\Jira.Api\Services\IssueService.cs(269,20): warning CS8604: Possible null reference argument for parameter 'value' in 'JObject? Extensions.Value<JObject>(IEnumerable<JToken> value)'. [C:\Users\DavidBond\source\repos\panoramicdata\Jira.Api\Jira.Api\Jira.Api.csproj::TargetFramework=net10.0]
C:\Users\DavidBond\source\repos\panoramicdata\Jira.Api\Jira.Api\Services\IssueService.cs(269,20): warning CS8600: Converting null literal or possible null value to non-nullable type. [C:\Users\DavidBond\source\repos\panoramicdata\Jira.Api\Jira.Api\Jira.Api.csproj::TargetFramework=net10.0]
C:\Users\DavidBond\source\repos\panoramicdata\Jira.Api\Jira.Api\Services\IssueService.cs(271,24): warning CS8602: Dereference of a possibly null reference. [C:\Users\DavidBond\source\repos\panoramicdata\Jira.Api\Jira.Api\Jira.Api.csproj::TargetFramework=net10.0]
C:\Users\DavidBond\source\repos\panoramicdata\Jira.Api\Jira.Api\Services\IssueService.cs(274,51): warning CS8604: Possible null reference argument for parameter 'remoteEntity' in 'IssueFieldEditMetadata.IssueFieldEditMetadata(RemoteIssueFieldMetadata remoteEntity)'. [C:\Users\DavidBond\source\repos\panoramicdata\Jira.Api\Jira.Api\Jira.Api.csproj::TargetFramework=net10.0]
C:\Users\DavidBond\source\repos\panoramicdata\Jira.Api\Jira.Api\Linq\JqlExpressionVisitor.cs(12,24): warning CS8618: Non-nullable field '_jqlWhere' must contain a non-null value when exiting constructor. Consider adding the 'required' modifier or declaring the field as nullable. [C:\Users\DavidBond\source\repos\panoramicdata\Jira.Api\Jira.Api\Jira.Api.csproj::TargetFramework=net10.0]
C:\Users\DavidBond\source\repos\panoramicdata\Jira.Api\Jira.Api\Linq\JqlExpressionVisitor.cs(13,24): warning CS8618: Non-nullable field '_jqlOrderBy' must contain a non-null value when exiting constructor. Consider adding the 'required' modifier or declaring the field as nullable. [C:\Users\DavidBond\source\repos\panoramicdata\Jira.Api\Jira.Api\Jira.Api.csproj::TargetFramework=net10.0]
C:\Users\DavidBond\source\repos\panoramicdata\Jira.Api\Jira.Api\Linq\JqlExpressionVisitor.cs(14,27): warning CS8618: Non-nullable field '_whereExpressions' must contain a non-null value when exiting constructor. Consider adding the 'required' modifier or declaring the field as nullable. [C:\Users\DavidBond\source\repos\panoramicdata\Jira.Api\Jira.Api\Jira.Api.csproj::TargetFramework=net10.0]
C:\Users\DavidBond\source\repos\panoramicdata\Jira.Api\Jira.Api\Services\IssueService.cs(315,18): warning CS8604: Possible null reference argument for parameter 'source' in 'IEnumerable<JObject> Enumerable.Cast<JObject>(IEnumerable source)'. [C:\Users\DavidBond\source\repos\panoramicdata\Jira.Api\Jira.Api\Jira.Api.csproj::TargetFramework=net10.0]
C:\Users\DavidBond\source\repos\panoramicdata\Jira.Api\Jira.Api\Services\IssueService.cs(320,24): warning CS8604: Possible null reference argument for parameter 'remoteComment' in 'Comment.Comment(RemoteComment remoteComment)'. [C:\Users\DavidBond\source\repos\panoramicdata\Jira.Api\Jira.Api\Jira.Api.csproj::TargetFramework=net10.0]
C:\Users\DavidBond\source\repos\panoramicdata\Jira.Api\Jira.Api\Services\IssueService.cs(341,77): warning CS8602: Dereference of a possibly null reference. [C:\Users\DavidBond\source\repos\panoramicdata\Jira.Api\Jira.Api\Jira.Api.csproj::TargetFramework=net10.0]
C:\Users\DavidBond\source\repos\panoramicdata\Jira.Api\Jira.Api\Services\IssueService.cs(343,10): warning CS8604: Possible null reference argument for parameter 'source' in 'IEnumerable<IssueTransition> Enumerable.Select<RemoteTransition, IssueTransition>(IEnumerable<RemoteTransition> source, Func<RemoteTransition, IssueTransition> selector)'. [C:\Users\DavidBond\source\repos\panoramicdata\Jira.Api\Jira.Api\Jira.Api.csproj::TargetFramework=net10.0]
C:\Users\DavidBond\source\repos\panoramicdata\Jira.Api\Jira.Api\Services\IssueService.cs(351,25): warning CS8602: Dereference of a possibly null reference. [C:\Users\DavidBond\source\repos\panoramicdata\Jira.Api\Jira.Api\Jira.Api.csproj::TargetFramework=net10.0]
C:\Users\DavidBond\source\repos\panoramicdata\Jira.Api\Jira.Api\Services\IssueService.cs(352,71): warning CS8602: Dereference of a possibly null reference. [C:\Users\DavidBond\source\repos\panoramicdata\Jira.Api\Jira.Api\Jira.Api.csproj::TargetFramework=net10.0]
C:\Users\DavidBond\source\repos\panoramicdata\Jira.Api\Jira.Api\Services\IssueService.cs(354,10): warning CS8604: Possible null reference argument for parameter 'source' in 'IEnumerable<Attachment> Enumerable.Select<RemoteAttachment, Attachment>(IEnumerable<RemoteAttachment> source, Func<RemoteAttachment, Attachment> selector)'. [C:\Users\DavidBond\source\repos\panoramicdata\Jira.Api\Jira.Api\Jira.Api.csproj::TargetFramework=net10.0]
C:\Users\DavidBond\source\repos\panoramicdata\Jira.Api\Jira.Api\Services\IssueService.cs(363,10): warning CS8602: Dereference of a possibly null reference. [C:\Users\DavidBond\source\repos\panoramicdata\Jira.Api\Jira.Api\Jira.Api.csproj::TargetFramework=net10.0]
C:\Users\DavidBond\source\repos\panoramicdata\Jira.Api\Jira.Api\Services\IssueService.cs(390,10): warning CS8604: Possible null reference argument for parameter 'source' in 'IEnumerable<JiraUser?> Enumerable.Select<JToken, JiraUser?>(IEnumerable<JToken> source, Func<JToken, JiraUser?> selector)'. [C:\Users\DavidBond\source\repos\panoramicdata\Jira.Api\Jira.Api\Jira.Api.csproj::TargetFramework=net10.0]
C:\Users\DavidBond\source\repos\panoramicdata\Jira.Api\Jira.Api\Services\IssueService.cs(390,10): warning CS8619: Nullability of reference types in value of type 'IEnumerable<JiraUser?>' doesn't match target type 'IEnumerable<JiraUser>'. [C:\Users\DavidBond\source\repos\panoramicdata\Jira.Api\Jira.Api\Jira.Api.csproj::TargetFramework=net10.0]
C:\Users\DavidBond\source\repos\panoramicdata\Jira.Api\Jira.Api\Services\IssueService.cs(405,14): warning CS8619: Nullability of reference types in value of type 'IEnumerable<IssueChangeLog?>' doesn't match target type 'IEnumerable<IssueChangeLog>'. [C:\Users\DavidBond\source\repos\panoramicdata\Jira.Api\Jira.Api\Jira.Api.csproj::TargetFramework=net10.0]
C:\Users\DavidBond\source\repos\panoramicdata\Jira.Api\Jira.Api\Services\IssueService.cs(420,89): warning SYSLIB0013: 'Uri.EscapeUriString(string)' is obsolete: 'Uri.EscapeUriString can corrupt the Uri string in some cases. Consider using Uri.EscapeDataString for query string components instead.' (https://aka.ms/dotnet-warnings/SYSLIB0013) [C:\Users\DavidBond\source\repos\panoramicdata\Jira.Api\Jira.Api\Jira.Api.csproj::TargetFramework=net10.0]
C:\Users\DavidBond\source\repos\panoramicdata\Jira.Api\Jira.Api\Models\Issue.cs(1000,16): warning CS8601: Possible null reference assignment. [C:\Users\DavidBond\source\repos\panoramicdata\Jira.Api\Jira.Api\Jira.Api.csproj::TargetFramework=net10.0]
C:\Users\DavidBond\source\repos\panoramicdata\Jira.Api\Jira.Api\Models\Issue.cs(1003,10): warning CS8601: Possible null reference assignment. [C:\Users\DavidBond\source\repos\panoramicdata\Jira.Api\Jira.Api\Jira.Api.csproj::TargetFramework=net10.0]
C:\Users\DavidBond\source\repos\panoramicdata\Jira.Api\Jira.Api\Models\Issue.cs(1009,62): warning CS8601: Possible null reference assignment. [C:\Users\DavidBond\source\repos\panoramicdata\Jira.Api\Jira.Api\Jira.Api.csproj::TargetFramework=net10.0]
C:\Users\DavidBond\source\repos\panoramicdata\Jira.Api\Jira.Api\Models\Issue.cs(1015,74): warning CS8601: Possible null reference assignment. [C:\Users\DavidBond\source\repos\panoramicdata\Jira.Api\Jira.Api\Jira.Api.csproj::TargetFramework=net10.0]
C:\Users\DavidBond\source\repos\panoramicdata\Jira.Api\Jira.Api\Models\Issue.cs(1018,19): warning CS8625: Cannot convert null literal to non-nullable reference type. [C:\Users\DavidBond\source\repos\panoramicdata\Jira.Api\Jira.Api\Jira.Api.csproj::TargetFramework=net10.0]
C:\Users\DavidBond\source\repos\panoramicdata\Jira.Api\Jira.Api\Models\Issue.cs(1021,68): warning CS8601: Possible null reference assignment. [C:\Users\DavidBond\source\repos\panoramicdata\Jira.Api\Jira.Api\Jira.Api.csproj::TargetFramework=net10.0]
C:\Users\DavidBond\source\repos\panoramicdata\Jira.Api\Jira.Api\Models\Issue.cs(1027,61): warning CS8601: Possible null reference assignment. [C:\Users\DavidBond\source\repos\panoramicdata\Jira.Api\Jira.Api\Jira.Api.csproj::TargetFramework=net10.0]
C:\Users\DavidBond\source\repos\panoramicdata\Jira.Api\Jira.Api\Models\Issue.cs(1051,18): warning CS8601: Possible null reference assignment. [C:\Users\DavidBond\source\repos\panoramicdata\Jira.Api\Jira.Api\Jira.Api.csproj::TargetFramework=net10.0]
C:\Users\DavidBond\source\repos\panoramicdata\Jira.Api\Jira.Api\Models\Issue.cs(1070,11): warning CS8603: Possible null reference return. [C:\Users\DavidBond\source\repos\panoramicdata\Jira.Api\Jira.Api\Jira.Api.csproj::TargetFramework=net10.0]
C:\Users\DavidBond\source\repos\panoramicdata\Jira.Api\Jira.Api\Models\Issue.cs(1080,11): warning CS8603: Possible null reference return. [C:\Users\DavidBond\source\repos\panoramicdata\Jira.Api\Jira.Api\Jira.Api.csproj::TargetFramework=net10.0]
C:\Users\DavidBond\source\repos\panoramicdata\Jira.Api\Jira.Api\Models\Issue.cs(1089,11): warning CS8603: Possible null reference return. [C:\Users\DavidBond\source\repos\panoramicdata\Jira.Api\Jira.Api\Jira.Api.csproj::TargetFramework=net10.0]
C:\Users\DavidBond\source\repos\panoramicdata\Jira.Api\Jira.Api\Models\Issue.cs(1093,11): warning CS8603: Possible null reference return. [C:\Users\DavidBond\source\repos\panoramicdata\Jira.Api\Jira.Api\Jira.Api.csproj::TargetFramework=net10.0]
C:\Users\DavidBond\source\repos\panoramicdata\Jira.Api\Jira.Api\Services\IssueService.cs(515,71): warning CS8602: Dereference of a possibly null reference. [C:\Users\DavidBond\source\repos\panoramicdata\Jira.Api\Jira.Api\Jira.Api.csproj::TargetFramework=net10.0]
C:\Users\DavidBond\source\repos\panoramicdata\Jira.Api\Jira.Api\Services\IssueService.cs(517,10): warning CS8604: Possible null reference argument for parameter 'source' in 'IEnumerable<Comment> Enumerable.Select<RemoteComment, Comment>(IEnumerable<RemoteComment> source, Func<RemoteComment, Comment> selector)'. [C:\Users\DavidBond\source\repos\panoramicdata\Jira.Api\Jira.Api\Jira.Api.csproj::TargetFramework=net10.0]
C:\Users\DavidBond\source\repos\panoramicdata\Jira.Api\Jira.Api\Services\IssueService.cs(543,75): warning CS8604: Possible null reference argument for parameter 'stringToEscape' in 'string Uri.EscapeDataString(string stringToEscape)'. [C:\Users\DavidBond\source\repos\panoramicdata\Jira.Api\Jira.Api\Jira.Api.csproj::TargetFramework=net10.0]
C:\Users\DavidBond\source\repos\panoramicdata\Jira.Api\Jira.Api\Services\IssueService.cs(566,75): warning CS8604: Possible null reference argument for parameter 'stringToEscape' in 'string Uri.EscapeDataString(string stringToEscape)'. [C:\Users\DavidBond\source\repos\panoramicdata\Jira.Api\Jira.Api\Jira.Api.csproj::TargetFramework=net10.0]
C:\Users\DavidBond\source\repos\panoramicdata\Jira.Api\Jira.Api\Services\IssueService.cs(579,71): warning CS8602: Dereference of a possibly null reference. [C:\Users\DavidBond\source\repos\panoramicdata\Jira.Api\Jira.Api\Jira.Api.csproj::TargetFramework=net10.0]
C:\Users\DavidBond\source\repos\panoramicdata\Jira.Api\Jira.Api\Services\IssueService.cs(581,10): warning CS8604: Possible null reference argument for parameter 'source' in 'IEnumerable<Worklog> Enumerable.Select<RemoteWorklog, Worklog>(IEnumerable<RemoteWorklog> source, Func<RemoteWorklog, Worklog> selector)'. [C:\Users\DavidBond\source\repos\panoramicdata\Jira.Api\Jira.Api\Jira.Api.csproj::TargetFramework=net10.0]
C:\Users\DavidBond\source\repos\panoramicdata\Jira.Api\Jira.Api\Services\IssueService.cs(618,22): warning CS8602: Dereference of a possibly null reference. [C:\Users\DavidBond\source\repos\panoramicdata\Jira.Api\Jira.Api\Jira.Api.csproj::TargetFramework=net10.0]
C:\Users\DavidBond\source\repos\panoramicdata\Jira.Api\Jira.Api\Services\IssueService.cs(619,10): warning CS8604: Possible null reference argument for parameter 'source' in 'IEnumerable<string> Enumerable.Select<RemoteEntityPropertyReference, string>(IEnumerable<RemoteEntityPropertyReference> source, Func<RemoteEntityPropertyReference, string> selector)'. [C:\Users\DavidBond\source\repos\panoramicdata\Jira.Api\Jira.Api\Jira.Api.csproj::TargetFramework=net10.0]
C:\Users\DavidBond\source\repos\panoramicdata\Jira.Api\Jira.Api\Services\IssueService.cs(645,14): warning CS8603: Possible null reference return. [C:\Users\DavidBond\source\repos\panoramicdata\Jira.Api\Jira.Api\Jira.Api.csproj::TargetFramework=net10.0]
C:\Users\DavidBond\source\repos\panoramicdata\Jira.Api\Jira.Api\Services\IssueService.cs(649,13): warning CS8597: Thrown value may be null. [C:\Users\DavidBond\source\repos\panoramicdata\Jira.Api\Jira.Api\Jira.Api.csproj::TargetFramework=net10.0]
C:\Users\DavidBond\source\repos\panoramicdata\Jira.Api\Jira.Api\Services\IssueService.cs(660,23): warning CS8602: Dereference of a possibly null reference. [C:\Users\DavidBond\source\repos\panoramicdata\Jira.Api\Jira.Api\Jira.Api.csproj::TargetFramework=net10.0]
C:\Users\DavidBond\source\repos\panoramicdata\Jira.Api\Jira.Api\Services\IssueService.cs(660,35): warning CS8602: Dereference of a possibly null reference. [C:\Users\DavidBond\source\repos\panoramicdata\Jira.Api\Jira.Api\Jira.Api.csproj::TargetFramework=net10.0]
C:\Users\DavidBond\source\repos\panoramicdata\Jira.Api\Jira.Api\Services\JiraRemoteTypes.cs(44,18): warning CS1591: Missing XML comment for publicly visible type or member 'RemoteComment.author' [C:\Users\DavidBond\source\repos\panoramicdata\Jira.Api\Jira.Api\Jira.Api.csproj::TargetFramework=net10.0]
C:\Users\DavidBond\source\repos\panoramicdata\Jira.Api\Jira.Api\Services\JiraRemoteTypes.cs(47,20): warning CS1591: Missing XML comment for publicly visible type or member 'RemoteComment.authorUser' [C:\Users\DavidBond\source\repos\panoramicdata\Jira.Api\Jira.Api\Jira.Api.csproj::TargetFramework=net10.0]
C:\Users\DavidBond\source\repos\panoramicdata\Jira.Api\Jira.Api\Services\JiraRemoteTypes.cs(120,18): warning CS1591: Missing XML comment for publicly visible type or member 'RemoteComment.updateAuthor' [C:\Users\DavidBond\source\repos\panoramicdata\Jira.Api\Jira.Api\Jira.Api.csproj::TargetFramework=net10.0]
C:\Users\DavidBond\source\repos\panoramicdata\Jira.Api\Jira.Api\Services\JiraRemoteTypes.cs(123,20): warning CS1591: Missing XML comment for publicly visible type or member 'RemoteComment.updateAuthorUser' [C:\Users\DavidBond\source\repos\panoramicdata\Jira.Api\Jira.Api\Jira.Api.csproj::TargetFramework=net10.0]
C:\Users\DavidBond\source\repos\panoramicdata\Jira.Api\Jira.Api\Services\JiraRemoteTypes.cs(139,73): warning CS1591: Missing XML comment for publicly visible type or member 'RemoteComment.properties' [C:\Users\DavidBond\source\repos\panoramicdata\Jira.Api\Jira.Api\Jira.Api.csproj::TargetFramework=net10.0]
C:\Users\DavidBond\source\repos\panoramicdata\Jira.Api\Jira.Api\Services\JiraRemoteTypes.cs(141,29): warning CS1591: Missing XML comment for publicly visible type or member 'RemoteComment.visibility' [C:\Users\DavidBond\source\repos\panoramicdata\Jira.Api\Jira.Api\Jira.Api.csproj::TargetFramework=net10.0]
C:\Users\DavidBond\source\repos\panoramicdata\Jira.Api\Jira.Api\Services\JiraRemoteTypes.cs(143,18): warning CS1591: Missing XML comment for publicly visible type or member 'RemoteComment.renderedBody' [C:\Users\DavidBond\source\repos\panoramicdata\Jira.Api\Jira.Api\Jira.Api.csproj::TargetFramework=net10.0]
C:\Users\DavidBond\source\repos\panoramicdata\Jira.Api\Jira.Api\Services\JiraRemoteTypes.cs(176,18): warning CS1591: Missing XML comment for publicly visible type or member 'RemoteWorklog.author' [C:\Users\DavidBond\source\repos\panoramicdata\Jira.Api\Jira.Api\Jira.Api.csproj::TargetFramework=net10.0]
C:\Users\DavidBond\source\repos\panoramicdata\Jira.Api\Jira.Api\Services\JiraRemoteTypes.cs(179,20): warning CS1591: Missing XML comment for publicly visible type or member 'RemoteWorklog.authorUser' [C:\Users\DavidBond\source\repos\panoramicdata\Jira.Api\Jira.Api\Jira.Api.csproj::TargetFramework=net10.0]
C:\Users\DavidBond\source\repos\panoramicdata\Jira.Api\Jira.Api\Services\JiraRemoteTypes.cs(587,15): warning CS1591: Missing XML comment for publicly visible type or member 'RemoteJiraUser' [C:\Users\DavidBond\source\repos\panoramicdata\Jira.Api\Jira.Api\Jira.Api.csproj::TargetFramework=net10.0]
C:\Users\DavidBond\source\repos\panoramicdata\Jira.Api\Jira.Api\Services\JiraRemoteTypes.cs(589,17): warning CS1591: Missing XML comment for publicly visible type or member 'RemoteJiraUser.accountId' [C:\Users\DavidBond\source\repos\panoramicdata\Jira.Api\Jira.Api\Jira.Api.csproj::TargetFramework=net10.0]
C:\Users\DavidBond\source\repos\panoramicdata\Jira.Api\Jira.Api\Services\JiraRemoteTypes.cs(590,17): warning CS1591: Missing XML comment for publicly visible type or member 'RemoteJiraUser.key' [C:\Users\DavidBond\source\repos\panoramicdata\Jira.Api\Jira.Api\Jira.Api.csproj::TargetFramework=net10.0]
C:\Users\DavidBond\source\repos\panoramicdata\Jira.Api\Jira.Api\Services\JiraRemoteTypes.cs(591,17): warning CS1591: Missing XML comment for publicly visible type or member 'RemoteJiraUser.name' [C:\Users\DavidBond\source\repos\panoramicdata\Jira.Api\Jira.Api\Jira.Api.csproj::TargetFramework=net10.0]
C:\Users\DavidBond\source\repos\panoramicdata\Jira.Api\Jira.Api\Services\JiraRemoteTypes.cs(592,17): warning CS1591: Missing XML comment for publicly visible type or member 'RemoteJiraUser.displayName' [C:\Users\DavidBond\source\repos\panoramicdata\Jira.Api\Jira.Api\Jira.Api.csproj::TargetFramework=net10.0]
C:\Users\DavidBond\source\repos\panoramicdata\Jira.Api\Jira.Api\Services\JiraRemoteTypes.cs(593,17): warning CS1591: Missing XML comment for publicly visible type or member 'RemoteJiraUser.emailAddress' [C:\Users\DavidBond\source\repos\panoramicdata\Jira.Api\Jira.Api\Jira.Api.csproj::TargetFramework=net10.0]
C:\Users\DavidBond\source\repos\panoramicdata\Jira.Api\Jira.Api\Services\JiraRemoteTypes.cs(594,15): warning CS1591: Missing XML comment for publicly visible type or member 'RemoteJiraUser.active' [C:\Users\DavidBond\source\repos\panoramicdata\Jira.Api\Jira.Api\Jira.Api.csproj::TargetFramework=net10.0]
C:\Users\DavidBond\source\repos\panoramicdata\Jira.Api\Jira.Api\Services\JiraRemoteTypes.cs(595,17): warning CS1591: Missing XML comment for publicly visible type or member 'RemoteJiraUser.locale' [C:\Users\DavidBond\source\repos\panoramicdata\Jira.Api\Jira.Api\Jira.Api.csproj::TargetFramework=net10.0]
C:\Users\DavidBond\source\repos\panoramicdata\Jira.Api\Jira.Api\Services\JiraRemoteTypes.cs(596,17): warning CS1591: Missing XML comment for publicly visible type or member 'RemoteJiraUser.self' [C:\Users\DavidBond\source\repos\panoramicdata\Jira.Api\Jira.Api\Jira.Api.csproj::TargetFramework=net10.0]
C:\Users\DavidBond\source\repos\panoramicdata\Jira.Api\Jira.Api\Services\JiraRemoteTypes.cs(597,21): warning CS1591: Missing XML comment for publicly visible type or member 'RemoteJiraUser.avatarUrls' [C:\Users\DavidBond\source\repos\panoramicdata\Jira.Api\Jira.Api\Jira.Api.csproj::TargetFramework=net10.0]
C:\Users\DavidBond\source\repos\panoramicdata\Jira.Api\Jira.Api\Services\JiraRemoteTypes.cs(820,26): warning CS1591: Missing XML comment for publicly visible type or member 'RemoteProject.projectCategory' [C:\Users\DavidBond\source\repos\panoramicdata\Jira.Api\Jira.Api\Jira.Api.csproj::TargetFramework=net10.0]
C:\Users\DavidBond\source\repos\panoramicdata\Jira.Api\Jira.Api\Services\JiraRemoteTypes.cs(822,21): warning CS1591: Missing XML comment for publicly visible type or member 'RemoteProject.avatarUrls' [C:\Users\DavidBond\source\repos\panoramicdata\Jira.Api\Jira.Api\Jira.Api.csproj::TargetFramework=net10.0]
C:\Users\DavidBond\source\repos\panoramicdata\Jira.Api\Jira.Api\Services\JiraRemoteTypes.cs(867,17): warning CS1591: Missing XML comment for publicly visible type or member 'RemoteProject.lead' [C:\Users\DavidBond\source\repos\panoramicdata\Jira.Api\Jira.Api\Jira.Api.csproj::TargetFramework=net10.0]
C:\Users\DavidBond\source\repos\panoramicdata\Jira.Api\Jira.Api\Services\JiraRemoteTypes.cs(870,19): warning CS1591: Missing XML comment for publicly visible type or member 'RemoteProject.leadUser' [C:\Users\DavidBond\source\repos\panoramicdata\Jira.Api\Jira.Api\Jira.Api.csproj::TargetFramework=net10.0]
C:\Users\DavidBond\source\repos\panoramicdata\Jira.Api\Jira.Api\Services\JiraRemoteTypes.cs(1211,17): warning CS1591: Missing XML comment for publicly visible type or member 'RemoteAttachment.author' [C:\Users\DavidBond\source\repos\panoramicdata\Jira.Api\Jira.Api\Jira.Api.csproj::TargetFramework=net10.0]
C:\Users\DavidBond\source\repos\panoramicdata\Jira.Api\Jira.Api\Services\JiraRemoteTypes.cs(1214,19): warning CS1591: Missing XML comment for publicly visible type or member 'RemoteAttachment.authorUser' [C:\Users\DavidBond\source\repos\panoramicdata\Jira.Api\Jira.Api\Jira.Api.csproj::TargetFramework=net10.0]
C:\Users\DavidBond\source\repos\panoramicdata\Jira.Api\Jira.Api\Services\JiraRemoteTypes.cs(1325,29): warning CS1591: Missing XML comment for publicly visible type or member 'RemoteIssue.remoteAttachments' [C:\Users\DavidBond\source\repos\panoramicdata\Jira.Api\Jira.Api\Jira.Api.csproj::TargetFramework=net10.0]
C:\Users\DavidBond\source\repos\panoramicdata\Jira.Api\Jira.Api\Services\JiraRemoteTypes.cs(1328,30): warning CS1591: Missing XML comment for publicly visible type or member 'RemoteIssue.remotePagedComments' [C:\Users\DavidBond\source\repos\panoramicdata\Jira.Api\Jira.Api\Jira.Api.csproj::TargetFramework=net10.0]
C:\Users\DavidBond\source\repos\panoramicdata\Jira.Api\Jira.Api\Services\JiraRemoteTypes.cs(1331,30): warning CS1591: Missing XML comment for publicly visible type or member 'RemoteIssue.remotePagedWorklogs' [C:\Users\DavidBond\source\repos\panoramicdata\Jira.Api\Jira.Api\Jira.Api.csproj::TargetFramework=net10.0]
C:\Users\DavidBond\source\repos\panoramicdata\Jira.Api\Jira.Api\Services\JiraRemoteTypes.cs(1336,17): warning CS1591: Missing XML comment for publicly visible type or member 'RemoteIssue.parentKey' [C:\Users\DavidBond\source\repos\panoramicdata\Jira.Api\Jira.Api\Jira.Api.csproj::TargetFramework=net10.0]
C:\Users\DavidBond\source\repos\panoramicdata\Jira.Api\Jira.Api\Services\JiraRemoteTypes.cs(1340,43): warning CS1591: Missing XML comment for publicly visible type or member 'RemoteIssue.resolutionDateReadOnly' [C:\Users\DavidBond\source\repos\panoramicdata\Jira.Api\Jira.Api\Jira.Api.csproj::TargetFramework=net10.0]
C:\Users\DavidBond\source\repos\panoramicdata\Jira.Api\Jira.Api\Services\JiraRemoteTypes.cs(1344,19): warning CS1591: Missing XML comment for publicly visible type or member 'RemoteIssue.labels' [C:\Users\DavidBond\source\repos\panoramicdata\Jira.Api\Jira.Api\Jira.Api.csproj::TargetFramework=net10.0]
C:\Users\DavidBond\source\repos\panoramicdata\Jira.Api\Jira.Api\Services\JiraRemoteTypes.cs(1347,29): warning CS1591: Missing XML comment for publicly visible type or member 'RemoteIssue.securityLevelReadOnly' [C:\Users\DavidBond\source\repos\panoramicdata\Jira.Api\Jira.Api\Jira.Api.csproj::TargetFramework=net10.0]
C:\Users\DavidBond\source\repos\panoramicdata\Jira.Api\Jira.Api\Services\JiraRemoteTypes.cs(1350,32): warning CS1591: Missing XML comment for publicly visible type or member 'RemoteIssue.timeTracking' [C:\Users\DavidBond\source\repos\panoramicdata\Jira.Api\Jira.Api\Jira.Api.csproj::TargetFramework=net10.0]
C:\Users\DavidBond\source\repos\panoramicdata\Jira.Api\Jira.Api\Services\JiraRemoteTypes.cs(1353,38): warning CS1591: Missing XML comment for publicly visible type or member 'RemoteIssue.fieldsReadOnly' [C:\Users\DavidBond\source\repos\panoramicdata\Jira.Api\Jira.Api\Jira.Api.csproj::TargetFramework=net10.0]
C:\Users\DavidBond\source\repos\panoramicdata\Jira.Api\Jira.Api\Services\JiraRemoteTypes.cs(1483,25): warning CS1591: Missing XML comment for publicly visible type or member 'RemoteIssue.priority' [C:\Users\DavidBond\source\repos\panoramicdata\Jira.Api\Jira.Api\Jira.Api.csproj::TargetFramework=net10.0]
C:\Users\DavidBond\source\repos\panoramicdata\Jira.Api\Jira.Api\Services\JiraRemoteTypes.cs(1501,17): warning CS1591: Missing XML comment for publicly visible type or member 'RemoteIssue.reporter' [C:\Users\DavidBond\source\repos\panoramicdata\Jira.Api\Jira.Api\Jira.Api.csproj::TargetFramework=net10.0]
C:\Users\DavidBond\source\repos\panoramicdata\Jira.Api\Jira.Api\Services\JiraRemoteTypes.cs(1504,19): warning CS1591: Missing XML comment for publicly visible type or member 'RemoteIssue.reporterJiraUser' [C:\Users\DavidBond\source\repos\panoramicdata\Jira.Api\Jira.Api\Jira.Api.csproj::TargetFramework=net10.0]
C:\Users\DavidBond\source\repos\panoramicdata\Jira.Api\Jira.Api\Services\JiraRemoteTypes.cs(1507,17): warning CS1591: Missing XML comment for publicly visible type or member 'RemoteIssue.assignee' [C:\Users\DavidBond\source\repos\panoramicdata\Jira.Api\Jira.Api\Jira.Api.csproj::TargetFramework=net10.0]
C:\Users\DavidBond\source\repos\panoramicdata\Jira.Api\Jira.Api\Services\JiraRemoteTypes.cs(1510,19): warning CS1591: Missing XML comment for publicly visible type or member 'RemoteIssue.assigneeJiraUser' [C:\Users\DavidBond\source\repos\panoramicdata\Jira.Api\Jira.Api\Jira.Api.csproj::TargetFramework=net10.0]
C:\Users\DavidBond\source\repos\panoramicdata\Jira.Api\Jira.Api\Services\JiraRemoteTypes.cs(1512,27): warning CS1591: Missing XML comment for publicly visible type or member 'RemoteIssue.resolution' [C:\Users\DavidBond\source\repos\panoramicdata\Jira.Api\Jira.Api\Jira.Api.csproj::TargetFramework=net10.0]
C:\Users\DavidBond\source\repos\panoramicdata\Jira.Api\Jira.Api\Services\JiraRemoteTypes.cs(1514,23): warning CS1591: Missing XML comment for publicly visible type or member 'RemoteIssue.status' [C:\Users\DavidBond\source\repos\panoramicdata\Jira.Api\Jira.Api\Jira.Api.csproj::TargetFramework=net10.0]
C:\Users\DavidBond\source\repos\panoramicdata\Jira.Api\Jira.Api\Services\JiraRemoteTypes.cs(1531,26): warning CS1591: Missing XML comment for publicly visible type or member 'RemoteIssue.type' [C:\Users\DavidBond\source\repos\panoramicdata\Jira.Api\Jira.Api\Jira.Api.csproj::TargetFramework=net10.0]
C:\Users\DavidBond\source\repos\panoramicdata\Jira.Api\Jira.Api\Services\JiraRemoteTypes.cs(1548,22): warning CS1591: Missing XML comment for publicly visible type or member 'RemoteIssue.votesData' [C:\Users\DavidBond\source\repos\panoramicdata\Jira.Api\Jira.Api\Jira.Api.csproj::TargetFramework=net10.0]
C:\Users\DavidBond\source\repos\panoramicdata\Jira.Api\Jira.Api\Services\JiraRemoteTypes.cs(1551,15): warning CS1591: Missing XML comment for publicly visible type or member 'RemotePagedResult' [C:\Users\DavidBond\source\repos\panoramicdata\Jira.Api\Jira.Api\Jira.Api.csproj::TargetFramework=net10.0]
C:\Users\DavidBond\source\repos\panoramicdata\Jira.Api\Jira.Api\Services\JiraRemoteTypes.cs(1553,14): warning CS1591: Missing XML comment for publicly visible type or member 'RemotePagedResult.maxResults' [C:\Users\DavidBond\source\repos\panoramicdata\Jira.Api\Jira.Api\Jira.Api.csproj::TargetFramework=net10.0]
C:\Users\DavidBond\source\repos\panoramicdata\Jira.Api\Jira.Api\Services\JiraRemoteTypes.cs(1554,14): warning CS1591: Missing XML comment for publicly visible type or member 'RemotePagedResult.startAt' [C:\Users\DavidBond\source\repos\panoramicdata\Jira.Api\Jira.Api\Jira.Api.csproj::TargetFramework=net10.0]
C:\Users\DavidBond\source\repos\panoramicdata\Jira.Api\Jira.Api\Services\JiraRemoteTypes.cs(1555,14): warning CS1591: Missing XML comment for publicly visible type or member 'RemotePagedResult.total' [C:\Users\DavidBond\source\repos\panoramicdata\Jira.Api\Jira.Api\Jira.Api.csproj::TargetFramework=net10.0]
C:\Users\DavidBond\source\repos\panoramicdata\Jira.Api\Jira.Api\Services\JiraRemoteTypes.cs(1558,15): warning CS1591: Missing XML comment for publicly visible type or member 'RemotePagedWorklogs' [C:\Users\DavidBond\source\repos\panoramicdata\Jira.Api\Jira.Api\Jira.Api.csproj::TargetFramework=net10.0]
C:\Users\DavidBond\source\repos\panoramicdata\Jira.Api\Jira.Api\Services\JiraRemoteTypes.cs(1561,26): warning CS1591: Missing XML comment for publicly visible type or member 'RemotePagedWorklogs.remoteWorklogs' [C:\Users\DavidBond\source\repos\panoramicdata\Jira.Api\Jira.Api\Jira.Api.csproj::TargetFramework=net10.0]
C:\Users\DavidBond\source\repos\panoramicdata\Jira.Api\Jira.Api\Services\JiraRemoteTypes.cs(1564,15): warning CS1591: Missing XML comment for publicly visible type or member 'RemotePagedComments' [C:\Users\DavidBond\source\repos\panoramicdata\Jira.Api\Jira.Api\Jira.Api.csproj::TargetFramework=net10.0]
C:\Users\DavidBond\source\repos\panoramicdata\Jira.Api\Jira.Api\Services\JiraRemoteTypes.cs(1567,26): warning CS1591: Missing XML comment for publicly visible type or member 'RemotePagedComments.remoteComments' [C:\Users\DavidBond\source\repos\panoramicdata\Jira.Api\Jira.Api\Jira.Api.csproj::TargetFramework=net10.0]
C:\Users\DavidBond\source\repos\panoramicdata\Jira.Api\Jira.Api\Services\JiraRemoteTypes.cs(1592,17): warning CS1591: Missing XML comment for publicly visible type or member 'RemoteVersion.ProjectId' [C:\Users\DavidBond\source\repos\panoramicdata\Jira.Api\Jira.Api\Jira.Api.csproj::TargetFramework=net10.0]
C:\Users\DavidBond\source\repos\panoramicdata\Jira.Api\Jira.Api\Services\JiraRemoteTypes.cs(1595,17): warning CS1591: Missing XML comment for publicly visible type or member 'RemoteVersion.ProjectKey' [C:\Users\DavidBond\source\repos\panoramicdata\Jira.Api\Jira.Api\Jira.Api.csproj::TargetFramework=net10.0]
C:\Users\DavidBond\source\repos\panoramicdata\Jira.Api\Jira.Api\Services\JiraRemoteTypes.cs(1667,17): warning CS1591: Missing XML comment for publicly visible type or member 'RemoteVersion.description' [C:\Users\DavidBond\source\repos\panoramicdata\Jira.Api\Jira.Api\Jira.Api.csproj::TargetFramework=net10.0]
C:\Users\DavidBond\source\repos\panoramicdata\Jira.Api\Jira.Api\Services\JiraRemoteTypes.cs(1689,17): warning CS1591: Missing XML comment for publicly visible type or member 'RemoteComponent.ProjectKey' [C:\Users\DavidBond\source\repos\panoramicdata\Jira.Api\Jira.Api\Jira.Api.csproj::TargetFramework=net10.0]
C:\Users\DavidBond\source\repos\panoramicdata\Jira.Api\Jira.Api\Services\JiraRemoteTypes.cs(1692,23): warning CS1591: Missing XML comment for publicly visible type or member 'RemoteCustomFieldValue' [C:\Users\DavidBond\source\repos\panoramicdata\Jira.Api\Jira.Api\Jira.Api.csproj::TargetFramework=net10.0]
C:\Users\DavidBond\source\repos\panoramicdata\Jira.Api\Jira.Api\Services\JiraRemoteTypes.cs(1694,17): warning CS1591: Missing XML comment for publicly visible type or member 'RemoteCustomFieldValue.customfieldId' [C:\Users\DavidBond\source\repos\panoramicdata\Jira.Api\Jira.Api\Jira.Api.csproj::TargetFramework=net10.0]
C:\Users\DavidBond\source\repos\panoramicdata\Jira.Api\Jira.Api\Services\JiraRemoteTypes.cs(1695,17): warning CS1591: Missing XML comment for publicly visible type or member 'RemoteCustomFieldValue.key' [C:\Users\DavidBond\source\repos\panoramicdata\Jira.Api\Jira.Api\Jira.Api.csproj::TargetFramework=net10.0]
C:\Users\DavidBond\source\repos\panoramicdata\Jira.Api\Jira.Api\Services\JiraRemoteTypes.cs(1696,19): warning CS1591: Missing XML comment for publicly visible type or member 'RemoteCustomFieldValue.values' [C:\Users\DavidBond\source\repos\panoramicdata\Jira.Api\Jira.Api\Jira.Api.csproj::TargetFramework=net10.0]
C:\Users\DavidBond\source\repos\panoramicdata\Jira.Api\Jira.Api\Services\JiraRemoteTypes.cs(1699,38): warning CS1591: Missing XML comment for publicly visible type or member 'RemoteCustomFieldValue.serializer' [C:\Users\DavidBond\source\repos\panoramicdata\Jira.Api\Jira.Api\Jira.Api.csproj::TargetFramework=net10.0]
C:\Users\DavidBond\source\repos\panoramicdata\Jira.Api\Jira.Api\Services\JiraRemoteTypes.cs(1702,17): warning CS1591: Missing XML comment for publicly visible type or member 'RemoteCustomFieldValue.rawValue' [C:\Users\DavidBond\source\repos\panoramicdata\Jira.Api\Jira.Api\Jira.Api.csproj::TargetFramework=net10.0]
C:\Users\DavidBond\source\repos\panoramicdata\Jira.Api\Jira.Api\Services\JiraRemoteTypes.cs(1814,15): warning CS1591: Missing XML comment for publicly visible type or member 'RemoteField.IsCustomField' [C:\Users\DavidBond\source\repos\panoramicdata\Jira.Api\Jira.Api\Jira.Api.csproj::TargetFramework=net10.0]
C:\Users\DavidBond\source\repos\panoramicdata\Jira.Api\Jira.Api\Services\JiraRemoteTypes.cs(1817,28): warning CS1591: Missing XML comment for publicly visible type or member 'RemoteField.Schema' [C:\Users\DavidBond\source\repos\panoramicdata\Jira.Api\Jira.Api\Jira.Api.csproj::TargetFramework=net10.0]
C:\Users\DavidBond\source\repos\panoramicdata\Jira.Api\Jira.Api\Services\JiraRemoteTypes.cs(1820,15): warning CS1591: Missing XML comment for publicly visible type or member 'RemoteFieldSchema' [C:\Users\DavidBond\source\repos\panoramicdata\Jira.Api\Jira.Api\Jira.Api.csproj::TargetFramework=net10.0]
C:\Users\DavidBond\source\repos\panoramicdata\Jira.Api\Jira.Api\Services\JiraRemoteTypes.cs(1823,17): warning CS1591: Missing XML comment for publicly visible type or member 'RemoteFieldSchema.Custom' [C:\Users\DavidBond\source\repos\panoramicdata\Jira.Api\Jira.Api\Jira.Api.csproj::TargetFramework=net10.0]
C:\Users\DavidBond\source\repos\panoramicdata\Jira.Api\Jira.Api\Services\JiraRemoteTypes.cs(1826,17): warning CS1591: Missing XML comment for publicly visible type or member 'RemoteFieldSchema.CustomId' [C:\Users\DavidBond\source\repos\panoramicdata\Jira.Api\Jira.Api\Jira.Api.csproj::TargetFramework=net10.0]
C:\Users\DavidBond\source\repos\panoramicdata\Jira.Api\Jira.Api\Services\JiraRemoteTypes.cs(1829,17): warning CS1591: Missing XML comment for publicly visible type or member 'RemoteFieldSchema.Type' [C:\Users\DavidBond\source\repos\panoramicdata\Jira.Api\Jira.Api\Jira.Api.csproj::TargetFramework=net10.0]
C:\Users\DavidBond\source\repos\panoramicdata\Jira.Api\Jira.Api\Services\JiraRemoteTypes.cs(1832,17): warning CS1591: Missing XML comment for publicly visible type or member 'RemoteFieldSchema.Items' [C:\Users\DavidBond\source\repos\panoramicdata\Jira.Api\Jira.Api\Jira.Api.csproj::TargetFramework=net10.0]
C:\Users\DavidBond\source\repos\panoramicdata\Jira.Api\Jira.Api\Services\JiraRemoteTypes.cs(1835,17): warning CS1591: Missing XML comment for publicly visible type or member 'RemoteFieldSchema.System' [C:\Users\DavidBond\source\repos\panoramicdata\Jira.Api\Jira.Api\Jira.Api.csproj::TargetFramework=net10.0]
C:\Users\DavidBond\source\repos\panoramicdata\Jira.Api\Jira.Api\Services\JiraRemoteTypes.cs(1850,17): warning CS1591: Missing XML comment for publicly visible type or member 'AbstractRemoteConstant.description' [C:\Users\DavidBond\source\repos\panoramicdata\Jira.Api\Jira.Api\Jira.Api.csproj::TargetFramework=net10.0]
C:\Users\DavidBond\source\repos\panoramicdata\Jira.Api\Jira.Api\Services\JiraRemoteTypes.cs(1851,17): warning CS1591: Missing XML comment for publicly visible type or member 'AbstractRemoteConstant.iconUrl' [C:\Users\DavidBond\source\repos\panoramicdata\Jira.Api\Jira.Api\Jira.Api.csproj::TargetFramework=net10.0]
C:\Users\DavidBond\source\repos\panoramicdata\Jira.Api\Jira.Api\Services\JiraRemoteTypes.cs(1854,15): warning CS1591: Missing XML comment for publicly visible type or member 'RemoteStatusCategory' [C:\Users\DavidBond\source\repos\panoramicdata\Jira.Api\Jira.Api\Jira.Api.csproj::TargetFramework=net10.0]
C:\Users\DavidBond\source\repos\panoramicdata\Jira.Api\Jira.Api\Services\JiraRemoteTypes.cs(1857,17): warning CS1591: Missing XML comment for publicly visible type or member 'RemoteStatusCategory.Key' [C:\Users\DavidBond\source\repos\panoramicdata\Jira.Api\Jira.Api\Jira.Api.csproj::TargetFramework=net10.0]
C:\Users\DavidBond\source\repos\panoramicdata\Jira.Api\Jira.Api\Services\JiraRemoteTypes.cs(1860,17): warning CS1591: Missing XML comment for publicly visible type or member 'RemoteStatusCategory.ColorName' [C:\Users\DavidBond\source\repos\panoramicdata\Jira.Api\Jira.Api\Jira.Api.csproj::TargetFramework=net10.0]
C:\Users\DavidBond\source\repos\panoramicdata\Jira.Api\Jira.Api\Services\JiraRemoteTypes.cs(1863,23): warning CS1591: Missing XML comment for publicly visible type or member 'RemoteStatus' [C:\Users\DavidBond\source\repos\panoramicdata\Jira.Api\Jira.Api\Jira.Api.csproj::TargetFramework=net10.0]
C:\Users\DavidBond\source\repos\panoramicdata\Jira.Api\Jira.Api\Services\JiraRemoteTypes.cs(1866,31): warning CS1591: Missing XML comment for publicly visible type or member 'RemoteStatus.statusCategory' [C:\Users\DavidBond\source\repos\panoramicdata\Jira.Api\Jira.Api\Jira.Api.csproj::TargetFramework=net10.0]
C:\Users\DavidBond\source\repos\panoramicdata\Jira.Api\Jira.Api\Services\JiraRemoteTypes.cs(1879,23): warning CS1591: Missing XML comment for publicly visible type or member 'RemoteTransition' [C:\Users\DavidBond\source\repos\panoramicdata\Jira.Api\Jira.Api\Jira.Api.csproj::TargetFramework=net10.0]
C:\Users\DavidBond\source\repos\panoramicdata\Jira.Api\Jira.Api\Services\JiraRemoteTypes.cs(1881,23): warning CS1591: Missing XML comment for publicly visible type or member 'RemoteTransition.to' [C:\Users\DavidBond\source\repos\panoramicdata\Jira.Api\Jira.Api\Jira.Api.csproj::TargetFramework=net10.0]
C:\Users\DavidBond\source\repos\panoramicdata\Jira.Api\Jira.Api\Services\JiraRemoteTypes.cs(1882,15): warning CS1591: Missing XML comment for publicly visible type or member 'RemoteTransition.hasScreen' [C:\Users\DavidBond\source\repos\panoramicdata\Jira.Api\Jira.Api\Jira.Api.csproj::TargetFramework=net10.0]
C:\Users\DavidBond\source\repos\panoramicdata\Jira.Api\Jira.Api\Services\JiraRemoteTypes.cs(1883,15): warning CS1591: Missing XML comment for publicly visible type or member 'RemoteTransition.isGlobal' [C:\Users\DavidBond\source\repos\panoramicdata\Jira.Api\Jira.Api\Jira.Api.csproj::TargetFramework=net10.0]
C:\Users\DavidBond\source\repos\panoramicdata\Jira.Api\Jira.Api\Services\JiraRemoteTypes.cs(1884,15): warning CS1591: Missing XML comment for publicly visible type or member 'RemoteTransition.isInitial' [C:\Users\DavidBond\source\repos\panoramicdata\Jira.Api\Jira.Api\Jira.Api.csproj::TargetFramework=net10.0]
C:\Users\DavidBond\source\repos\panoramicdata\Jira.Api\Jira.Api\Services\JiraRemoteTypes.cs(1885,15): warning CS1591: Missing XML comment for publicly visible type or member 'RemoteTransition.isConditional' [C:\Users\DavidBond\source\repos\panoramicdata\Jira.Api\Jira.Api\Jira.Api.csproj::TargetFramework=net10.0]
C:\Users\DavidBond\source\repos\panoramicdata\Jira.Api\Jira.Api\Services\JiraRemoteTypes.cs(1886,56): warning CS1591: Missing XML comment for publicly visible type or member 'RemoteTransition.fields' [C:\Users\DavidBond\source\repos\panoramicdata\Jira.Api\Jira.Api\Jira.Api.csproj::TargetFramework=net10.0]
C:\Users\DavidBond\source\repos\panoramicdata\Jira.Api\Jira.Api\Services\JiraRemoteTypes.cs(1889,23): warning CS1591: Missing XML comment for publicly visible type or member 'RemoteIssueFieldMetadata' [C:\Users\DavidBond\source\repos\panoramicdata\Jira.Api\Jira.Api\Jira.Api.csproj::TargetFramework=net10.0]
C:\Users\DavidBond\source\repos\panoramicdata\Jira.Api\Jira.Api\Services\JiraRemoteTypes.cs(1892,15): warning CS1591: Missing XML comment for publicly visible type or member 'RemoteIssueFieldMetadata.Required' [C:\Users\DavidBond\source\repos\panoramicdata\Jira.Api\Jira.Api\Jira.Api.csproj::TargetFramework=net10.0]
C:\Users\DavidBond\source\repos\panoramicdata\Jira.Api\Jira.Api\Services\JiraRemoteTypes.cs(1895,17): warning CS1591: Missing XML comment for publicly visible type or member 'RemoteIssueFieldMetadata.AutoCompleteUrl' [C:\Users\DavidBond\source\repos\panoramicdata\Jira.Api\Jira.Api\Jira.Api.csproj::TargetFramework=net10.0]
C:\Users\DavidBond\source\repos\panoramicdata\Jira.Api\Jira.Api\Services\JiraRemoteTypes.cs(1898,44): warning CS1591: Missing XML comment for publicly visible type or member 'RemoteIssueFieldMetadata.Operations' [C:\Users\DavidBond\source\repos\panoramicdata\Jira.Api\Jira.Api\Jira.Api.csproj::TargetFramework=net10.0]
C:\Users\DavidBond\source\repos\panoramicdata\Jira.Api\Jira.Api\Services\JiraRemoteTypes.cs(1901,17): warning CS1591: Missing XML comment for publicly visible type or member 'RemoteIssueFieldMetadata.AllowedValues' [C:\Users\DavidBond\source\repos\panoramicdata\Jira.Api\Jira.Api\Jira.Api.csproj::TargetFramework=net10.0]
C:\Users\DavidBond\source\repos\panoramicdata\Jira.Api\Jira.Api\Services\JiraRemoteTypes.cs(1904,15): warning CS1591: Missing XML comment for publicly visible type or member 'RemoteIssueFieldMetadata.HasDefaultValue' [C:\Users\DavidBond\source\repos\panoramicdata\Jira.Api\Jira.Api\Jira.Api.csproj::TargetFramework=net10.0]
C:\Users\DavidBond\source\repos\panoramicdata\Jira.Api\Jira.Api\Services\JiraRemoteTypes.cs(1907,28): warning CS1591: Missing XML comment for publicly visible type or member 'RemoteIssueFieldMetadata.Schema' [C:\Users\DavidBond\source\repos\panoramicdata\Jira.Api\Jira.Api\Jira.Api.csproj::TargetFramework=net10.0]
C:\Users\DavidBond\source\repos\panoramicdata\Jira.Api\Jira.Api\Services\JiraRemoteTypes.cs(1936,23): warning CS1591: Missing XML comment for publicly visible type or member 'RemoteIssueType' [C:\Users\DavidBond\source\repos\panoramicdata\Jira.Api\Jira.Api\Jira.Api.csproj::TargetFramework=net10.0]
C:\Users\DavidBond\source\repos\panoramicdata\Jira.Api\Jira.Api\Services\JiraRemoteTypes.cs(1956,15): warning CS1591: Missing XML comment for publicly visible type or member 'RemoteIssueType.subTaskDeserializer' [C:\Users\DavidBond\source\repos\panoramicdata\Jira.Api\Jira.Api\Jira.Api.csproj::TargetFramework=net10.0]
C:\Users\DavidBond\source\repos\panoramicdata\Jira.Api\Jira.Api\Services\JiraRemoteTypes.cs(1965,25): warning CS1591: Missing XML comment for publicly visible type or member 'RemoteIssueType.statuses' [C:\Users\DavidBond\source\repos\panoramicdata\Jira.Api\Jira.Api\Jira.Api.csproj::TargetFramework=net10.0]
C:\Users\DavidBond\source\repos\panoramicdata\Jira.Api\Jira.Api\Services\JiraRemoteTypes.cs(2180,15): warning CS1591: Missing XML comment for publicly visible type or member 'RemoteHealthCheck' [C:\Users\DavidBond\source\repos\panoramicdata\Jira.Api\Jira.Api\Jira.Api.csproj::TargetFramework=net10.0]
C:\Users\DavidBond\source\repos\panoramicdata\Jira.Api\Jira.Api\Services\JiraRemoteTypes.cs(2182,17): warning CS1591: Missing XML comment for publicly visible type or member 'RemoteHealthCheck.name' [C:\Users\DavidBond\source\repos\panoramicdata\Jira.Api\Jira.Api\Jira.Api.csproj::TargetFramework=net10.0]
C:\Users\DavidBond\source\repos\panoramicdata\Jira.Api\Jira.Api\Services\JiraRemoteTypes.cs(2183,17): warning CS1591: Missing XML comment for publicly visible type or member 'RemoteHealthCheck.description' [C:\Users\DavidBond\source\repos\panoramicdata\Jira.Api\Jira.Api\Jira.Api.csproj::TargetFramework=net10.0]
C:\Users\DavidBond\source\repos\panoramicdata\Jira.Api\Jira.Api\Services\JiraRemoteTypes.cs(2184,15): warning CS1591: Missing XML comment for publicly visible type or member 'RemoteHealthCheck.passed' [C:\Users\DavidBond\source\repos\panoramicdata\Jira.Api\Jira.Api\Jira.Api.csproj::TargetFramework=net10.0]
C:\Users\DavidBond\source\repos\panoramicdata\Jira.Api\Jira.Api\Services\JiraRemoteTypes.cs(2187,15): warning CS1591: Missing XML comment for publicly visible type or member 'RemoteServerInfo' [C:\Users\DavidBond\source\repos\panoramicdata\Jira.Api\Jira.Api\Jira.Api.csproj::TargetFramework=net10.0]
C:\Users\DavidBond\source\repos\panoramicdata\Jira.Api\Jira.Api\Services\JiraRemoteTypes.cs(2189,17): warning CS1591: Missing XML comment for publicly visible type or member 'RemoteServerInfo.baseUrl' [C:\Users\DavidBond\source\repos\panoramicdata\Jira.Api\Jira.Api\Jira.Api.csproj::TargetFramework=net10.0]
C:\Users\DavidBond\source\repos\panoramicdata\Jira.Api\Jira.Api\Services\JiraRemoteTypes.cs(2190,17): warning CS1591: Missing XML comment for publicly visible type or member 'RemoteServerInfo.version' [C:\Users\DavidBond\source\repos\panoramicdata\Jira.Api\Jira.Api\Jira.Api.csproj::TargetFramework=net10.0]
C:\Users\DavidBond\source\repos\panoramicdata\Jira.Api\Jira.Api\Services\JiraRemoteTypes.cs(2191,16): warning CS1591: Missing XML comment for publicly visible type or member 'RemoteServerInfo.versionNumbers' [C:\Users\DavidBond\source\repos\panoramicdata\Jira.Api\Jira.Api\Jira.Api.csproj::TargetFramework=net10.0]
C:\Users\DavidBond\source\repos\panoramicdata\Jira.Api\Jira.Api\Services\JiraRemoteTypes.cs(2192,17): warning CS1591: Missing XML comment for publicly visible type or member 'RemoteServerInfo.deploymentType' [C:\Users\DavidBond\source\repos\panoramicdata\Jira.Api\Jira.Api\Jira.Api.csproj::TargetFramework=net10.0]
C:\Users\DavidBond\source\repos\panoramicdata\Jira.Api\Jira.Api\Services\JiraRemoteTypes.cs(2193,14): warning CS1591: Missing XML comment for publicly visible type or member 'RemoteServerInfo.buildNumber' [C:\Users\DavidBond\source\repos\panoramicdata\Jira.Api\Jira.Api\Jira.Api.csproj::TargetFramework=net10.0]
C:\Users\DavidBond\source\repos\panoramicdata\Jira.Api\Jira.Api\Services\JiraRemoteTypes.cs(2194,26): warning CS1591: Missing XML comment for publicly visible type or member 'RemoteServerInfo.buildDate' [C:\Users\DavidBond\source\repos\panoramicdata\Jira.Api\Jira.Api\Jira.Api.csproj::TargetFramework=net10.0]
C:\Users\DavidBond\source\repos\panoramicdata\Jira.Api\Jira.Api\Services\JiraRemoteTypes.cs(2195,26): warning CS1591: Missing XML comment for publicly visible type or member 'RemoteServerInfo.serverTime' [C:\Users\DavidBond\source\repos\panoramicdata\Jira.Api\Jira.Api\Jira.Api.csproj::TargetFramework=net10.0]
C:\Users\DavidBond\source\repos\panoramicdata\Jira.Api\Jira.Api\Services\JiraRemoteTypes.cs(2196,17): warning CS1591: Missing XML comment for publicly visible type or member 'RemoteServerInfo.scmInfo' [C:\Users\DavidBond\source\repos\panoramicdata\Jira.Api\Jira.Api\Jira.Api.csproj::TargetFramework=net10.0]
C:\Users\DavidBond\source\repos\panoramicdata\Jira.Api\Jira.Api\Services\JiraRemoteTypes.cs(2197,17): warning CS1591: Missing XML comment for publicly visible type or member 'RemoteServerInfo.buildPartnerName' [C:\Users\DavidBond\source\repos\panoramicdata\Jira.Api\Jira.Api\Jira.Api.csproj::TargetFramework=net10.0]
C:\Users\DavidBond\source\repos\panoramicdata\Jira.Api\Jira.Api\Services\JiraRemoteTypes.cs(2198,17): warning CS1591: Missing XML comment for publicly visible type or member 'RemoteServerInfo.serverTitle' [C:\Users\DavidBond\source\repos\panoramicdata\Jira.Api\Jira.Api\Jira.Api.csproj::TargetFramework=net10.0]
C:\Users\DavidBond\source\repos\panoramicdata\Jira.Api\Jira.Api\Services\JiraRemoteTypes.cs(2199,30): warning CS1591: Missing XML comment for publicly visible type or member 'RemoteServerInfo.healthChecks' [C:\Users\DavidBond\source\repos\panoramicdata\Jira.Api\Jira.Api\Jira.Api.csproj::TargetFramework=net10.0]
C:\Users\DavidBond\source\repos\panoramicdata\Jira.Api\Jira.Api\Services\JiraRemoteTypes.cs(2202,15): warning CS1591: Missing XML comment for publicly visible type or member 'RemoteVotes' [C:\Users\DavidBond\source\repos\panoramicdata\Jira.Api\Jira.Api\Jira.Api.csproj::TargetFramework=net10.0]
C:\Users\DavidBond\source\repos\panoramicdata\Jira.Api\Jira.Api\Services\JiraRemoteTypes.cs(2204,15): warning CS1591: Missing XML comment for publicly visible type or member 'RemoteVotes.votes' [C:\Users\DavidBond\source\repos\panoramicdata\Jira.Api\Jira.Api\Jira.Api.csproj::TargetFramework=net10.0]
C:\Users\DavidBond\source\repos\panoramicdata\Jira.Api\Jira.Api\Services\JiraRemoteTypes.cs(2206,15): warning CS1591: Missing XML comment for publicly visible type or member 'RemoteVotes.hasVoted' [C:\Users\DavidBond\source\repos\panoramicdata\Jira.Api\Jira.Api\Jira.Api.csproj::TargetFramework=net10.0]
C:\Users\DavidBond\source\repos\panoramicdata\Jira.Api\Jira.Api\Services\JiraRemoteTypes.cs(2209,15): warning CS1591: Missing XML comment for publicly visible type or member 'RemoteCommentProperty' [C:\Users\DavidBond\source\repos\panoramicdata\Jira.Api\Jira.Api\Jira.Api.csproj::TargetFramework=net10.0]
C:\Users\DavidBond\source\repos\panoramicdata\Jira.Api\Jira.Api\Services\JiraRemoteTypes.cs(2211,17): warning CS1591: Missing XML comment for publicly visible type or member 'RemoteCommentProperty.key' [C:\Users\DavidBond\source\repos\panoramicdata\Jira.Api\Jira.Api\Jira.Api.csproj::TargetFramework=net10.0]
C:\Users\DavidBond\source\repos\panoramicdata\Jira.Api\Jira.Api\Services\JiraRemoteTypes.cs(2212,17): warning CS1591: Missing XML comment for publicly visible type or member 'RemoteCommentProperty.value' [C:\Users\DavidBond\source\repos\panoramicdata\Jira.Api\Jira.Api\Jira.Api.csproj::TargetFramework=net10.0]
C:\Users\DavidBond\source\repos\panoramicdata\Jira.Api\Jira.Api\Services\JiraRemoteTypes.cs(2215,15): warning CS1591: Missing XML comment for publicly visible type or member 'RemoteEntityProperty' [C:\Users\DavidBond\source\repos\panoramicdata\Jira.Api\Jira.Api\Jira.Api.csproj::TargetFramework=net10.0]
C:\Users\DavidBond\source\repos\panoramicdata\Jira.Api\Jira.Api\Services\JiraRemoteTypes.cs(2217,17): warning CS1591: Missing XML comment for publicly visible type or member 'RemoteEntityProperty.key' [C:\Users\DavidBond\source\repos\panoramicdata\Jira.Api\Jira.Api\Jira.Api.csproj::TargetFramework=net10.0]
C:\Users\DavidBond\source\repos\panoramicdata\Jira.Api\Jira.Api\Services\JiraRemoteTypes.cs(2218,17): warning CS1591: Missing XML comment for publicly visible type or member 'RemoteEntityProperty.value' [C:\Users\DavidBond\source\repos\panoramicdata\Jira.Api\Jira.Api\Jira.Api.csproj::TargetFramework=net10.0]
C:\Users\DavidBond\source\repos\panoramicdata\Jira.Api\Jira.Api\Services\JiraRemoteTypes.cs(2221,15): warning CS1591: Missing XML comment for publicly visible type or member 'RemoteEntityPropertyReference' [C:\Users\DavidBond\source\repos\panoramicdata\Jira.Api\Jira.Api\Jira.Api.csproj::TargetFramework=net10.0]
C:\Users\DavidBond\source\repos\panoramicdata\Jira.Api\Jira.Api\Services\JiraRemoteTypes.cs(2223,17): warning CS1591: Missing XML comment for publicly visible type or member 'RemoteEntityPropertyReference.self' [C:\Users\DavidBond\source\repos\panoramicdata\Jira.Api\Jira.Api\Jira.Api.csproj::TargetFramework=net10.0]
C:\Users\DavidBond\source\repos\panoramicdata\Jira.Api\Jira.Api\Services\JiraRemoteTypes.cs(2224,17): warning CS1591: Missing XML comment for publicly visible type or member 'RemoteEntityPropertyReference.key' [C:\Users\DavidBond\source\repos\panoramicdata\Jira.Api\Jira.Api\Jira.Api.csproj::TargetFramework=net10.0]
C:\Users\DavidBond\source\repos\panoramicdata\Jira.Api\Jira.Api\Services\JiraRemoteTypes.cs(2227,15): warning CS1591: Missing XML comment for publicly visible type or member 'RemoteScreenTab' [C:\Users\DavidBond\source\repos\panoramicdata\Jira.Api\Jira.Api\Jira.Api.csproj::TargetFramework=net10.0]
C:\Users\DavidBond\source\repos\panoramicdata\Jira.Api\Jira.Api\Services\JiraRemoteTypes.cs(2231,15): warning CS1591: Missing XML comment for publicly visible type or member 'RemoteScreenField' [C:\Users\DavidBond\source\repos\panoramicdata\Jira.Api\Jira.Api\Jira.Api.csproj::TargetFramework=net10.0]
C:\Users\DavidBond\source\repos\panoramicdata\Jira.Api\Jira.Api\Services\JiraRemoteTypes.cs(2233,17): warning CS1591: Missing XML comment for publicly visible type or member 'RemoteScreenField.type' [C:\Users\DavidBond\source\repos\panoramicdata\Jira.Api\Jira.Api\Jira.Api.csproj::TargetFramework=net10.0]
C:\Users\DavidBond\source\repos\panoramicdata\Jira.Api\Jira.Api\Services\JiraRemoteTypes.cs(2242,17): warning CS1591: Missing XML comment for publicly visible type or member 'RemoteWorkflow.Name' [C:\Users\DavidBond\source\repos\panoramicdata\Jira.Api\Jira.Api\Jira.Api.csproj::TargetFramework=net10.0]
C:\Users\DavidBond\source\repos\panoramicdata\Jira.Api\Jira.Api\Services\JiraRemoteTypes.cs(2245,18): warning CS1591: Missing XML comment for publicly visible type or member 'RemoteWorkflow.Description' [C:\Users\DavidBond\source\repos\panoramicdata\Jira.Api\Jira.Api\Jira.Api.csproj::TargetFramework=net10.0]
C:\Users\DavidBond\source\repos\panoramicdata\Jira.Api\Jira.Api\Services\JiraRemoteTypes.cs(2248,18): warning CS1591: Missing XML comment for publicly visible type or member 'RemoteWorkflow.LastModifiedDate' [C:\Users\DavidBond\source\repos\panoramicdata\Jira.Api\Jira.Api\Jira.Api.csproj::TargetFramework=net10.0]
C:\Users\DavidBond\source\repos\panoramicdata\Jira.Api\Jira.Api\Services\JiraRemoteTypes.cs(2251,18): warning CS1591: Missing XML comment for publicly visible type or member 'RemoteWorkflow.LastModifiedUser' [C:\Users\DavidBond\source\repos\panoramicdata\Jira.Api\Jira.Api\Jira.Api.csproj::TargetFramework=net10.0]
C:\Users\DavidBond\source\repos\panoramicdata\Jira.Api\Jira.Api\Services\JiraRemoteTypes.cs(2254,18): warning CS1591: Missing XML comment for publicly visible type or member 'RemoteWorkflow.LastModifiedUserAccountId' [C:\Users\DavidBond\source\repos\panoramicdata\Jira.Api\Jira.Api\Jira.Api.csproj::TargetFramework=net10.0]
C:\Users\DavidBond\source\repos\panoramicdata\Jira.Api\Jira.Api\Services\JiraRemoteTypes.cs(2257,14): warning CS1591: Missing XML comment for publicly visible type or member 'RemoteWorkflow.Steps' [C:\Users\DavidBond\source\repos\panoramicdata\Jira.Api\Jira.Api\Jira.Api.csproj::TargetFramework=net10.0]
C:\Users\DavidBond\source\repos\panoramicdata\Jira.Api\Jira.Api\Services\JiraRemoteTypes.cs(2260,15): warning CS1591: Missing XML comment for publicly visible type or member 'RemoteWorkflow.IsDefault' [C:\Users\DavidBond\source\repos\panoramicdata\Jira.Api\Jira.Api\Jira.Api.csproj::TargetFramework=net10.0]
C:\Users\DavidBond\source\repos\panoramicdata\Jira.Api\Jira.Api\Services\JiraRemoteTypes.cs(2269,17): warning CS1591: Missing XML comment for publicly visible type or member 'RemoteWorkflowScheme.Id' [C:\Users\DavidBond\source\repos\panoramicdata\Jira.Api\Jira.Api\Jira.Api.csproj::TargetFramework=net10.0]
C:\Users\DavidBond\source\repos\panoramicdata\Jira.Api\Jira.Api\Services\JiraRemoteTypes.cs(2272,18): warning CS1591: Missing XML comment for publicly visible type or member 'RemoteWorkflowScheme.Name' [C:\Users\DavidBond\source\repos\panoramicdata\Jira.Api\Jira.Api\Jira.Api.csproj::TargetFramework=net10.0]
C:\Users\DavidBond\source\repos\panoramicdata\Jira.Api\Jira.Api\Services\JiraRemoteTypes.cs(2275,18): warning CS1591: Missing XML comment for publicly visible type or member 'RemoteWorkflowScheme.Description' [C:\Users\DavidBond\source\repos\panoramicdata\Jira.Api\Jira.Api\Jira.Api.csproj::TargetFramework=net10.0]
C:\Users\DavidBond\source\repos\panoramicdata\Jira.Api\Jira.Api\Services\JiraRemoteTypes.cs(2278,18): warning CS1591: Missing XML comment for publicly visible type or member 'RemoteWorkflowScheme.DefaultWorkflow' [C:\Users\DavidBond\source\repos\panoramicdata\Jira.Api\Jira.Api\Jira.Api.csproj::TargetFramework=net10.0]
C:\Users\DavidBond\source\repos\panoramicdata\Jira.Api\Jira.Api\Services\JiraRemoteTypes.cs(2281,39): warning CS1591: Missing XML comment for publicly visible type or member 'RemoteWorkflowScheme.IssueTypeMappings' [C:\Users\DavidBond\source\repos\panoramicdata\Jira.Api\Jira.Api\Jira.Api.csproj::TargetFramework=net10.0]
C:\Users\DavidBond\source\repos\panoramicdata\Jira.Api\Jira.Api\Services\JiraRemoteTypes.cs(2284,15): warning CS1591: Missing XML comment for publicly visible type or member 'RemoteWorkflowScheme.IsDraft' [C:\Users\DavidBond\source\repos\panoramicdata\Jira.Api\Jira.Api\Jira.Api.csproj::TargetFramework=net10.0]
C:\Users\DavidBond\source\repos\panoramicdata\Jira.Api\Jira.Api\Services\JiraRemoteTypes.cs(2287,18): warning CS1591: Missing XML comment for publicly visible type or member 'RemoteWorkflowScheme.Self' [C:\Users\DavidBond\source\repos\panoramicdata\Jira.Api\Jira.Api\Jira.Api.csproj::TargetFramework=net10.0]
C:\Users\DavidBond\source\repos\panoramicdata\Jira.Api\Jira.Api\Services\JiraRemoteTypes.cs(2296,18): warning CS1591: Missing XML comment for publicly visible type or member 'RemoteProjectStatusesByIssueType.Self' [C:\Users\DavidBond\source\repos\panoramicdata\Jira.Api\Jira.Api\Jira.Api.csproj::TargetFramework=net10.0]
C:\Users\DavidBond\source\repos\panoramicdata\Jira.Api\Jira.Api\Services\JiraRemoteTypes.cs(2299,18): warning CS1591: Missing XML comment for publicly visible type or member 'RemoteProjectStatusesByIssueType.Id' [C:\Users\DavidBond\source\repos\panoramicdata\Jira.Api\Jira.Api\Jira.Api.csproj::TargetFramework=net10.0]
C:\Users\DavidBond\source\repos\panoramicdata\Jira.Api\Jira.Api\Services\JiraRemoteTypes.cs(2302,18): warning CS1591: Missing XML comment for publicly visible type or member 'RemoteProjectStatusesByIssueType.Name' [C:\Users\DavidBond\source\repos\panoramicdata\Jira.Api\Jira.Api\Jira.Api.csproj::TargetFramework=net10.0]
C:\Users\DavidBond\source\repos\panoramicdata\Jira.Api\Jira.Api\Services\JiraRemoteTypes.cs(2305,15): warning CS1591: Missing XML comment for publicly visible type or member 'RemoteProjectStatusesByIssueType.Subtask' [C:\Users\DavidBond\source\repos\panoramicdata\Jira.Api\Jira.Api\Jira.Api.csproj::TargetFramework=net10.0]
C:\Users\DavidBond\source\repos\panoramicdata\Jira.Api\Jira.Api\Services\JiraRemoteTypes.cs(2308,26): warning CS1591: Missing XML comment for publicly visible type or member 'RemoteProjectStatusesByIssueType.Statuses' [C:\Users\DavidBond\source\repos\panoramicdata\Jira.Api\Jira.Api\Jira.Api.csproj::TargetFramework=net10.0]
C:\Users\DavidBond\source\repos\panoramicdata\Jira.Api\Jira.Api\Services\JiraRemoteTypes.cs(2318,14): warning CS1591: Missing XML comment for publicly visible type or member 'RemotePagedResult<T>.StartAt' [C:\Users\DavidBond\source\repos\panoramicdata\Jira.Api\Jira.Api\Jira.Api.csproj::TargetFramework=net10.0]
C:\Users\DavidBond\source\repos\panoramicdata\Jira.Api\Jira.Api\Services\JiraRemoteTypes.cs(2321,14): warning CS1591: Missing XML comment for publicly visible type or member 'RemotePagedResult<T>.MaxResults' [C:\Users\DavidBond\source\repos\panoramicdata\Jira.Api\Jira.Api\Jira.Api.csproj::TargetFramework=net10.0]
C:\Users\DavidBond\source\repos\panoramicdata\Jira.Api\Jira.Api\Services\JiraRemoteTypes.cs(2324,14): warning CS1591: Missing XML comment for publicly visible type or member 'RemotePagedResult<T>.Total' [C:\Users\DavidBond\source\repos\panoramicdata\Jira.Api\Jira.Api\Jira.Api.csproj::TargetFramework=net10.0]
C:\Users\DavidBond\source\repos\panoramicdata\Jira.Api\Jira.Api\Services\JiraRemoteTypes.cs(2327,15): warning CS1591: Missing XML comment for publicly visible type or member 'RemotePagedResult<T>.Values' [C:\Users\DavidBond\source\repos\panoramicdata\Jira.Api\Jira.Api\Jira.Api.csproj::TargetFramework=net10.0]
C:\Users\DavidBond\source\repos\panoramicdata\Jira.Api\Jira.Api\Services\JiraRemoteTypes.cs(1666,3): warning CS1587: XML comment is not placed on a valid language element [C:\Users\DavidBond\source\repos\panoramicdata\Jira.Api\Jira.Api\Jira.Api.csproj::TargetFramework=net10.0]
Test run for C:\Users\DavidBond\source\repos\panoramicdata\Jira.Api\Jira.Api.Test\bin\Debug\net10.0\Jira.Api.Test.dll (.NETCoreApp,Version=v10.0)
VSTest version 18.0.1 (x64)

Starting test execution, please wait...
A total of 1 test files matched the specified pattern.
[xUnit.net 00:00:04.33]     Jira.Api.Test.ServiceLocatorTest.UserCanProvideCustomProjectComponentsService [FAIL]
[xUnit.net 00:00:04.34]     Jira.Api.Test.IssueTest+GetUpdatedFields.IfIssueTypeWithName_ReturnsFieldWithIdInferred [FAIL]
[xUnit.net 00:00:04.34]     Jira.Api.Test.IssueTest+GetUpdatedFields.IfComparable_ReturnsFieldsThatChanged [FAIL]
[xUnit.net 00:00:04.34]     Jira.Api.Test.IssueTest+GetUpdatedFields.IfIssueTypeWithNameNotChanged_ReturnsNoFieldsChanged [FAIL]
[xUnit.net 00:00:04.35]     Jira.Api.Test.IssueTest+GetUpdatedFields.IfComparableEqual_ReturnNoFieldsThatChanged [FAIL]
[xUnit.net 00:00:04.35]     Jira.Api.Test.IssueTest+GetUpdatedFields.ReturnsCustomFieldsAdded [FAIL]
[xUnit.net 00:00:04.35]     Jira.Api.Test.IssueTest+GetUpdatedFields.IfIssueTypeWithId_ReturnField [FAIL]
[xUnit.net 00:00:04.37]     Jira.Api.Test.IssueTest+GetUpdatedFields.IfString_ReturnAllFieldsThatChanged [FAIL]
[xUnit.net 00:00:04.37]     Jira.Api.Test.IssueTest+GetUpdatedFields.ReturnsCustomFieldThatWasModified [FAIL]
[xUnit.net 00:00:04.72]     Jira.Api.Test.IssueTest+WorkflowTransition.IfTransitionNotFound_ShouldThrowAnException [FAIL]

Failed!  - Failed:    10, Passed:    91, Skipped:     0, Total:   101, Duration: 1 s - Jira.Api.Test.dll (net10.0)
